Archive member included to satisfy reference by file (symbol)

/Applications/STM32CubeIDE.app/Contents/Eclipse/plugins/com.st.stm32cube.ide.mcu.externaltools.gnu-tools-for-stm32.10.3-2021.10.macos64_1.0.100.202210260954/tools/bin/../lib/gcc/arm-none-eabi/10.3.1/../../../../arm-none-eabi/lib/thumb/v6-m/nofp/libc_nano.a(lib_a-errno.o)
                              ./Core/Src/syscalls.o (__errno)
/Applications/STM32CubeIDE.app/Contents/Eclipse/plugins/com.st.stm32cube.ide.mcu.externaltools.gnu-tools-for-stm32.10.3-2021.10.macos64_1.0.100.202210260954/tools/bin/../lib/gcc/arm-none-eabi/10.3.1/../../../../arm-none-eabi/lib/thumb/v6-m/nofp/libc_nano.a(lib_a-exit.o)
                              /Applications/STM32CubeIDE.app/Contents/Eclipse/plugins/com.st.stm32cube.ide.mcu.externaltools.gnu-tools-for-stm32.10.3-2021.10.macos64_1.0.100.202210260954/tools/bin/../lib/gcc/arm-none-eabi/10.3.1/../../../../arm-none-eabi/lib/thumb/v6-m/nofp/crt0.o (exit)
/Applications/STM32CubeIDE.app/Contents/Eclipse/plugins/com.st.stm32cube.ide.mcu.externaltools.gnu-tools-for-stm32.10.3-2021.10.macos64_1.0.100.202210260954/tools/bin/../lib/gcc/arm-none-eabi/10.3.1/../../../../arm-none-eabi/lib/thumb/v6-m/nofp/libc_nano.a(lib_a-impure.o)
                              /Applications/STM32CubeIDE.app/Contents/Eclipse/plugins/com.st.stm32cube.ide.mcu.externaltools.gnu-tools-for-stm32.10.3-2021.10.macos64_1.0.100.202210260954/tools/bin/../lib/gcc/arm-none-eabi/10.3.1/../../../../arm-none-eabi/lib/thumb/v6-m/nofp/libc_nano.a(lib_a-exit.o) (_global_impure_ptr)
/Applications/STM32CubeIDE.app/Contents/Eclipse/plugins/com.st.stm32cube.ide.mcu.externaltools.gnu-tools-for-stm32.10.3-2021.10.macos64_1.0.100.202210260954/tools/bin/../lib/gcc/arm-none-eabi/10.3.1/../../../../arm-none-eabi/lib/thumb/v6-m/nofp/libc_nano.a(lib_a-init.o)
                              /Applications/STM32CubeIDE.app/Contents/Eclipse/plugins/com.st.stm32cube.ide.mcu.externaltools.gnu-tools-for-stm32.10.3-2021.10.macos64_1.0.100.202210260954/tools/bin/../lib/gcc/arm-none-eabi/10.3.1/../../../../arm-none-eabi/lib/thumb/v6-m/nofp/crt0.o (__libc_init_array)
/Applications/STM32CubeIDE.app/Contents/Eclipse/plugins/com.st.stm32cube.ide.mcu.externaltools.gnu-tools-for-stm32.10.3-2021.10.macos64_1.0.100.202210260954/tools/bin/../lib/gcc/arm-none-eabi/10.3.1/../../../../arm-none-eabi/lib/thumb/v6-m/nofp/libc_nano.a(lib_a-memset.o)
                              /Applications/STM32CubeIDE.app/Contents/Eclipse/plugins/com.st.stm32cube.ide.mcu.externaltools.gnu-tools-for-stm32.10.3-2021.10.macos64_1.0.100.202210260954/tools/bin/../lib/gcc/arm-none-eabi/10.3.1/../../../../arm-none-eabi/lib/thumb/v6-m/nofp/crt0.o (memset)
/Applications/STM32CubeIDE.app/Contents/Eclipse/plugins/com.st.stm32cube.ide.mcu.externaltools.gnu-tools-for-stm32.10.3-2021.10.macos64_1.0.100.202210260954/tools/bin/../lib/gcc/arm-none-eabi/10.3.1/../../../../arm-none-eabi/lib/thumb/v6-m/nofp/libc_nano.a(lib_a-sprintf.o)
                              ./ILI9488_driver/uart.o (sprintf)
/Applications/STM32CubeIDE.app/Contents/Eclipse/plugins/com.st.stm32cube.ide.mcu.externaltools.gnu-tools-for-stm32.10.3-2021.10.macos64_1.0.100.202210260954/tools/bin/../lib/gcc/arm-none-eabi/10.3.1/../../../../arm-none-eabi/lib/thumb/v6-m/nofp/libc_nano.a(lib_a-nano-svfprintf.o)
                              /Applications/STM32CubeIDE.app/Contents/Eclipse/plugins/com.st.stm32cube.ide.mcu.externaltools.gnu-tools-for-stm32.10.3-2021.10.macos64_1.0.100.202210260954/tools/bin/../lib/gcc/arm-none-eabi/10.3.1/../../../../arm-none-eabi/lib/thumb/v6-m/nofp/libc_nano.a(lib_a-sprintf.o) (_svfprintf_r)
/Applications/STM32CubeIDE.app/Contents/Eclipse/plugins/com.st.stm32cube.ide.mcu.externaltools.gnu-tools-for-stm32.10.3-2021.10.macos64_1.0.100.202210260954/tools/bin/../lib/gcc/arm-none-eabi/10.3.1/../../../../arm-none-eabi/lib/thumb/v6-m/nofp/libc_nano.a(lib_a-nano-vfprintf_i.o)
                              /Applications/STM32CubeIDE.app/Contents/Eclipse/plugins/com.st.stm32cube.ide.mcu.externaltools.gnu-tools-for-stm32.10.3-2021.10.macos64_1.0.100.202210260954/tools/bin/../lib/gcc/arm-none-eabi/10.3.1/../../../../arm-none-eabi/lib/thumb/v6-m/nofp/libc_nano.a(lib_a-nano-svfprintf.o) (_printf_i)
/Applications/STM32CubeIDE.app/Contents/Eclipse/plugins/com.st.stm32cube.ide.mcu.externaltools.gnu-tools-for-stm32.10.3-2021.10.macos64_1.0.100.202210260954/tools/bin/../lib/gcc/arm-none-eabi/10.3.1/../../../../arm-none-eabi/lib/thumb/v6-m/nofp/libc_nano.a(lib_a-memchr-stub.o)
                              /Applications/STM32CubeIDE.app/Contents/Eclipse/plugins/com.st.stm32cube.ide.mcu.externaltools.gnu-tools-for-stm32.10.3-2021.10.macos64_1.0.100.202210260954/tools/bin/../lib/gcc/arm-none-eabi/10.3.1/../../../../arm-none-eabi/lib/thumb/v6-m/nofp/libc_nano.a(lib_a-nano-svfprintf.o) (memchr)
[...]
Memory Configuration

Name             Origin             Length             Attributes
RAM              0x0000000020000000 0x0000000000002000 xrw
FLASH            0x0000000008000000 0x0000000000010000 xr
*default*        0x0000000000000000 0xffffffffffffffff

Linker script and memory map

LOAD /Applications/STM32CubeIDE.app/Contents/Eclipse/plugins/com.st.stm32cube.ide.mcu.externaltools.gnu-tools-for-stm32.10.3-2021.10.macos64_1.0.100.202210260954/tools/bin/../lib/gcc/arm-none-eabi/10.3.1/thumb/v6-m/nofp/crti.o
LOAD /Applications/STM32CubeIDE.app/Contents/Eclipse/plugins/com.st.stm32cube.ide.mcu.externaltools.gnu-tools-for-stm32.10.3-2021.10.macos64_1.0.100.202210260954/tools/bin/../lib/gcc/arm-none-eabi/10.3.1/thumb/v6-m/nofp/crtbegin.o
LOAD /Applications/STM32CubeIDE.app/Contents/Eclipse/plugins/com.st.stm32cube.ide.mcu.externaltools.gnu-tools-for-stm32.10.3-2021.10.macos64_1.0.100.202210260954/tools/bin/../lib/gcc/arm-none-eabi/10.3.1/../../../../arm-none-eabi/lib/thumb/v6-m/nofp/crt0.o
LOAD ./Core/Src/fatfs_sd.o
LOAD ./Core/Src/main.o
LOAD ./Core/Src/stm32f0xx_hal_msp.o
LOAD ./Core/Src/stm32f0xx_it.o
LOAD ./Core/Src/syscalls.o
LOAD ./Core/Src/sysmem.o
LOAD ./Core/Src/system_stm32f0xx.o
LOAD ./Core/Startup/startup_stm32f030c8tx.o
LOAD ./Drivers/STM32F0xx_HAL_Driver/Src/stm32f0xx_hal.o
LOAD ./Drivers/STM32F0xx_HAL_Driver/Src/stm32f0xx_hal_adc.o
LOAD ./Drivers/STM32F0xx_HAL_Driver/Src/stm32f0xx_hal_adc_ex.o
LOAD ./Drivers/STM32F0xx_HAL_Driver/Src/stm32f0xx_hal_cortex.o
LOAD ./Drivers/STM32F0xx_HAL_Driver/Src/stm32f0xx_hal_dma.o
LOAD ./Drivers/STM32F0xx_HAL_Driver/Src/stm32f0xx_hal_exti.o
LOAD ./Drivers/STM32F0xx_HAL_Driver/Src/stm32f0xx_hal_flash.o
LOAD ./Drivers/STM32F0xx_HAL_Driver/Src/stm32f0xx_hal_flash_ex.o
LOAD ./Drivers/STM32F0xx_HAL_Driver/Src/stm32f0xx_hal_gpio.o
LOAD ./Drivers/STM32F0xx_HAL_Driver/Src/stm32f0xx_hal_i2c.o
LOAD ./Drivers/STM32F0xx_HAL_Driver/Src/stm32f0xx_hal_i2c_ex.o
LOAD ./Drivers/STM32F0xx_HAL_Driver/Src/stm32f0xx_hal_pwr.o
LOAD ./Drivers/STM32F0xx_HAL_Driver/Src/stm32f0xx_hal_pwr_ex.o
LOAD ./Drivers/STM32F0xx_HAL_Driver/Src/stm32f0xx_hal_rcc.o
LOAD ./Drivers/STM32F0xx_HAL_Driver/Src/stm32f0xx_hal_rcc_ex.o
LOAD ./Drivers/STM32F0xx_HAL_Driver/Src/stm32f0xx_hal_spi.o
LOAD ./Drivers/STM32F0xx_HAL_Driver/Src/stm32f0xx_hal_spi_ex.o
LOAD ./Drivers/STM32F0xx_HAL_Driver/Src/stm32f0xx_hal_tim.o
LOAD ./Drivers/STM32F0xx_HAL_Driver/Src/stm32f0xx_hal_tim_ex.o
LOAD ./Drivers/STM32F0xx_HAL_Driver/Src/stm32f0xx_hal_uart.o
LOAD ./Drivers/STM32F0xx_HAL_Driver/Src/stm32f0xx_hal_uart_ex.o
LOAD ./FATFS/App/fatfs.o
LOAD ./FATFS/Target/user_diskio.o
LOAD ./ILI9488_driver/app.o
LOAD ./ILI9488_driver/file.o
LOAD ./ILI9488_driver/ili9488.o
LOAD ./ILI9488_driver/uart.o
LOAD ./Middlewares/Third_Party/FatFs/src/diskio.o
LOAD ./Middlewares/Third_Party/FatFs/src/ff.o
LOAD ./Middlewares/Third_Party/FatFs/src/ff_gen_drv.o
LOAD ./Middlewares/Third_Party/FatFs/src/option/ccsbcs.o
LOAD ./Middlewares/Third_Party/FatFs/src/option/syscall.o
START GROUP
LOAD /Applications/STM32CubeIDE.app/Contents/Eclipse/plugins/com.st.stm32cube.ide.mcu.externaltools.gnu-tools-for-stm32.10.3-2021.10.macos64_1.0.100.202210260954/tools/bin/../lib/gcc/arm-none-eabi/10.3.1/../../../../arm-none-eabi/lib/thumb/v6-m/nofp/libstdc++_nano.a
LOAD /Applications/STM32CubeIDE.app/Contents/Eclipse/plugins/com.st.stm32cube.ide.mcu.externaltools.gnu-tools-for-stm32.10.3-2021.10.macos64_1.0.100.202210260954/tools/bin/../lib/gcc/arm-none-eabi/10.3.1/../../../../arm-none-eabi/lib/thumb/v6-m/nofp/libsupc++_nano.a
END GROUP
LOAD /Applications/STM32CubeIDE.app/Contents/Eclipse/plugins/com.st.stm32cube.ide.mcu.externaltools.gnu-tools-for-stm32.10.3-2021.10.macos64_1.0.100.202210260954/tools/bin/../lib/gcc/arm-none-eabi/10.3.1/../../../../arm-none-eabi/lib/thumb/v6-m/nofp/libstdc++_nano.a
LOAD /Applications/STM32CubeIDE.app/Contents/Eclipse/plugins/com.st.stm32cube.ide.mcu.externaltools.gnu-tools-for-stm32.10.3-2021.10.macos64_1.0.100.202210260954/tools/bin/../lib/gcc/arm-none-eabi/10.3.1/../../../../arm-none-eabi/lib/thumb/v6-m/nofp/libm.a
LOAD /Applications/STM32CubeIDE.app/Contents/Eclipse/plugins/com.st.stm32cube.ide.mcu.externaltools.gnu-tools-for-stm32.10.3-2021.10.macos64_1.0.100.202210260954/tools/bin/../lib/gcc/arm-none-eabi/10.3.1/../../../../arm-none-eabi/lib/thumb/v6-m/nofp/libc_nano.a
START GROUP
LOAD /Applications/STM32CubeIDE.app/Contents/Eclipse/plugins/com.st.stm32cube.ide.mcu.externaltools.gnu-tools-for-stm32.10.3-2021.10.macos64_1.0.100.202210260954/tools/bin/../lib/gcc/arm-none-eabi/10.3.1/thumb/v6-m/nofp/libgcc.a
LOAD /Applications/STM32CubeIDE.app/Contents/Eclipse/plugins/com.st.stm32cube.ide.mcu.externaltools.gnu-tools-for-stm32.10.3-2021.10.macos64_1.0.100.202210260954/tools/bin/../lib/gcc/arm-none-eabi/10.3.1/../../../../arm-none-eabi/lib/thumb/v6-m/nofp/libc_nano.a
END GROUP
START GROUP
LOAD /Applications/STM32CubeIDE.app/Contents/Eclipse/plugins/com.st.stm32cube.ide.mcu.externaltools.gnu-tools-for-stm32.10.3-2021.10.macos64_1.0.100.202210260954/tools/bin/../lib/gcc/arm-none-eabi/10.3.1/thumb/v6-m/nofp/libgcc.a
LOAD /Applications/STM32CubeIDE.app/Contents/Eclipse/plugins/com.st.stm32cube.ide.mcu.externaltools.gnu-tools-for-stm32.10.3-2021.10.macos64_1.0.100.202210260954/tools/bin/../lib/gcc/arm-none-eabi/10.3.1/../../../../arm-none-eabi/lib/thumb/v6-m/nofp/libc_nano.a
LOAD /Applications/STM32CubeIDE.app/Contents/Eclipse/plugins/com.st.stm32cube.ide.mcu.externaltools.gnu-tools-for-stm32.10.3-2021.10.macos64_1.0.100.202210260954/tools/bin/../lib/gcc/arm-none-eabi/10.3.1/../../../../arm-none-eabi/lib/thumb/v6-m/nofp/libnosys.a
END GROUP
START GROUP
LOAD /Applications/STM32CubeIDE.app/Contents/Eclipse/plugins/com.st.stm32cube.ide.mcu.externaltools.gnu-tools-for-stm32.10.3-2021.10.macos64_1.0.100.202210260954/tools/bin/../lib/gcc/arm-none-eabi/10.3.1/thumb/v6-m/nofp/libgcc.a
LOAD /Applications/STM32CubeIDE.app/Contents/Eclipse/plugins/com.st.stm32cube.ide.mcu.externaltools.gnu-tools-for-stm32.10.3-2021.10.macos64_1.0.100.202210260954/tools/bin/../lib/gcc/arm-none-eabi/10.3.1/../../../../arm-none-eabi/lib/thumb/v6-m/nofp/libc_nano.a
LOAD /Applications/STM32CubeIDE.app/Contents/Eclipse/plugins/com.st.stm32cube.ide.mcu.externaltools.gnu-tools-for-stm32.10.3-2021.10.macos64_1.0.100.202210260954/tools/bin/../lib/gcc/arm-none-eabi/10.3.1/../../../../arm-none-eabi/lib/thumb/v6-m/nofp/libnosys.a
END GROUP
LOAD /Applications/STM32CubeIDE.app/Contents/Eclipse/plugins/com.st.stm32cube.ide.mcu.externaltools.gnu-tools-for-stm32.10.3-2021.10.macos64_1.0.100.202210260954/tools/bin/../lib/gcc/arm-none-eabi/10.3.1/thumb/v6-m/nofp/crtend.o
LOAD /Applications/STM32CubeIDE.app/Contents/Eclipse/plugins/com.st.stm32cube.ide.mcu.externaltools.gnu-tools-for-stm32.10.3-2021.10.macos64_1.0.100.202210260954/tools/bin/../lib/gcc/arm-none-eabi/10.3.1/thumb/v6-m/nofp/crtn.o
                0x0000000020002000                _estack = (ORIGIN (RAM) + LENGTH (RAM))
                0x0000000000000200                _Min_Heap_Size = 0x200
                0x0000000000000400                _Min_Stack_Size = 0x400

.isr_vector     0x0000000008000000       0xc0
                0x0000000008000000                . = ALIGN (0x4)
 *(.isr_vector)
 .isr_vector    0x0000000008000000       0xc0 ./Core/Startup/startup_stm32f030c8tx.o
                0x0000000008000000                g_pfnVectors
                0x00000000080000c0                . = ALIGN (0x4)

.text           0x00000000080000c0     0xae68
                0x00000000080000c0                . = ALIGN (0x4)
 *(.text)
 .text          0x00000000080000c0       0x48 /Applications/STM32CubeIDE.app/Contents/Eclipse/plugins/com.st.stm32cube.ide.mcu.externaltools.gnu-tools-for-stm32.10.3-2021.10.macos64_1.0.100.202210260954/tools/bin/../lib/gcc/arm-none-eabi/10.3.1/thumb/v6-m/nofp/crtbegin.o
 .text          0x0000000008000108       0x14 /Applications/STM32CubeIDE.app/Contents/Eclipse/plugins/com.st.stm32cube.ide.mcu.externaltools.gnu-tools-for-stm32.10.3-2021.10.macos64_1.0.100.202210260954/tools/bin/../lib/gcc/arm-none-eabi/10.3.1/thumb/v6-m/nofp/libgcc.a(_thumb1_case_shi.o)
                0x0000000008000108                __gnu_thumb1_case_shi
 .text          0x000000000800011c      0x114 /Applications/STM32CubeIDE.app/Contents/Eclipse/plugins/com.st.stm32cube.ide.mcu.externaltools.gnu-tools-for-stm32.10.3-2021.10.macos64_1.0.100.202210260954/tools/bin/../lib/gcc/arm-none-eabi/10.3.1/thumb/v6-m/nofp/libgcc.a(_udivsi3.o)
                0x000000000800011c                __udivsi3
                0x000000000800011c                __aeabi_uidiv
                0x0000000008000228                __aeabi_uidivmod
 .text          0x0000000008000230        0x4 /Applications/STM32CubeIDE.app/Contents/Eclipse/plugins/com.st.stm32cube.ide.mcu.externaltools.gnu-tools-for-stm32.10.3-2021.10.macos64_1.0.100.202210260954/tools/bin/../lib/gcc/arm-none-eabi/10.3.1/thumb/v6-m/nofp/libgcc.a(_dvmd_tls.o)
                0x0000000008000230                __aeabi_ldiv0
                0x0000000008000230                __aeabi_idiv0
 .text          0x0000000008000234       0x3c /Applications/STM32CubeIDE.app/Contents/Eclipse/plugins/com.st.stm32cube.ide.mcu.externaltools.gnu-tools-for-stm32.10.3-2021.10.macos64_1.0.100.202210260954/tools/bin/../lib/gcc/arm-none-eabi/10.3.1/thumb/v6-m/nofp/libgcc.a(_fixunsdfsi.o)
                0x0000000008000234                __fixunsdfsi
                0x0000000008000234                __aeabi_d2uiz
 .text          0x0000000008000270      0x5ec /Applications/STM32CubeIDE.app/Contents/Eclipse/plugins/com.st.stm32cube.ide.mcu.externaltools.gnu-tools-for-stm32.10.3-2021.10.macos64_1.0.100.202210260954/tools/bin/../lib/gcc/arm-none-eabi/10.3.1/thumb/v6-m/nofp/libgcc.a(divdf3.o)
                0x0000000008000270                __aeabi_ddiv
 .text          0x000000000800085c      0x4d8 /Applications/STM32CubeIDE.app/Contents/Eclipse/plugins/com.st.stm32cube.ide.mcu.externaltools.gnu-tools-for-stm32.10.3-2021.10.macos64_1.0.100.202210260954/tools/bin/../lib/gcc/arm-none-eabi/10.3.1/thumb/v6-m/nofp/libgcc.a(muldf3.o)
                0x000000000800085c                __aeabi_dmul
 .text          0x0000000008000d34      0x724 /Applications/STM32CubeIDE.app/Contents/Eclipse/plugins/com.st.stm32cube.ide.mcu.externaltools.gnu-tools-for-stm32.10.3-2021.10.macos64_1.0.100.202210260954/tools/bin/../lib/gcc/arm-none-eabi/10.3.1/thumb/v6-m/nofp/libgcc.a(subdf3.o)
                0x0000000008000d34                __aeabi_dsub
 .text          0x0000000008001458       0x6c /Applications/STM32CubeIDE.app/Contents/Eclipse/plugins/com.st.stm32cube.ide.mcu.externaltools.gnu-tools-for-stm32.10.3-2021.10.macos64_1.0.100.202210260954/tools/bin/../lib/gcc/arm-none-eabi/10.3.1/thumb/v6-m/nofp/libgcc.a(fixdfsi.o)
                0x0000000008001458                __aeabi_d2iz
 .text          0x00000000080014c4       0x4c /Applications/STM32CubeIDE.app/Contents/Eclipse/plugins/com.st.stm32cube.ide.mcu.externaltools.gnu-tools-for-stm32.10.3-2021.10.macos64_1.0.100.202210260954/tools/bin/../lib/gcc/arm-none-eabi/10.3.1/thumb/v6-m/nofp/libgcc.a(floatunsidf.o)
                0x00000000080014c4                __aeabi_ui2d
 .text          0x0000000008001510       0x7c /Applications/STM32CubeIDE.app/Contents/Eclipse/plugins/com.st.stm32cube.ide.mcu.externaltools.gnu-tools-for-stm32.10.3-2021.10.macos64_1.0.100.202210260954/tools/bin/../lib/gcc/arm-none-eabi/10.3.1/thumb/v6-m/nofp/libgcc.a(_arm_cmpdf2.o)
                0x0000000008001510                __aeabi_cdrcmple
                0x0000000008001520                __aeabi_cdcmple
                0x0000000008001520                __aeabi_cdcmpeq
                0x0000000008001530                __aeabi_dcmpeq
                0x000000000800153c                __aeabi_dcmplt
                0x0000000008001550                __aeabi_dcmple
                0x0000000008001564                __aeabi_dcmpgt
                0x0000000008001578                __aeabi_dcmpge
 .text          0x000000000800158c       0x3c /Applications/STM32CubeIDE.app/Contents/Eclipse/plugins/com.st.stm32cube.ide.mcu.externaltools.gnu-tools-for-stm32.10.3-2021.10.macos64_1.0.100.202210260954/tools/bin/../lib/gcc/arm-none-eabi/10.3.1/thumb/v6-m/nofp/libgcc.a(_clzsi2.o)
                0x000000000800158c                __clzsi2
 .text          0x00000000080015c8       0x84 /Applications/STM32CubeIDE.app/Contents/Eclipse/plugins/com.st.stm32cube.ide.mcu.externaltools.gnu-tools-for-stm32.10.3-2021.10.macos64_1.0.100.202210260954/tools/bin/../lib/gcc/arm-none-eabi/10.3.1/thumb/v6-m/nofp/libgcc.a(eqdf2.o)
                0x00000000080015c8                __eqdf2
                0x00000000080015c8                __nedf2
 .text          0x000000000800164c       0xcc /Applications/STM32CubeIDE.app/Contents/Eclipse/plugins/com.st.stm32cube.ide.mcu.externaltools.gnu-tools-for-stm32.10.3-2021.10.macos64_1.0.100.202210260954/tools/bin/../lib/gcc/arm-none-eabi/10.3.1/thumb/v6-m/nofp/libgcc.a(gedf2.o)
                0x000000000800164c                __gtdf2
                0x000000000800164c                __gedf2
 .text          0x0000000008001718       0xc8 /Applications/STM32CubeIDE.app/Contents/Eclipse/plugins/com.st.stm32cube.ide.mcu.externaltools.gnu-tools-for-stm32.10.3-2021.10.macos64_1.0.100.202210260954/tools/bin/../lib/gcc/arm-none-eabi/10.3.1/thumb/v6-m/nofp/libgcc.a(ledf2.o)
                0x0000000008001718                __ltdf2
                0x0000000008001718                __ledf2
 *(.text*)
 .text.SELECT   0x00000000080017e0        0xa ./Core/Src/fatfs_sd.o
 .text.DESELECT
                0x00000000080017ea        0xa ./Core/Src/fatfs_sd.o
 .text.SPI_TxByte
                0x00000000080017f4       0x34 ./Core/Src/fatfs_sd.o
 .text.SPI_TxBuffer
                0x0000000008001828       0x38 ./Core/Src/fatfs_sd.o
 .text.SPI_RxByte
                0x0000000008001860       0x3c ./Core/Src/fatfs_sd.o
 .text.SPI_RxBytePtr
                0x000000000800189c       0x1c ./Core/Src/fatfs_sd.o
 .text.SD_ReadyWait
                0x00000000080018b8       0x38 ./Core/Src/fatfs_sd.o
 .text.SD_PowerOn
                0x00000000080018f0       0x90 ./Core/Src/fatfs_sd.o
 .text.SD_PowerOff
                0x0000000008001980       0x14 ./Core/Src/fatfs_sd.o
 .text.SD_CheckPower
                0x0000000008001994       0x14 ./Core/Src/fatfs_sd.o
 .text.SD_RxDataBlock
                0x00000000080019a8       0x68 ./Core/Src/fatfs_sd.o
 .text.SD_TxDataBlock
                0x0000000008001a10       0xa6 ./Core/Src/fatfs_sd.o
 .text.SD_SendCmd
                0x0000000008001ab6       0xd8 ./Core/Src/fatfs_sd.o
 *fill*         0x0000000008001b8e        0x2 
 .text.SD_disk_initialize
                0x0000000008001b90      0x214 ./Core/Src/fatfs_sd.o
                0x0000000008001b90                SD_disk_initialize
 .text.SD_disk_status
                0x0000000008001da4       0x2c ./Core/Src/fatfs_sd.o
                0x0000000008001da4                SD_disk_status
 .text.SD_disk_read
                0x0000000008001dd0       0xe0 ./Core/Src/fatfs_sd.o
                0x0000000008001dd0                SD_disk_read
 .text.SD_disk_write
                0x0000000008001eb0      0x110 ./Core/Src/fatfs_sd.o
                0x0000000008001eb0                SD_disk_write
 .text.SD_disk_ioctl
                0x0000000008001fc0      0x26c ./Core/Src/fatfs_sd.o
                0x0000000008001fc0                SD_disk_ioctl
 .text.main     0x000000000800222c       0x86 ./Core/Src/main.o
                0x000000000800222c                main
 .text.SystemClock_Config
                0x00000000080022b2       0xce ./Core/Src/main.o
                0x00000000080022b2                SystemClock_Config
 .text.MX_ADC_Init
                0x0000000008002380      0x120 ./Core/Src/main.o
 .text.MX_I2C2_Init
                0x00000000080024a0       0x80 ./Core/Src/main.o
 .text.MX_SPI1_Init
                0x0000000008002520       0x7c ./Core/Src/main.o
 .text.MX_USART1_UART_Init
                0x000000000800259c       0x6c ./Core/Src/main.o
 .text.MX_GPIO_Init
                0x0000000008002608      0x1bc ./Core/Src/main.o
 .text.Error_Handler
                0x00000000080027c4        0xa ./Core/Src/main.o
                0x00000000080027c4                Error_Handler
 *fill*         0x00000000080027ce        0x2 
 .text.HAL_MspInit
                0x00000000080027d0       0x48 ./Core/Src/stm32f0xx_hal_msp.o
                0x00000000080027d0                HAL_MspInit
 .text.HAL_ADC_MspInit
                0x0000000008002818       0x8c ./Core/Src/stm32f0xx_hal_msp.o
                0x0000000008002818                HAL_ADC_MspInit
 .text.HAL_I2C_MspInit
                0x00000000080028a4       0x94 ./Core/Src/stm32f0xx_hal_msp.o
                0x00000000080028a4                HAL_I2C_MspInit
 .text.HAL_SPI_MspInit
                0x0000000008002938       0x98 ./Core/Src/stm32f0xx_hal_msp.o
                0x0000000008002938                HAL_SPI_MspInit
 .text.HAL_UART_MspInit
                0x00000000080029d0       0x9c ./Core/Src/stm32f0xx_hal_msp.o
                0x00000000080029d0                HAL_UART_MspInit
 .text.NMI_Handler
                0x0000000008002a6c        0x6 ./Core/Src/stm32f0xx_it.o
                0x0000000008002a6c                NMI_Handler
 .text.HardFault_Handler
                0x0000000008002a72        0x6 ./Core/Src/stm32f0xx_it.o
                0x0000000008002a72                HardFault_Handler
 .text.SVC_Handler
                0x0000000008002a78        0xa ./Core/Src/stm32f0xx_it.o
                0x0000000008002a78                SVC_Handler
 .text.PendSV_Handler
                0x0000000008002a82        0xa ./Core/Src/stm32f0xx_it.o
                0x0000000008002a82                PendSV_Handler
 .text.SysTick_Handler
                0x0000000008002a8c       0x40 ./Core/Src/stm32f0xx_it.o
                0x0000000008002a8c                SysTick_Handler
 .text._sbrk    0x0000000008002acc       0x6c ./Core/Src/sysmem.o
                0x0000000008002acc                _sbrk
 .text.SystemInit
                0x0000000008002b38        0xa ./Core/Src/system_stm32f0xx.o
                0x0000000008002b38                SystemInit
 *fill*         0x0000000008002b42        0x2 
 .text.Reset_Handler
                0x0000000008002b44       0x50 ./Core/Startup/startup_stm32f030c8tx.o
                0x0000000008002b44                Reset_Handler
 .text.Default_Handler
                0x0000000008002b94        0x2 ./Core/Startup/startup_stm32f030c8tx.o
                0x0000000008002b94                TIM1_BRK_UP_TRG_COM_IRQHandler
                0x0000000008002b94                TIM6_IRQHandler
                0x0000000008002b94                I2C1_IRQHandler
                0x0000000008002b94                SPI1_IRQHandler
                0x0000000008002b94                EXTI2_3_IRQHandler
                0x0000000008002b94                ADC1_IRQHandler
                0x0000000008002b94                I2C2_IRQHandler
                0x0000000008002b94                TIM17_IRQHandler
                0x0000000008002b94                RTC_IRQHandler
                0x0000000008002b94                TIM16_IRQHandler
                0x0000000008002b94                TIM3_IRQHandler
                0x0000000008002b94                EXTI4_15_IRQHandler
                0x0000000008002b94                RCC_IRQHandler
                0x0000000008002b94                DMA1_Channel1_IRQHandler
                0x0000000008002b94                Default_Handler
                0x0000000008002b94                TIM14_IRQHandler
                0x0000000008002b94                DMA1_Channel4_5_IRQHandler
                0x0000000008002b94                TIM15_IRQHandler
                0x0000000008002b94                EXTI0_1_IRQHandler
                0x0000000008002b94                SPI2_IRQHandler
                0x0000000008002b94                WWDG_IRQHandler
                0x0000000008002b94                DMA1_Channel2_3_IRQHandler
                0x0000000008002b94                USART2_IRQHandler
                0x0000000008002b94                FLASH_IRQHandler
                0x0000000008002b94                USART1_IRQHandler
                0x0000000008002b94                TIM1_CC_IRQHandler
 *fill*         0x0000000008002b96        0x2 
 .text.HAL_Init
                0x0000000008002b98       0x28 ./Drivers/STM32F0xx_HAL_Driver/Src/stm32f0xx_hal.o
                0x0000000008002b98                HAL_Init
 .text.HAL_InitTick
                0x0000000008002bc0       0x68 ./Drivers/STM32F0xx_HAL_Driver/Src/stm32f0xx_hal.o
                0x0000000008002bc0                HAL_InitTick
 .text.HAL_IncTick
                0x0000000008002c28       0x24 ./Drivers/STM32F0xx_HAL_Driver/Src/stm32f0xx_hal.o
                0x0000000008002c28                HAL_IncTick
 .text.HAL_GetTick
                0x0000000008002c4c       0x14 ./Drivers/STM32F0xx_HAL_Driver/Src/stm32f0xx_hal.o
                0x0000000008002c4c                HAL_GetTick
 .text.HAL_Delay
                0x0000000008002c60       0x48 ./Drivers/STM32F0xx_HAL_Driver/Src/stm32f0xx_hal.o
                0x0000000008002c60                HAL_Delay
 .text.HAL_ADC_Init
                0x0000000008002ca8      0x280 ./Drivers/STM32F0xx_HAL_Driver/Src/stm32f0xx_hal_adc.o
                0x0000000008002ca8                HAL_ADC_Init
 .text.HAL_ADC_ConfigChannel
                0x0000000008002f28      0x1ec ./Drivers/STM32F0xx_HAL_Driver/Src/stm32f0xx_hal_adc.o
                0x0000000008002f28                HAL_ADC_ConfigChannel
 .text.__NVIC_SetPriority
                0x0000000008003114       0xdc ./Drivers/STM32F0xx_HAL_Driver/Src/stm32f0xx_hal_cortex.o
 .text.SysTick_Config
                0x00000000080031f0       0x48 ./Drivers/STM32F0xx_HAL_Driver/Src/stm32f0xx_hal_cortex.o
 .text.HAL_NVIC_SetPriority
                0x0000000008003238       0x2a ./Drivers/STM32F0xx_HAL_Driver/Src/stm32f0xx_hal_cortex.o
                0x0000000008003238                HAL_NVIC_SetPriority
 .text.HAL_SYSTICK_Config
                0x0000000008003262       0x1a ./Drivers/STM32F0xx_HAL_Driver/Src/stm32f0xx_hal_cortex.o
                0x0000000008003262                HAL_SYSTICK_Config
 .text.HAL_DMA_Abort
                0x000000000800327c       0x70 ./Drivers/STM32F0xx_HAL_Driver/Src/stm32f0xx_hal_dma.o
                0x000000000800327c                HAL_DMA_Abort
 .text.HAL_DMA_GetError
                0x00000000080032ec       0x14 ./Drivers/STM32F0xx_HAL_Driver/Src/stm32f0xx_hal_dma.o
                0x00000000080032ec                HAL_DMA_GetError
 .text.HAL_GPIO_Init
                0x0000000008003300      0x2e0 ./Drivers/STM32F0xx_HAL_Driver/Src/stm32f0xx_hal_gpio.o
                0x0000000008003300                HAL_GPIO_Init
 .text.HAL_GPIO_WritePin
                0x00000000080035e0       0x3a ./Drivers/STM32F0xx_HAL_Driver/Src/stm32f0xx_hal_gpio.o
                0x00000000080035e0                HAL_GPIO_WritePin
 *fill*         0x000000000800361a        0x2 
 .text.HAL_I2C_Init
                0x000000000800361c      0x12c ./Drivers/STM32F0xx_HAL_Driver/Src/stm32f0xx_hal_i2c.o
                0x000000000800361c                HAL_I2C_Init
 .text.HAL_I2CEx_ConfigAnalogFilter
                0x0000000008003748       0x98 ./Drivers/STM32F0xx_HAL_Driver/Src/stm32f0xx_hal_i2c_ex.o
                0x0000000008003748                HAL_I2CEx_ConfigAnalogFilter
 .text.HAL_I2CEx_ConfigDigitalFilter
                0x00000000080037e0       0x98 ./Drivers/STM32F0xx_HAL_Driver/Src/stm32f0xx_hal_i2c_ex.o
                0x00000000080037e0                HAL_I2CEx_ConfigDigitalFilter
 .text.HAL_RCC_OscConfig
                0x0000000008003878      0x634 ./Drivers/STM32F0xx_HAL_Driver/Src/stm32f0xx_hal_rcc.o
                0x0000000008003878                HAL_RCC_OscConfig
 .text.HAL_RCC_ClockConfig
                0x0000000008003eac      0x19c ./Drivers/STM32F0xx_HAL_Driver/Src/stm32f0xx_hal_rcc.o
                0x0000000008003eac                HAL_RCC_ClockConfig
 .text.HAL_RCC_GetSysClockFreq
                0x0000000008004048       0xc8 ./Drivers/STM32F0xx_HAL_Driver/Src/stm32f0xx_hal_rcc.o
                0x0000000008004048                HAL_RCC_GetSysClockFreq
 .text.HAL_RCC_GetHCLKFreq
                0x0000000008004110       0x14 ./Drivers/STM32F0xx_HAL_Driver/Src/stm32f0xx_hal_rcc.o
                0x0000000008004110                HAL_RCC_GetHCLKFreq
 .text.HAL_RCC_GetPCLK1Freq
                0x0000000008004124       0x2c ./Drivers/STM32F0xx_HAL_Driver/Src/stm32f0xx_hal_rcc.o
                0x0000000008004124                HAL_RCC_GetPCLK1Freq
 .text.HAL_RCCEx_PeriphCLKConfig
                0x0000000008004150      0x19c ./Drivers/STM32F0xx_HAL_Driver/Src/stm32f0xx_hal_rcc_ex.o
                0x0000000008004150                HAL_RCCEx_PeriphCLKConfig
 .text.HAL_SPI_Init
                0x00000000080042ec      0x170 ./Drivers/STM32F0xx_HAL_Driver/Src/stm32f0xx_hal_spi.o
                0x00000000080042ec                HAL_SPI_Init
 .text.HAL_SPI_Transmit
                0x000000000800445c      0x2b0 ./Drivers/STM32F0xx_HAL_Driver/Src/stm32f0xx_hal_spi.o
                0x000000000800445c                HAL_SPI_Transmit
 .text.HAL_SPI_TransmitReceive
                0x000000000800470c      0x3a4 ./Drivers/STM32F0xx_HAL_Driver/Src/stm32f0xx_hal_spi.o
                0x000000000800470c                HAL_SPI_TransmitReceive
 .text.SPI_WaitFlagStateUntilTimeout
                0x0000000008004ab0      0x11c ./Drivers/STM32F0xx_HAL_Driver/Src/stm32f0xx_hal_spi.o
 .text.SPI_WaitFifoStateUntilTimeout
                0x0000000008004bcc      0x144 ./Drivers/STM32F0xx_HAL_Driver/Src/stm32f0xx_hal_spi.o
 .text.SPI_EndRxTxTransaction
                0x0000000008004d10       0x8c ./Drivers/STM32F0xx_HAL_Driver/Src/stm32f0xx_hal_spi.o
 .text.HAL_UART_Init
                0x0000000008004d9c       0xa8 ./Drivers/STM32F0xx_HAL_Driver/Src/stm32f0xx_hal_uart.o
                0x0000000008004d9c                HAL_UART_Init
 .text.HAL_UART_Transmit
                0x0000000008004e44      0x152 ./Drivers/STM32F0xx_HAL_Driver/Src/stm32f0xx_hal_uart.o
                0x0000000008004e44                HAL_UART_Transmit
 *fill*         0x0000000008004f96        0x2 
 .text.HAL_UART_Receive
                0x0000000008004f98      0x1b8 ./Drivers/STM32F0xx_HAL_Driver/Src/stm32f0xx_hal_uart.o
                0x0000000008004f98                HAL_UART_Receive
 .text.HAL_UART_AbortReceive
                0x0000000008005150      0x15c ./Drivers/STM32F0xx_HAL_Driver/Src/stm32f0xx_hal_uart.o
                0x0000000008005150                HAL_UART_AbortReceive
 .text.UART_SetConfig
                0x00000000080052ac      0x280 ./Drivers/STM32F0xx_HAL_Driver/Src/stm32f0xx_hal_uart.o
                0x00000000080052ac                UART_SetConfig
 .text.UART_AdvFeatureConfig
                0x000000000800552c      0x168 ./Drivers/STM32F0xx_HAL_Driver/Src/stm32f0xx_hal_uart.o
                0x000000000800552c                UART_AdvFeatureConfig
 .text.UART_CheckIdleState
                0x0000000008005694       0x90 ./Drivers/STM32F0xx_HAL_Driver/Src/stm32f0xx_hal_uart.o
                0x0000000008005694                UART_CheckIdleState
 .text.UART_WaitOnFlagUntilTimeout
                0x0000000008005724      0x188 ./Drivers/STM32F0xx_HAL_Driver/Src/stm32f0xx_hal_uart.o
                0x0000000008005724                UART_WaitOnFlagUntilTimeout
 .text.MX_FATFS_Init
                0x00000000080058ac       0x2c ./FATFS/App/fatfs.o
                0x00000000080058ac                MX_FATFS_Init
 .text.get_fattime
                0x00000000080058d8        0xc ./FATFS/App/fatfs.o
                0x00000000080058d8                get_fattime
 .text.USER_initialize
                0x00000000080058e4       0x20 ./FATFS/Target/user_diskio.o
                0x00000000080058e4                USER_initialize
 .text.USER_status
                0x0000000008005904       0x20 ./FATFS/Target/user_diskio.o
                0x0000000008005904                USER_status
 .text.USER_read
                0x0000000008005924       0x2e ./FATFS/Target/user_diskio.o
                0x0000000008005924                USER_read
 .text.USER_write
                0x0000000008005952       0x2e ./FATFS/Target/user_diskio.o
                0x0000000008005952                USER_write
 .text.USER_ioctl
                0x0000000008005980       0x2e ./FATFS/Target/user_diskio.o
                0x0000000008005980                USER_ioctl
 .text.app_init
                0x00000000080059ae       0x1e ./ILI9488_driver/app.o
                0x00000000080059ae                app_init
 .text.app_loop
                0x00000000080059cc        0x6 ./ILI9488_driver/app.o
                0x00000000080059cc                app_loop
 *fill*         0x00000000080059d2        0x2 
 .text.file_init
                0x00000000080059d4      0x130 ./ILI9488_driver/file.o
                0x00000000080059d4                file_init
 .text.file_Display
                0x0000000008005b04      0x218 ./ILI9488_driver/file.o
                0x0000000008005b04                file_Display
 .text.file_upload
                0x0000000008005d1c      0x434 ./ILI9488_driver/file.o
                0x0000000008005d1c                file_upload
 .text.ili9488_init
                0x0000000008006150      0x1e0 ./ILI9488_driver/ili9488.o
                0x0000000008006150                ili9488_init
 .text.WriteCommand
                0x0000000008006330       0x34 ./ILI9488_driver/ili9488.o
                0x0000000008006330                WriteCommand
 .text.WriteData
                0x0000000008006364       0x34 ./ILI9488_driver/ili9488.o
                0x0000000008006364                WriteData
 .text._SleepOut
                0x0000000008006398       0x16 ./ILI9488_driver/ili9488.o
                0x0000000008006398                _SleepOut
 .text._NormalMode
                0x00000000080063ae       0x10 ./ILI9488_driver/ili9488.o
                0x00000000080063ae                _NormalMode
 .text._InversionOff
                0x00000000080063be       0x10 ./ILI9488_driver/ili9488.o
                0x00000000080063be                _InversionOff
 .text._DisplayOn
                0x00000000080063ce       0x10 ./ILI9488_driver/ili9488.o
                0x00000000080063ce                _DisplayOn
 .text._Column  0x00000000080063de       0x50 ./ILI9488_driver/ili9488.o
                0x00000000080063de                _Column
 .text._Page    0x000000000800642e       0x50 ./ILI9488_driver/ili9488.o
                0x000000000800642e                _Page
 .text._IDLEModeOff
                0x000000000800647e       0x10 ./ILI9488_driver/ili9488.o
                0x000000000800647e                _IDLEModeOff
 *fill*         0x000000000800648e        0x2 
 .text.uart1_init
                0x0000000008006490       0x2c ./ILI9488_driver/uart.o
                0x0000000008006490                uart1_init
 .text.uart1_printSTR
                0x00000000080064bc       0x4c ./ILI9488_driver/uart.o
                0x00000000080064bc                uart1_printSTR
 .text.uart1_printNUM
                0x0000000008006508       0x40 ./ILI9488_driver/uart.o
                0x0000000008006508                uart1_printNUM
 .text.disk_status
                0x0000000008006548       0x44 ./Middlewares/Third_Party/FatFs/src/diskio.o
                0x0000000008006548                disk_status
 .text.disk_initialize
                0x000000000800658c       0x60 ./Middlewares/Third_Party/FatFs/src/diskio.o
                0x000000000800658c                disk_initialize
 .text.disk_read
                0x00000000080065ec       0x50 ./Middlewares/Third_Party/FatFs/src/diskio.o
                0x00000000080065ec                disk_read
 .text.disk_write
                0x000000000800663c       0x50 ./Middlewares/Third_Party/FatFs/src/diskio.o
                0x000000000800663c                disk_write
 .text.disk_ioctl
                0x000000000800668c       0x50 ./Middlewares/Third_Party/FatFs/src/diskio.o
                0x000000000800668c                disk_ioctl
 .text.mem_cpy  0x00000000080066dc       0x3a ./Middlewares/Third_Party/FatFs/src/ff.o
 .text.mem_set  0x0000000008006716       0x32 ./Middlewares/Third_Party/FatFs/src/ff.o
 .text.mem_cmp  0x0000000008006748       0x4a ./Middlewares/Third_Party/FatFs/src/ff.o
 .text.chk_chr  0x0000000008006792       0x32 ./Middlewares/Third_Party/FatFs/src/ff.o
 .text.chk_lock
                0x00000000080067c4       0xdc ./Middlewares/Third_Party/FatFs/src/ff.o
 .text.enq_lock
                0x00000000080068a0       0x40 ./Middlewares/Third_Party/FatFs/src/ff.o
 .text.inc_lock
                0x00000000080068e0      0x170 ./Middlewares/Third_Party/FatFs/src/ff.o
 .text.dec_lock
                0x0000000008006a50       0xa8 ./Middlewares/Third_Party/FatFs/src/ff.o
 .text.clear_lock
                0x0000000008006af8       0x4c ./Middlewares/Third_Party/FatFs/src/ff.o
 .text.sync_window
                0x0000000008006b44       0xb0 ./Middlewares/Third_Party/FatFs/src/ff.o
 .text.move_window
                0x0000000008006bf4       0x74 ./Middlewares/Third_Party/FatFs/src/ff.o
 .text.sync_fs  0x0000000008006c68      0x1ac ./Middlewares/Third_Party/FatFs/src/ff.o
 .text.clust2sect
                0x0000000008006e14       0x48 ./Middlewares/Third_Party/FatFs/src/ff.o
                0x0000000008006e14                clust2sect
 .text.get_fat  0x0000000008006e5c      0x1fc ./Middlewares/Third_Party/FatFs/src/ff.o
                0x0000000008006e5c                get_fat
 .text.put_fat  0x0000000008007058      0x2d0 ./Middlewares/Third_Party/FatFs/src/ff.o
                0x0000000008007058                put_fat
 .text.remove_chain
                0x0000000008007328       0xe0 ./Middlewares/Third_Party/FatFs/src/ff.o
 .text.create_chain
                0x0000000008007408      0x168 ./Middlewares/Third_Party/FatFs/src/ff.o
 .text.clmt_clust
                0x0000000008007570       0x8c ./Middlewares/Third_Party/FatFs/src/ff.o
 .text.dir_sdi  0x00000000080075fc      0x1a4 ./Middlewares/Third_Party/FatFs/src/ff.o
 .text.dir_next
                0x00000000080077a0      0x284 ./Middlewares/Third_Party/FatFs/src/ff.o
 .text.dir_alloc
                0x0000000008007a24       0xbc ./Middlewares/Third_Party/FatFs/src/ff.o
 .text.ld_clust
                0x0000000008007ae0       0x5a ./Middlewares/Third_Party/FatFs/src/ff.o
 .text.st_clust
                0x0000000008007b3a       0x4a ./Middlewares/Third_Party/FatFs/src/ff.o
 .text.cmp_lfn  0x0000000008007b84       0xfc ./Middlewares/Third_Party/FatFs/src/ff.o
 .text.fit_lfn  0x0000000008007c80      0x108 ./Middlewares/Third_Party/FatFs/src/ff.o
 .text.gen_numname
                0x0000000008007d88      0x128 ./Middlewares/Third_Party/FatFs/src/ff.o
 .text.sum_sfn  0x0000000008007eb0       0x4a ./Middlewares/Third_Party/FatFs/src/ff.o
 *fill*         0x0000000008007efa        0x2 
 .text.dir_find
                0x0000000008007efc      0x208 ./Middlewares/Third_Party/FatFs/src/ff.o
 .text.dir_register
                0x0000000008008104      0x270 ./Middlewares/Third_Party/FatFs/src/ff.o
 .text.create_name
                0x0000000008008374      0x410 ./Middlewares/Third_Party/FatFs/src/ff.o
 .text.follow_path
                0x0000000008008784      0x110 ./Middlewares/Third_Party/FatFs/src/ff.o
 .text.get_ldnumber
                0x0000000008008894       0x84 ./Middlewares/Third_Party/FatFs/src/ff.o
 .text.check_fs
                0x0000000008008918       0xe0 ./Middlewares/Third_Party/FatFs/src/ff.o
 .text.find_volume
                0x00000000080089f8      0x6b4 ./Middlewares/Third_Party/FatFs/src/ff.o
 .text.validate
                0x00000000080090ac       0x7c ./Middlewares/Third_Party/FatFs/src/ff.o
 .text.f_mount  0x0000000008009128       0xa0 ./Middlewares/Third_Party/FatFs/src/ff.o
                0x0000000008009128                f_mount
 .text.f_open   0x00000000080091c8      0x530 ./Middlewares/Third_Party/FatFs/src/ff.o
                0x00000000080091c8                f_open
 .text.f_read   0x00000000080096f8      0x3c8 ./Middlewares/Third_Party/FatFs/src/ff.o
                0x00000000080096f8                f_read
 .text.f_write  0x0000000008009ac0      0x464 ./Middlewares/Third_Party/FatFs/src/ff.o
                0x0000000008009ac0                f_write
 .text.f_sync   0x0000000008009f24      0x1b0 ./Middlewares/Third_Party/FatFs/src/ff.o
                0x0000000008009f24                f_sync
 .text.f_close  0x000000000800a0d4       0x6e ./Middlewares/Third_Party/FatFs/src/ff.o
                0x000000000800a0d4                f_close
 *fill*         0x000000000800a142        0x2 
 .text.f_getfree
                0x000000000800a144      0x1cc ./Middlewares/Third_Party/FatFs/src/ff.o
                0x000000000800a144                f_getfree
 .text.putc_bfd
                0x000000000800a310       0x82 ./Middlewares/Third_Party/FatFs/src/ff.o
 .text.f_putc   0x000000000800a392       0x78 ./Middlewares/Third_Party/FatFs/src/ff.o
                0x000000000800a392                f_putc
 *fill*         0x000000000800a40a        0x2 
 .text.FATFS_LinkDriverEx
                0x000000000800a40c       0xa8 ./Middlewares/Third_Party/FatFs/src/ff_gen_drv.o
                0x000000000800a40c                FATFS_LinkDriverEx
 .text.FATFS_LinkDriver
                0x000000000800a4b4       0x20 ./Middlewares/Third_Party/FatFs/src/ff_gen_drv.o
                0x000000000800a4b4                FATFS_LinkDriver
 .text.ff_convert
                0x000000000800a4d4       0xa4 ./Middlewares/Third_Party/FatFs/src/option/ccsbcs.o
                0x000000000800a4d4                ff_convert
 .text.ff_wtoupper
                0x000000000800a578       0x60 ./Middlewares/Third_Party/FatFs/src/option/ccsbcs.o
                0x000000000800a578                ff_wtoupper
 .text.__errno  0x000000000800a5d8        0xc /Applications/STM32CubeIDE.app/Contents/Eclipse/plugins/com.st.stm32cube.ide.mcu.externaltools.gnu-tools-for-stm32.10.3-2021.10.macos64_1.0.100.202210260954/tools/bin/../lib/gcc/arm-none-eabi/10.3.1/../../../../arm-none-eabi/lib/thumb/v6-m/nofp/libc_nano.a(lib_a-errno.o)
                0x000000000800a5d8                __errno
 .text.__libc_init_array
                0x000000000800a5e4       0x48 /Applications/STM32CubeIDE.app/Contents/Eclipse/plugins/com.st.stm32cube.ide.mcu.externaltools.gnu-tools-for-stm32.10.3-2021.10.macos64_1.0.100.202210260954/tools/bin/../lib/gcc/arm-none-eabi/10.3.1/../../../../arm-none-eabi/lib/thumb/v6-m/nofp/libc_nano.a(lib_a-init.o)
                0x000000000800a5e4                __libc_init_array
 .text.memset   0x000000000800a62c       0x10 /Applications/STM32CubeIDE.app/Contents/Eclipse/plugins/com.st.stm32cube.ide.mcu.externaltools.gnu-tools-for-stm32.10.3-2021.10.macos64_1.0.100.202210260954/tools/bin/../lib/gcc/arm-none-eabi/10.3.1/../../../../arm-none-eabi/lib/thumb/v6-m/nofp/libc_nano.a(lib_a-memset.o)
                0x000000000800a62c                memset
 .text.sprintf  0x000000000800a63c       0x40 /Applications/STM32CubeIDE.app/Contents/Eclipse/plugins/com.st.stm32cube.ide.mcu.externaltools.gnu-tools-for-stm32.10.3-2021.10.macos64_1.0.100.202210260954/tools/bin/../lib/gcc/arm-none-eabi/10.3.1/../../../../arm-none-eabi/lib/thumb/v6-m/nofp/libc_nano.a(lib_a-sprintf.o)
                0x000000000800a63c                sprintf
                0x000000000800a63c                siprintf
 .text.__ssputs_r
                0x000000000800a67c       0xc4 /Applications/STM32CubeIDE.app/Contents/Eclipse/plugins/com.st.stm32cube.ide.mcu.externaltools.gnu-tools-for-stm32.10.3-2021.10.macos64_1.0.100.202210260954/tools/bin/../lib/gcc/arm-none-eabi/10.3.1/../../../../arm-none-eabi/lib/thumb/v6-m/nofp/libc_nano.a(lib_a-nano-svfprintf.o)
                0x000000000800a67c                __ssputs_r
 .text._svfprintf_r
                0x000000000800a740      0x200 /Applications/STM32CubeIDE.app/Contents/Eclipse/plugins/com.st.stm32cube.ide.mcu.externaltools.gnu-tools-for-stm32.10.3-2021.10.macos64_1.0.100.202210260954/tools/bin/../lib/gcc/arm-none-eabi/10.3.1/../../../../arm-none-eabi/lib/thumb/v6-m/nofp/libc_nano.a(lib_a-nano-svfprintf.o)
                0x000000000800a740                _svfprintf_r
                0x000000000800a740                _svfiprintf_r
 .text._printf_common
                0x000000000800a940       0xde /Applications/STM32CubeIDE.app/Contents/Eclipse/plugins/com.st.stm32cube.ide.mcu.externaltools.gnu-tools-for-stm32.10.3-2021.10.macos64_1.0.100.202210260954/tools/bin/../lib/gcc/arm-none-eabi/10.3.1/../../../../arm-none-eabi/lib/thumb/v6-m/nofp/libc_nano.a(lib_a-nano-vfprintf_i.o)
                0x000000000800a940                _printf_common
 *fill*         0x000000000800aa1e        0x2 
 .text._printf_i
                0x000000000800aa20      0x224 /Applications/STM32CubeIDE.app/Contents/Eclipse/plugins/com.st.stm32cube.ide.mcu.externaltools.gnu-tools-for-stm32.10.3-2021.10.macos64_1.0.100.202210260954/tools/bin/../lib/gcc/arm-none-eabi/10.3.1/../../../../arm-none-eabi/lib/thumb/v6-m/nofp/libc_nano.a(lib_a-nano-vfprintf_i.o)
                0x000000000800aa20                _printf_i
 .text.memchr   0x000000000800ac44       0x16 /Applications/STM32CubeIDE.app/Contents/Eclipse/plugins/com.st.stm32cube.ide.mcu.externaltools.gnu-tools-for-stm32.10.3-2021.10.macos64_1.0.100.202210260954/tools/bin/../lib/gcc/arm-none-eabi/10.3.1/../../../../arm-none-eabi/lib/thumb/v6-m/nofp/libc_nano.a(lib_a-memchr-stub.o)
                0x000000000800ac44                memchr
 .text.memcpy   0x000000000800ac5a       0x12 /Applications/STM32CubeIDE.app/Contents/Eclipse/plugins/com.st.stm32cube.ide.mcu.externaltools.gnu-tools-for-stm32.10.3-2021.10.macos64_1.0.100.202210260954/tools/bin/../lib/gcc/arm-none-eabi/10.3.1/../../../../arm-none-eabi/lib/thumb/v6-m/nofp/libc_nano.a(lib_a-memcpy-stub.o)
                0x000000000800ac5a                memcpy
 .text.memmove  0x000000000800ac6c       0x26 /Applications/STM32CubeIDE.app/Contents/Eclipse/plugins/com.st.stm32cube.ide.mcu.externaltools.gnu-tools-for-stm32.10.3-2021.10.macos64_1.0.100.202210260954/tools/bin/../lib/gcc/arm-none-eabi/10.3.1/../../../../arm-none-eabi/lib/thumb/v6-m/nofp/libc_nano.a(lib_a-memmove.o)
                0x000000000800ac6c                memmove
 *fill*         0x000000000800ac92        0x2 
 .text._free_r  0x000000000800ac94       0x94 /Applications/STM32CubeIDE.app/Contents/Eclipse/plugins/com.st.stm32cube.ide.mcu.externaltools.gnu-tools-for-stm32.10.3-2021.10.macos64_1.0.100.202210260954/tools/bin/../lib/gcc/arm-none-eabi/10.3.1/../../../../arm-none-eabi/lib/thumb/v6-m/nofp/libc_nano.a(lib_a-nano-freer.o)
                0x000000000800ac94                _free_r
 .text.sbrk_aligned
                0x000000000800ad28       0x44 /Applications/STM32CubeIDE.app/Contents/Eclipse/plugins/com.st.stm32cube.ide.mcu.externaltools.gnu-tools-for-stm32.10.3-2021.10.macos64_1.0.100.202210260954/tools/bin/../lib/gcc/arm-none-eabi/10.3.1/../../../../arm-none-eabi/lib/thumb/v6-m/nofp/libc_nano.a(lib_a-nano-mallocr.o)
 .text._malloc_r
                0x000000000800ad6c       0xec /Applications/STM32CubeIDE.app/Contents/Eclipse/plugins/com.st.stm32cube.ide.mcu.externaltools.gnu-tools-for-stm32.10.3-2021.10.macos64_1.0.100.202210260954/tools/bin/../lib/gcc/arm-none-eabi/10.3.1/../../../../arm-none-eabi/lib/thumb/v6-m/nofp/libc_nano.a(lib_a-nano-mallocr.o)
                0x000000000800ad6c                _malloc_r
 .text._realloc_r
                0x000000000800ae58       0x5e /Applications/STM32CubeIDE.app/Contents/Eclipse/plugins/com.st.stm32cube.ide.mcu.externaltools.gnu-tools-for-stm32.10.3-2021.10.macos64_1.0.100.202210260954/tools/bin/../lib/gcc/arm-none-eabi/10.3.1/../../../../arm-none-eabi/lib/thumb/v6-m/nofp/libc_nano.a(lib_a-nano-reallocr.o)
                0x000000000800ae58                _realloc_r
 *fill*         0x000000000800aeb6        0x2 
 .text._sbrk_r  0x000000000800aeb8       0x24 /Applications/STM32CubeIDE.app/Contents/Eclipse/plugins/com.st.stm32cube.ide.mcu.externaltools.gnu-tools-for-stm32.10.3-2021.10.macos64_1.0.100.202210260954/tools/bin/../lib/gcc/arm-none-eabi/10.3.1/../../../../arm-none-eabi/lib/thumb/v6-m/nofp/libc_nano.a(lib_a-sbrkr.o)
                0x000000000800aeb8                _sbrk_r
 .text.__malloc_lock
                0x000000000800aedc       0x10 /Applications/STM32CubeIDE.app/Contents/Eclipse/plugins/com.st.stm32cube.ide.mcu.externaltools.gnu-tools-for-stm32.10.3-2021.10.macos64_1.0.100.202210260954/tools/bin/../lib/gcc/arm-none-eabi/10.3.1/../../../../arm-none-eabi/lib/thumb/v6-m/nofp/libc_nano.a(lib_a-mlock.o)
                0x000000000800aedc                __malloc_lock
 .text.__malloc_unlock
                0x000000000800aeec       0x10 /Applications/STM32CubeIDE.app/Contents/Eclipse/plugins/com.st.stm32cube.ide.mcu.externaltools.gnu-tools-for-stm32.10.3-2021.10.macos64_1.0.100.202210260954/tools/bin/../lib/gcc/arm-none-eabi/10.3.1/../../../../arm-none-eabi/lib/thumb/v6-m/nofp/libc_nano.a(lib_a-mlock.o)
                0x000000000800aeec                __malloc_unlock
 .text._malloc_usable_size_r
                0x000000000800aefc       0x10 /Applications/STM32CubeIDE.app/Contents/Eclipse/plugins/com.st.stm32cube.ide.mcu.externaltools.gnu-tools-for-stm32.10.3-2021.10.macos64_1.0.100.202210260954/tools/bin/../lib/gcc/arm-none-eabi/10.3.1/../../../../arm-none-eabi/lib/thumb/v6-m/nofp/libc_nano.a(lib_a-nano-msizer.o)
                0x000000000800aefc                _malloc_usable_size_r
 .text.__retarget_lock_acquire_recursive
                0x000000000800af0c        0x2 /Applications/STM32CubeIDE.app/Contents/Eclipse/plugins/com.st.stm32cube.ide.mcu.externaltools.gnu-tools-for-stm32.10.3-2021.10.macos64_1.0.100.202210260954/tools/bin/../lib/gcc/arm-none-eabi/10.3.1/../../../../arm-none-eabi/lib/thumb/v6-m/nofp/libc_nano.a(lib_a-lock.o)
                0x000000000800af0c                __retarget_lock_acquire_recursive
 .text.__retarget_lock_release_recursive
                0x000000000800af0e        0x2 /Applications/STM32CubeIDE.app/Contents/Eclipse/plugins/com.st.stm32cube.ide.mcu.externaltools.gnu-tools-for-stm32.10.3-2021.10.macos64_1.0.100.202210260954/tools/bin/../lib/gcc/arm-none-eabi/10.3.1/../../../../arm-none-eabi/lib/thumb/v6-m/nofp/libc_nano.a(lib_a-lock.o)
                0x000000000800af0e                __retarget_lock_release_recursive
 *(.glue_7)
 .glue_7        0x000000000800af10        0x0 linker stubs
 *(.glue_7t)
 .glue_7t       0x000000000800af10        0x0 linker stubs
 *(.eh_frame)
 .eh_frame      0x000000000800af10        0x0 /Applications/STM32CubeIDE.app/Contents/Eclipse/plugins/com.st.stm32cube.ide.mcu.externaltools.gnu-tools-for-stm32.10.3-2021.10.macos64_1.0.100.202210260954/tools/bin/../lib/gcc/arm-none-eabi/10.3.1/thumb/v6-m/nofp/crtbegin.o
 *(.init)
 .init          0x000000000800af10        0x4 /Applications/STM32CubeIDE.app/Contents/Eclipse/plugins/com.st.stm32cube.ide.mcu.externaltools.gnu-tools-for-stm32.10.3-2021.10.macos64_1.0.100.202210260954/tools/bin/../lib/gcc/arm-none-eabi/10.3.1/thumb/v6-m/nofp/crti.o
                0x000000000800af10                _init
 .init          0x000000000800af14        0x8 /Applications/STM32CubeIDE.app/Contents/Eclipse/plugins/com.st.stm32cube.ide.mcu.externaltools.gnu-tools-for-stm32.10.3-2021.10.macos64_1.0.100.202210260954/tools/bin/../lib/gcc/arm-none-eabi/10.3.1/thumb/v6-m/nofp/crtn.o
 *(.fini)
 .fini          0x000000000800af1c        0x4 /Applications/STM32CubeIDE.app/Contents/Eclipse/plugins/com.st.stm32cube.ide.mcu.externaltools.gnu-tools-for-stm32.10.3-2021.10.macos64_1.0.100.202210260954/tools/bin/../lib/gcc/arm-none-eabi/10.3.1/thumb/v6-m/nofp/crti.o
                0x000000000800af1c                _fini
 .fini          0x000000000800af20        0x8 /Applications/STM32CubeIDE.app/Contents/Eclipse/plugins/com.st.stm32cube.ide.mcu.externaltools.gnu-tools-for-stm32.10.3-2021.10.macos64_1.0.100.202210260954/tools/bin/../lib/gcc/arm-none-eabi/10.3.1/thumb/v6-m/nofp/crtn.o
                0x000000000800af28                . = ALIGN (0x4)
                0x000000000800af28                _etext = .

.vfp11_veneer   0x000000000800af28        0x0
 .vfp11_veneer  0x000000000800af28        0x0 linker stubs

.v4_bx          0x000000000800af28        0x0
 .v4_bx         0x000000000800af28        0x0 linker stubs

.iplt           0x000000000800af28        0x0
 .iplt          0x000000000800af28        0x0 /Applications/STM32CubeIDE.app/Contents/Eclipse/plugins/com.st.stm32cube.ide.mcu.externaltools.gnu-tools-for-stm32.10.3-2021.10.macos64_1.0.100.202210260954/tools/bin/../lib/gcc/arm-none-eabi/10.3.1/thumb/v6-m/nofp/crtbegin.o

.rodata         0x000000000800af28      0xa54
                0x000000000800af28                . = ALIGN (0x4)
 *(.rodata)
 .rodata        0x000000000800af28       0x20 ./Drivers/STM32F0xx_HAL_Driver/Src/stm32f0xx_hal_rcc.o
 .rodata        0x000000000800af48      0x2e0 ./ILI9488_driver/file.o
 .rodata        0x000000000800b228       0x54 ./ILI9488_driver/ili9488.o
 .rodata        0x000000000800b27c       0x63 ./ILI9488_driver/uart.o
 *fill*         0x000000000800b2df        0x1 
 .rodata        0x000000000800b2e0       0x48 ./Middlewares/Third_Party/FatFs/src/ff.o
 .rodata        0x000000000800b328       0x40 /Applications/STM32CubeIDE.app/Contents/Eclipse/plugins/com.st.stm32cube.ide.mcu.externaltools.gnu-tools-for-stm32.10.3-2021.10.macos64_1.0.100.202210260954/tools/bin/../lib/gcc/arm-none-eabi/10.3.1/thumb/v6-m/nofp/libgcc.a(divdf3.o)
 .rodata        0x000000000800b368       0x40 /Applications/STM32CubeIDE.app/Contents/Eclipse/plugins/com.st.stm32cube.ide.mcu.externaltools.gnu-tools-for-stm32.10.3-2021.10.macos64_1.0.100.202210260954/tools/bin/../lib/gcc/arm-none-eabi/10.3.1/thumb/v6-m/nofp/libgcc.a(muldf3.o)
 *(.rodata*)
 .rodata.SD_disk_ioctl
                0x000000000800b3a8       0x38 ./Core/Src/fatfs_sd.o
 .rodata.AHBPrescTable
                0x000000000800b3e0       0x10 ./Core/Src/system_stm32f0xx.o
                0x000000000800b3e0                AHBPrescTable
 .rodata.APBPrescTable
                0x000000000800b3f0        0x8 ./Core/Src/system_stm32f0xx.o
                0x000000000800b3f0                APBPrescTable
 .rodata.ExCvt  0x000000000800b3f8       0x80 ./Middlewares/Third_Party/FatFs/src/ff.o
 .rodata.LfnOfs
                0x000000000800b478        0xd ./Middlewares/Third_Party/FatFs/src/ff.o
 *fill*         0x000000000800b485        0x3 
 .rodata.Tbl    0x000000000800b488      0x100 ./Middlewares/Third_Party/FatFs/src/option/ccsbcs.o
 .rodata.tbl_lower.1
                0x000000000800b588      0x1e0 ./Middlewares/Third_Party/FatFs/src/option/ccsbcs.o
 .rodata.tbl_upper.0
                0x000000000800b768      0x1e0 ./Middlewares/Third_Party/FatFs/src/option/ccsbcs.o
 .rodata._svfprintf_r.str1.1
                0x000000000800b948       0x11 /Applications/STM32CubeIDE.app/Contents/Eclipse/plugins/com.st.stm32cube.ide.mcu.externaltools.gnu-tools-for-stm32.10.3-2021.10.macos64_1.0.100.202210260954/tools/bin/../lib/gcc/arm-none-eabi/10.3.1/../../../../arm-none-eabi/lib/thumb/v6-m/nofp/libc_nano.a(lib_a-nano-svfprintf.o)
 .rodata._printf_i.str1.1
                0x000000000800b959       0x22 /Applications/STM32CubeIDE.app/Contents/Eclipse/plugins/com.st.stm32cube.ide.mcu.externaltools.gnu-tools-for-stm32.10.3-2021.10.macos64_1.0.100.202210260954/tools/bin/../lib/gcc/arm-none-eabi/10.3.1/../../../../arm-none-eabi/lib/thumb/v6-m/nofp/libc_nano.a(lib_a-nano-vfprintf_i.o)
                0x000000000800b97c                . = ALIGN (0x4)
 *fill*         0x000000000800b97b        0x1 

.rel.dyn        0x000000000800b97c        0x0
 .rel.iplt      0x000000000800b97c        0x0 /Applications/STM32CubeIDE.app/Contents/Eclipse/plugins/com.st.stm32cube.ide.mcu.externaltools.gnu-tools-for-stm32.10.3-2021.10.macos64_1.0.100.202210260954/tools/bin/../lib/gcc/arm-none-eabi/10.3.1/thumb/v6-m/nofp/crtbegin.o

.ARM.extab      0x000000000800b97c        0x0
                0x000000000800b97c                . = ALIGN (0x4)
 *(.ARM.extab* .gnu.linkonce.armextab.*)
                0x000000000800b97c                . = ALIGN (0x4)

.ARM            0x000000000800b97c        0x0
                0x000000000800b97c                . = ALIGN (0x4)
                0x000000000800b97c                __exidx_start = .
 *(.ARM.exidx*)
                0x000000000800b97c                __exidx_end = .
                0x000000000800b97c                . = ALIGN (0x4)

.preinit_array  0x000000000800b97c        0x0
                0x000000000800b97c                . = ALIGN (0x4)
                0x000000000800b97c                PROVIDE (__preinit_array_start = .)
 *(.preinit_array*)
                0x000000000800b97c                PROVIDE (__preinit_array_end = .)
                0x000000000800b97c                . = ALIGN (0x4)

.init_array     0x000000000800b97c        0x4
                0x000000000800b97c                . = ALIGN (0x4)
                0x000000000800b97c                PROVIDE (__init_array_start = .)
 *(SORT_BY_NAME(.init_array.*))
 *(.init_array*)
 .init_array    0x000000000800b97c        0x4 /Applications/STM32CubeIDE.app/Contents/Eclipse/plugins/com.st.stm32cube.ide.mcu.externaltools.gnu-tools-for-stm32.10.3-2021.10.macos64_1.0.100.202210260954/tools/bin/../lib/gcc/arm-none-eabi/10.3.1/thumb/v6-m/nofp/crtbegin.o
                0x000000000800b980                PROVIDE (__init_array_end = .)
                0x000000000800b980                . = ALIGN (0x4)

.fini_array     0x000000000800b980        0x4
                0x000000000800b980                . = ALIGN (0x4)
                [!provide]                        PROVIDE (__fini_array_start = .)
 *(SORT_BY_NAME(.fini_array.*))
 *(.fini_array*)
 .fini_array    0x000000000800b980        0x4 /Applications/STM32CubeIDE.app/Contents/Eclipse/plugins/com.st.stm32cube.ide.mcu.externaltools.gnu-tools-for-stm32.10.3-2021.10.macos64_1.0.100.202210260954/tools/bin/../lib/gcc/arm-none-eabi/10.3.1/thumb/v6-m/nofp/crtbegin.o
                [!provide]                        PROVIDE (__fini_array_end = .)
                0x000000000800b984                . = ALIGN (0x4)
                0x000000000800b984                _sidata = LOADADDR (.data)

.data           0x0000000020000000       0x88 load address 0x000000000800b984
                0x0000000020000000                . = ALIGN (0x4)
                0x0000000020000000                _sdata = .
 *(.data)
 *(.data*)
 .data.Stat     0x0000000020000000        0x1 ./Core/Src/fatfs_sd.o
 *fill*         0x0000000020000001        0x3 
 .data.SystemCoreClock
                0x0000000020000004        0x4 ./Core/Src/system_stm32f0xx.o
                0x0000000020000004                SystemCoreClock
 .data.uwTickPrio
                0x0000000020000008        0x4 ./Drivers/STM32F0xx_HAL_Driver/Src/stm32f0xx_hal.o
                0x0000000020000008                uwTickPrio
 .data.uwTickFreq
                0x000000002000000c        0x1 ./Drivers/STM32F0xx_HAL_Driver/Src/stm32f0xx_hal.o
                0x000000002000000c                uwTickFreq
 *fill*         0x000000002000000d        0x3 
 .data.USER_Driver
                0x0000000020000010       0x14 ./FATFS/Target/user_diskio.o
                0x0000000020000010                USER_Driver
 .data._impure_ptr
                0x0000000020000024        0x4 /Applications/STM32CubeIDE.app/Contents/Eclipse/plugins/com.st.stm32cube.ide.mcu.externaltools.gnu-tools-for-stm32.10.3-2021.10.macos64_1.0.100.202210260954/tools/bin/../lib/gcc/arm-none-eabi/10.3.1/../../../../arm-none-eabi/lib/thumb/v6-m/nofp/libc_nano.a(lib_a-impure.o)
                0x0000000020000024                _impure_ptr
 .data.impure_data
                0x0000000020000028       0x60 /Applications/STM32CubeIDE.app/Contents/Eclipse/plugins/com.st.stm32cube.ide.mcu.externaltools.gnu-tools-for-stm32.10.3-2021.10.macos64_1.0.100.202210260954/tools/bin/../lib/gcc/arm-none-eabi/10.3.1/../../../../arm-none-eabi/lib/thumb/v6-m/nofp/libc_nano.a(lib_a-impure.o)
 *(.RamFunc)
 *(.RamFunc*)
                0x0000000020000088                . = ALIGN (0x4)
                0x0000000020000088                _edata = .

.igot.plt       0x0000000020000088        0x0 load address 0x000000000800ba0c
 .igot.plt      0x0000000020000088        0x0 /Applications/STM32CubeIDE.app/Contents/Eclipse/plugins/com.st.stm32cube.ide.mcu.externaltools.gnu-tools-for-stm32.10.3-2021.10.macos64_1.0.100.202210260954/tools/bin/../lib/gcc/arm-none-eabi/10.3.1/thumb/v6-m/nofp/crtbegin.o
                0x0000000020000088                . = ALIGN (0x4)

.bss            0x0000000020000088     0x1558 load address 0x000000000800ba0c
                0x0000000020000088                _sbss = .
                0x0000000020000088                __bss_start__ = _sbss
 *(.bss)
 .bss           0x0000000020000088       0x1c /Applications/STM32CubeIDE.app/Contents/Eclipse/plugins/com.st.stm32cube.ide.mcu.externaltools.gnu-tools-for-stm32.10.3-2021.10.macos64_1.0.100.202210260954/tools/bin/../lib/gcc/arm-none-eabi/10.3.1/thumb/v6-m/nofp/crtbegin.o
 *(.bss*)
 .bss.Timer1    0x00000000200000a4        0x2 ./Core/Src/fatfs_sd.o
                0x00000000200000a4                Timer1
 .bss.Timer2    0x00000000200000a6        0x2 ./Core/Src/fatfs_sd.o
                0x00000000200000a6                Timer2
 .bss.CardType  0x00000000200000a8        0x1 ./Core/Src/fatfs_sd.o
 .bss.PowerFlag
                0x00000000200000a9        0x1 ./Core/Src/fatfs_sd.o
 *fill*         0x00000000200000aa        0x2 
 .bss.hadc      0x00000000200000ac       0x40 ./Core/Src/main.o
                0x00000000200000ac                hadc
 .bss.hi2c2     0x00000000200000ec       0x4c ./Core/Src/main.o
                0x00000000200000ec                hi2c2
 .bss.hspi1     0x0000000020000138       0x64 ./Core/Src/main.o
                0x0000000020000138                hspi1
 .bss.huart1    0x000000002000019c       0x84 ./Core/Src/main.o
                0x000000002000019c                huart1
 .bss.__sbrk_heap_end
                0x0000000020000220        0x4 ./Core/Src/sysmem.o
 .bss.uwTick    0x0000000020000224        0x4 ./Drivers/STM32F0xx_HAL_Driver/Src/stm32f0xx_hal.o
                0x0000000020000224                uwTick
 .bss.retUSER   0x0000000020000228        0x1 ./FATFS/App/fatfs.o
                0x0000000020000228                retUSER
 *fill*         0x0000000020000229        0x3 
 .bss.USERPath  0x000000002000022c        0x4 ./FATFS/App/fatfs.o
                0x000000002000022c                USERPath
 .bss.FatFs     0x0000000020000230      0x430 ./ILI9488_driver/file.o
 .bss.fil       0x0000000020000660      0x42c ./ILI9488_driver/file.o
 .bss.pfs       0x0000000020000a8c        0x4 ./ILI9488_driver/file.o
 .bss.fres      0x0000000020000a90        0x1 ./ILI9488_driver/file.o
 *fill*         0x0000000020000a91        0x3 
 .bss.fre_clust
                0x0000000020000a94        0x4 ./ILI9488_driver/file.o
 .bss.byte_read
                0x0000000020000a98        0x4 ./ILI9488_driver/file.o
 .bss.totalSpace
                0x0000000020000a9c        0x4 ./ILI9488_driver/file.o
 .bss.freeSpace
                0x0000000020000aa0        0x4 ./ILI9488_driver/file.o
 .bss.buf       0x0000000020000aa4      0x900 ./ILI9488_driver/file.o
 .bss.FatFs     0x00000000200013a4        0x4 ./Middlewares/Third_Party/FatFs/src/ff.o
 .bss.Fsid      0x00000000200013a8        0x2 ./Middlewares/Third_Party/FatFs/src/ff.o
 *fill*         0x00000000200013aa        0x2 
 .bss.Files     0x00000000200013ac       0x18 ./Middlewares/Third_Party/FatFs/src/ff.o
 .bss.LfnBuf    0x00000000200013c4      0x200 ./Middlewares/Third_Party/FatFs/src/ff.o
 .bss.disk      0x00000000200015c4        0xc ./Middlewares/Third_Party/FatFs/src/ff_gen_drv.o
                0x00000000200015c4                disk
 .bss.__malloc_free_list
                0x00000000200015d0        0x4 /Applications/STM32CubeIDE.app/Contents/Eclipse/plugins/com.st.stm32cube.ide.mcu.externaltools.gnu-tools-for-stm32.10.3-2021.10.macos64_1.0.100.202210260954/tools/bin/../lib/gcc/arm-none-eabi/10.3.1/../../../../arm-none-eabi/lib/thumb/v6-m/nofp/libc_nano.a(lib_a-nano-mallocr.o)
                0x00000000200015d0                __malloc_free_list
 .bss.__malloc_sbrk_start
                0x00000000200015d4        0x4 /Applications/STM32CubeIDE.app/Contents/Eclipse/plugins/com.st.stm32cube.ide.mcu.externaltools.gnu-tools-for-stm32.10.3-2021.10.macos64_1.0.100.202210260954/tools/bin/../lib/gcc/arm-none-eabi/10.3.1/../../../../arm-none-eabi/lib/thumb/v6-m/nofp/libc_nano.a(lib_a-nano-mallocr.o)
                0x00000000200015d4                __malloc_sbrk_start
 .bss.errno     0x00000000200015d8        0x4 /Applications/STM32CubeIDE.app/Contents/Eclipse/plugins/com.st.stm32cube.ide.mcu.externaltools.gnu-tools-for-stm32.10.3-2021.10.macos64_1.0.100.202210260954/tools/bin/../lib/gcc/arm-none-eabi/10.3.1/../../../../arm-none-eabi/lib/thumb/v6-m/nofp/libc_nano.a(lib_a-reent.o)
                0x00000000200015d8                errno
 .bss.__lock___malloc_recursive_mutex
                0x00000000200015dc        0x1 /Applications/STM32CubeIDE.app/Contents/Eclipse/plugins/com.st.stm32cube.ide.mcu.externaltools.gnu-tools-for-stm32.10.3-2021.10.macos64_1.0.100.202210260954/tools/bin/../lib/gcc/arm-none-eabi/10.3.1/../../../../arm-none-eabi/lib/thumb/v6-m/nofp/libc_nano.a(lib_a-lock.o)
                0x00000000200015dc                __lock___malloc_recursive_mutex
 *(COMMON)
                0x00000000200015e0                . = ALIGN (0x4)
 *fill*         0x00000000200015dd        0x3 
                0x00000000200015e0                _ebss = .
                0x00000000200015e0                __bss_end__ = _ebss

._user_heap_stack
                0x00000000200015e0      0x600 load address 0x000000000800ba0c
                0x00000000200015e0                . = ALIGN (0x8)
                [!provide]                        PROVIDE (end = .)
                0x00000000200015e0                PROVIDE (_end = .)
                0x00000000200017e0                . = (. + _Min_Heap_Size)
 *fill*         0x00000000200015e0      0x200 
                0x0000000020001be0                . = (. + _Min_Stack_Size)
 *fill*         0x00000000200017e0      0x400 
                0x0000000020001be0                . = ALIGN (0x8)

/DISCARD/
 libc.a(*)
 libm.a(*)
 libgcc.a(*)

.ARM.attributes
                0x0000000000000000       0x28
 *(.ARM.attributes)
 .ARM.attributes
                0x0000000000000000       0x1e /Applications/STM32CubeIDE.app/Contents/Eclipse/plugins/com.st.stm32cube.ide.mcu.externaltools.gnu-tools-for-stm32.10.3-2021.10.macos64_1.0.100.202210260954/tools/bin/../lib/gcc/arm-none-eabi/10.3.1/thumb/v6-m/nofp/crti.o
 .ARM.attributes
                0x000000000000001e       0x2c /Applications/STM32CubeIDE.app/Contents/Eclipse/plugins/com.st.stm32cube.ide.mcu.externaltools.gnu-tools-for-stm32.10.3-2021.10.macos64_1.0.100.202210260954/tools/bin/../lib/gcc/arm-none-eabi/10.3.1/thumb/v6-m/nofp/crtbegin.o
 .ARM.attributes
                0x000000000000004a       0x2c ./Core/Src/fatfs_sd.o
 .ARM.attributes
                0x0000000000000076       0x2c ./Core/Src/main.o
 .ARM.attributes
                0x00000000000000a2       0x2c ./Core/Src/stm32f0xx_hal_msp.o
 .ARM.attributes
                0x00000000000000ce       0x2c ./Core/Src/stm32f0xx_it.o
 .ARM.attributes
                0x00000000000000fa       0x2c ./Core/Src/sysmem.o
 .ARM.attributes
                0x0000000000000126       0x2c ./Core/Src/system_stm32f0xx.o
 .ARM.attributes
                0x0000000000000152       0x21 ./Core/Startup/startup_stm32f030c8tx.o
 .ARM.attributes
                0x0000000000000173       0x2c ./Drivers/STM32F0xx_HAL_Driver/Src/stm32f0xx_hal.o
 .ARM.attributes
                0x000000000000019f       0x2c ./Drivers/STM32F0xx_HAL_Driver/Src/stm32f0xx_hal_adc.o
 .ARM.attributes
                0x00000000000001cb       0x2c ./Drivers/STM32F0xx_HAL_Driver/Src/stm32f0xx_hal_cortex.o
 .ARM.attributes
                0x00000000000001f7       0x2c ./Drivers/STM32F0xx_HAL_Driver/Src/stm32f0xx_hal_dma.o
 .ARM.attributes
                0x0000000000000223       0x2c ./Drivers/STM32F0xx_HAL_Driver/Src/stm32f0xx_hal_gpio.o
 .ARM.attributes
                0x000000000000024f       0x2c ./Drivers/STM32F0xx_HAL_Driver/Src/stm32f0xx_hal_i2c.o
 .ARM.attributes
                0x000000000000027b       0x2c ./Drivers/STM32F0xx_HAL_Driver/Src/stm32f0xx_hal_i2c_ex.o
 .ARM.attributes
                0x00000000000002a7       0x2c ./Drivers/STM32F0xx_HAL_Driver/Src/stm32f0xx_hal_rcc.o
 .ARM.attributes
                0x00000000000002d3       0x2c ./Drivers/STM32F0xx_HAL_Driver/Src/stm32f0xx_hal_rcc_ex.o
 .ARM.attributes
                0x00000000000002ff       0x2c ./Drivers/STM32F0xx_HAL_Driver/Src/stm32f0xx_hal_spi.o
 .ARM.attributes
                0x000000000000032b       0x2c ./Drivers/STM32F0xx_HAL_Driver/Src/stm32f0xx_hal_uart.o
 .ARM.attributes
                0x0000000000000357       0x2c ./FATFS/App/fatfs.o
 .ARM.attributes
                0x0000000000000383       0x2c ./FATFS/Target/user_diskio.o
 .ARM.attributes
                0x00000000000003af       0x2c ./ILI9488_driver/app.o
 .ARM.attributes
                0x00000000000003db       0x2c ./ILI9488_driver/file.o
 .ARM.attributes
                0x0000000000000407       0x2c ./ILI9488_driver/ili9488.o
 .ARM.attributes
                0x0000000000000433       0x2c ./ILI9488_driver/uart.o
 .ARM.attributes
                0x000000000000045f       0x2c ./Middlewares/Third_Party/FatFs/src/diskio.o
 .ARM.attributes
                0x000000000000048b       0x2c ./Middlewares/Third_Party/FatFs/src/ff.o
 .ARM.attributes
                0x00000000000004b7       0x2c ./Middlewares/Third_Party/FatFs/src/ff_gen_drv.o
 .ARM.attributes
                0x00000000000004e3       0x2c ./Middlewares/Third_Party/FatFs/src/option/ccsbcs.o
 .ARM.attributes
                0x000000000000050f       0x2c /Applications/STM32CubeIDE.app/Contents/Eclipse/plugins/com.st.stm32cube.ide.mcu.externaltools.gnu-tools-for-stm32.10.3-2021.10.macos64_1.0.100.202210260954/tools/bin/../lib/gcc/arm-none-eabi/10.3.1/../../../../arm-none-eabi/lib/thumb/v6-m/nofp/libc_nano.a(lib_a-errno.o)
 .ARM.attributes
                0x000000000000053b       0x2c /Applications/STM32CubeIDE.app/Contents/Eclipse/plugins/com.st.stm32cube.ide.mcu.externaltools.gnu-tools-for-stm32.10.3-2021.10.macos64_1.0.100.202210260954/tools/bin/../lib/gcc/arm-none-eabi/10.3.1/../../../../arm-none-eabi/lib/thumb/v6-m/nofp/libc_nano.a(lib_a-impure.o)
 .ARM.attributes
                0x0000000000000567       0x2c /Applications/STM32CubeIDE.app/Contents/Eclipse/plugins/com.st.stm32cube.ide.mcu.externaltools.gnu-tools-for-stm32.10.3-2021.10.macos64_1.0.100.202210260954/tools/bin/../lib/gcc/arm-none-eabi/10.3.1/../../../../arm-none-eabi/lib/thumb/v6-m/nofp/libc_nano.a(lib_a-init.o)
 .ARM.attributes
                0x0000000000000593       0x2c /Applications/STM32CubeIDE.app/Contents/Eclipse/plugins/com.st.stm32cube.ide.mcu.externaltools.gnu-tools-for-stm32.10.3-2021.10.macos64_1.0.100.202210260954/tools/bin/../lib/gcc/arm-none-eabi/10.3.1/../../../../arm-none-eabi/lib/thumb/v6-m/nofp/libc_nano.a(lib_a-memset.o)
 .ARM.attributes
                0x00000000000005bf       0x2c /Applications/STM32CubeIDE.app/Contents/Eclipse/plugins/com.st.stm32cube.ide.mcu.externaltools.gnu-tools-for-stm32.10.3-2021.10.macos64_1.0.100.202210260954/tools/bin/../lib/gcc/arm-none-eabi/10.3.1/../../../../arm-none-eabi/lib/thumb/v6-m/nofp/libc_nano.a(lib_a-sprintf.o)
 .ARM.attributes
                0x00000000000005eb       0x2c /Applications/STM32CubeIDE.app/Contents/Eclipse/plugins/com.st.stm32cube.ide.mcu.externaltools.gnu-tools-for-stm32.10.3-2021.10.macos64_1.0.100.202210260954/tools/bin/../lib/gcc/arm-none-eabi/10.3.1/../../../../arm-none-eabi/lib/thumb/v6-m/nofp/libc_nano.a(lib_a-nano-svfprintf.o)
 .ARM.attributes
                0x0000000000000617       0x2c /Applications/STM32CubeIDE.app/Contents/Eclipse/plugins/com.st.stm32cube.ide.mcu.externaltools.gnu-tools-for-stm32.10.3-2021.10.macos64_1.0.100.202210260954/tools/bin/../lib/gcc/arm-none-eabi/10.3.1/../../../../arm-none-eabi/lib/thumb/v6-m/nofp/libc_nano.a(lib_a-nano-vfprintf_i.o)
 .ARM.attributes
                0x0000000000000643       0x2c /Applications/STM32CubeIDE.app/Contents/Eclipse/plugins/com.st.stm32cube.ide.mcu.externaltools.gnu-tools-for-stm32.10.3-2021.10.macos64_1.0.100.202210260954/tools/bin/../lib/gcc/arm-none-eabi/10.3.1/../../../../arm-none-eabi/lib/thumb/v6-m/nofp/libc_nano.a(lib_a-memchr-stub.o)
 .ARM.attributes
                0x000000000000066f       0x2c /Applications/STM32CubeIDE.app/Contents/Eclipse/plugins/com.st.stm32cube.ide.mcu.externaltools.gnu-tools-for-stm32.10.3-2021.10.macos64_1.0.100.202210260954/tools/bin/../lib/gcc/arm-none-eabi/10.3.1/../../../../arm-none-eabi/lib/thumb/v6-m/nofp/libc_nano.a(lib_a-memcpy-stub.o)
 .ARM.attributes
                0x000000000000069b       0x2c /Applications/STM32CubeIDE.app/Contents/Eclipse/plugins/com.st.stm32cube.ide.mcu.externaltools.gnu-tools-for-stm32.10.3-2021.10.macos64_1.0.100.202210260954/tools/bin/../lib/gcc/arm-none-eabi/10.3.1/../../../../arm-none-eabi/lib/thumb/v6-m/nofp/libc_nano.a(lib_a-memmove.o)
 .ARM.attributes
                0x00000000000006c7       0x2c /Applications/STM32CubeIDE.app/Contents/Eclipse/plugins/com.st.stm32cube.ide.mcu.externaltools.gnu-tools-for-stm32.10.3-2021.10.macos64_1.0.100.202210260954/tools/bin/../lib/gcc/arm-none-eabi/10.3.1/../../../../arm-none-eabi/lib/thumb/v6-m/nofp/libc_nano.a(lib_a-nano-freer.o)
 .ARM.attributes
                0x00000000000006f3       0x2c /Applications/STM32CubeIDE.app/Contents/Eclipse/plugins/com.st.stm32cube.ide.mcu.externaltools.gnu-tools-for-stm32.10.3-2021.10.macos64_1.0.100.202210260954/tools/bin/../lib/gcc/arm-none-eabi/10.3.1/../../../../arm-none-eabi/lib/thumb/v6-m/nofp/libc_nano.a(lib_a-nano-mallocr.o)
 .ARM.attributes
                0x000000000000071f       0x2c /Applications/STM32CubeIDE.app/Contents/Eclipse/plugins/com.st.stm32cube.ide.mcu.externaltools.gnu-tools-for-stm32.10.3-2021.10.macos64_1.0.100.202210260954/tools/bin/../lib/gcc/arm-none-eabi/10.3.1/../../../../arm-none-eabi/lib/thumb/v6-m/nofp/libc_nano.a(lib_a-nano-reallocr.o)
 .ARM.attributes
                0x000000000000074b       0x2c /Applications/STM32CubeIDE.app/Contents/Eclipse/plugins/com.st.stm32cube.ide.mcu.externaltools.gnu-tools-for-stm32.10.3-2021.10.macos64_1.0.100.202210260954/tools/bin/../lib/gcc/arm-none-eabi/10.3.1/../../../../arm-none-eabi/lib/thumb/v6-m/nofp/libc_nano.a(lib_a-sbrkr.o)
 .ARM.attributes
                0x0000000000000777       0x2c /Applications/STM32CubeIDE.app/Contents/Eclipse/plugins/com.st.stm32cube.ide.mcu.externaltools.gnu-tools-for-stm32.10.3-2021.10.macos64_1.0.100.202210260954/tools/bin/../lib/gcc/arm-none-eabi/10.3.1/../../../../arm-none-eabi/lib/thumb/v6-m/nofp/libc_nano.a(lib_a-mlock.o)
 .ARM.attributes
                0x00000000000007a3       0x2c /Applications/STM32CubeIDE.app/Contents/Eclipse/plugins/com.st.stm32cube.ide.mcu.externaltools.gnu-tools-for-stm32.10.3-2021.10.macos64_1.0.100.202210260954/tools/bin/../lib/gcc/arm-none-eabi/10.3.1/../../../../arm-none-eabi/lib/thumb/v6-m/nofp/libc_nano.a(lib_a-nano-msizer.o)
 .ARM.attributes
                0x00000000000007cf       0x2c /Applications/STM32CubeIDE.app/Contents/Eclipse/plugins/com.st.stm32cube.ide.mcu.externaltools.gnu-tools-for-stm32.10.3-2021.10.macos64_1.0.100.202210260954/tools/bin/../lib/gcc/arm-none-eabi/10.3.1/../../../../arm-none-eabi/lib/thumb/v6-m/nofp/libc_nano.a(lib_a-reent.o)
 .ARM.attributes
                0x00000000000007fb       0x2c /Applications/STM32CubeIDE.app/Contents/Eclipse/plugins/com.st.stm32cube.ide.mcu.externaltools.gnu-tools-for-stm32.10.3-2021.10.macos64_1.0.100.202210260954/tools/bin/../lib/gcc/arm-none-eabi/10.3.1/../../../../arm-none-eabi/lib/thumb/v6-m/nofp/libc_nano.a(lib_a-lock.o)
 .ARM.attributes
                0x0000000000000827       0x1e /Applications/STM32CubeIDE.app/Contents/Eclipse/plugins/com.st.stm32cube.ide.mcu.externaltools.gnu-tools-for-stm32.10.3-2021.10.macos64_1.0.100.202210260954/tools/bin/../lib/gcc/arm-none-eabi/10.3.1/thumb/v6-m/nofp/libgcc.a(_thumb1_case_shi.o)
 .ARM.attributes
                0x0000000000000845       0x1e /Applications/STM32CubeIDE.app/Contents/Eclipse/plugins/com.st.stm32cube.ide.mcu.externaltools.gnu-tools-for-stm32.10.3-2021.10.macos64_1.0.100.202210260954/tools/bin/../lib/gcc/arm-none-eabi/10.3.1/thumb/v6-m/nofp/libgcc.a(_udivsi3.o)
 .ARM.attributes
                0x0000000000000863       0x1e /Applications/STM32CubeIDE.app/Contents/Eclipse/plugins/com.st.stm32cube.ide.mcu.externaltools.gnu-tools-for-stm32.10.3-2021.10.macos64_1.0.100.202210260954/tools/bin/../lib/gcc/arm-none-eabi/10.3.1/thumb/v6-m/nofp/libgcc.a(_dvmd_tls.o)
 .ARM.attributes
                0x0000000000000881       0x2c /Applications/STM32CubeIDE.app/Contents/Eclipse/plugins/com.st.stm32cube.ide.mcu.externaltools.gnu-tools-for-stm32.10.3-2021.10.macos64_1.0.100.202210260954/tools/bin/../lib/gcc/arm-none-eabi/10.3.1/thumb/v6-m/nofp/libgcc.a(_fixunsdfsi.o)
 .ARM.attributes
                0x00000000000008ad       0x2c /Applications/STM32CubeIDE.app/Contents/Eclipse/plugins/com.st.stm32cube.ide.mcu.externaltools.gnu-tools-for-stm32.10.3-2021.10.macos64_1.0.100.202210260954/tools/bin/../lib/gcc/arm-none-eabi/10.3.1/thumb/v6-m/nofp/libgcc.a(divdf3.o)
 .ARM.attributes
                0x00000000000008d9       0x2c /Applications/STM32CubeIDE.app/Contents/Eclipse/plugins/com.st.stm32cube.ide.mcu.externaltools.gnu-tools-for-stm32.10.3-2021.10.macos64_1.0.100.202210260954/tools/bin/../lib/gcc/arm-none-eabi/10.3.1/thumb/v6-m/nofp/libgcc.a(muldf3.o)
 .ARM.attributes
                0x0000000000000905       0x2c /Applications/STM32CubeIDE.app/Contents/Eclipse/plugins/com.st.stm32cube.ide.mcu.externaltools.gnu-tools-for-stm32.10.3-2021.10.macos64_1.0.100.202210260954/tools/bin/../lib/gcc/arm-none-eabi/10.3.1/thumb/v6-m/nofp/libgcc.a(subdf3.o)
 .ARM.attributes
                0x0000000000000931       0x2c /Applications/STM32CubeIDE.app/Contents/Eclipse/plugins/com.st.stm32cube.ide.mcu.externaltools.gnu-tools-for-stm32.10.3-2021.10.macos64_1.0.100.202210260954/tools/bin/../lib/gcc/arm-none-eabi/10.3.1/thumb/v6-m/nofp/libgcc.a(fixdfsi.o)
 .ARM.attributes
                0x000000000000095d       0x2c /Applications/STM32CubeIDE.app/Contents/Eclipse/plugins/com.st.stm32cube.ide.mcu.externaltools.gnu-tools-for-stm32.10.3-2021.10.macos64_1.0.100.202210260954/tools/bin/../lib/gcc/arm-none-eabi/10.3.1/thumb/v6-m/nofp/libgcc.a(floatunsidf.o)
 .ARM.attributes
                0x0000000000000989       0x1e /Applications/STM32CubeIDE.app/Contents/Eclipse/plugins/com.st.stm32cube.ide.mcu.externaltools.gnu-tools-for-stm32.10.3-2021.10.macos64_1.0.100.202210260954/tools/bin/../lib/gcc/arm-none-eabi/10.3.1/thumb/v6-m/nofp/libgcc.a(_arm_cmpdf2.o)
 .ARM.attributes
                0x00000000000009a7       0x1e /Applications/STM32CubeIDE.app/Contents/Eclipse/plugins/com.st.stm32cube.ide.mcu.externaltools.gnu-tools-for-stm32.10.3-2021.10.macos64_1.0.100.202210260954/tools/bin/../lib/gcc/arm-none-eabi/10.3.1/thumb/v6-m/nofp/libgcc.a(_clzsi2.o)
 .ARM.attributes
                0x00000000000009c5       0x2c /Applications/STM32CubeIDE.app/Contents/Eclipse/plugins/com.st.stm32cube.ide.mcu.externaltools.gnu-tools-for-stm32.10.3-2021.10.macos64_1.0.100.202210260954/tools/bin/../lib/gcc/arm-none-eabi/10.3.1/thumb/v6-m/nofp/libgcc.a(eqdf2.o)
 .ARM.attributes
                0x00000000000009f1       0x2c /Applications/STM32CubeIDE.app/Contents/Eclipse/plugins/com.st.stm32cube.ide.mcu.externaltools.gnu-tools-for-stm32.10.3-2021.10.macos64_1.0.100.202210260954/tools/bin/../lib/gcc/arm-none-eabi/10.3.1/thumb/v6-m/nofp/libgcc.a(gedf2.o)
 .ARM.attributes
                0x0000000000000a1d       0x2c /Applications/STM32CubeIDE.app/Contents/Eclipse/plugins/com.st.stm32cube.ide.mcu.externaltools.gnu-tools-for-stm32.10.3-2021.10.macos64_1.0.100.202210260954/tools/bin/../lib/gcc/arm-none-eabi/10.3.1/thumb/v6-m/nofp/libgcc.a(ledf2.o)
 .ARM.attributes
                0x0000000000000a49       0x1e /Applications/STM32CubeIDE.app/Contents/Eclipse/plugins/com.st.stm32cube.ide.mcu.externaltools.gnu-tools-for-stm32.10.3-2021.10.macos64_1.0.100.202210260954/tools/bin/../lib/gcc/arm-none-eabi/10.3.1/thumb/v6-m/nofp/crtn.o
OUTPUT(TFTdispolay_Rev0.elf elf32-littlearm)
LOAD linker stubs
LOAD /Applications/STM32CubeIDE.app/Contents/Eclipse/plugins/com.st.stm32cube.ide.mcu.externaltools.gnu-tools-for-stm32.10.3-2021.10.macos64_1.0.100.202210260954/tools/bin/../lib/gcc/arm-none-eabi/10.3.1/../../../../arm-none-eabi/lib/thumb/v6-m/nofp/libc.a
LOAD /Applications/STM32CubeIDE.app/Contents/Eclipse/plugins/com.st.stm32cube.ide.mcu.externaltools.gnu-tools-for-stm32.10.3-2021.10.macos64_1.0.100.202210260954/tools/bin/../lib/gcc/arm-none-eabi/10.3.1/../../../../arm-none-eabi/lib/thumb/v6-m/nofp/libm.a
LOAD /Applications/STM32CubeIDE.app/Contents/Eclipse/plugins/com.st.stm32cube.ide.mcu.externaltools.gnu-tools-for-stm32.10.3-2021.10.macos64_1.0.100.202210260954/tools/bin/../lib/gcc/arm-none-eabi/10.3.1/thumb/v6-m/nofp/libgcc.a

.debug_info     0x0000000000000000    0x13d38
 .debug_info    0x0000000000000000      0xb9c ./Core/Src/fatfs_sd.o
 .debug_info    0x0000000000000b9c     0x155a ./Core/Src/main.o
 .debug_info    0x00000000000020f6     0x12c6 ./Core/Src/stm32f0xx_hal_msp.o
 .debug_info    0x00000000000033bc      0x10a ./Core/Src/stm32f0xx_it.o
 .debug_info    0x00000000000034c6      0x171 ./Core/Src/sysmem.o
 .debug_info    0x0000000000003637      0x269 ./Core/Src/system_stm32f0xx.o
 .debug_info    0x00000000000038a0       0x22 ./Core/Startup/startup_stm32f030c8tx.o
 .debug_info    0x00000000000038c2      0x6bb ./Drivers/STM32F0xx_HAL_Driver/Src/stm32f0xx_hal.o
 .debug_info    0x0000000000003f7d      0xcf3 ./Drivers/STM32F0xx_HAL_Driver/Src/stm32f0xx_hal_adc.o
 .debug_info    0x0000000000004c70      0x6f9 ./Drivers/STM32F0xx_HAL_Driver/Src/stm32f0xx_hal_cortex.o
 .debug_info    0x0000000000005369      0x752 ./Drivers/STM32F0xx_HAL_Driver/Src/stm32f0xx_hal_dma.o
 .debug_info    0x0000000000005abb      0x613 ./Drivers/STM32F0xx_HAL_Driver/Src/stm32f0xx_hal_gpio.o
 .debug_info    0x00000000000060ce     0x2149 ./Drivers/STM32F0xx_HAL_Driver/Src/stm32f0xx_hal_i2c.o
 .debug_info    0x0000000000008217      0x845 ./Drivers/STM32F0xx_HAL_Driver/Src/stm32f0xx_hal_i2c_ex.o
 .debug_info    0x0000000000008a5c      0x888 ./Drivers/STM32F0xx_HAL_Driver/Src/stm32f0xx_hal_rcc.o
 .debug_info    0x00000000000092e4      0x37b ./Drivers/STM32F0xx_HAL_Driver/Src/stm32f0xx_hal_rcc_ex.o
 .debug_info    0x000000000000965f     0x1769 ./Drivers/STM32F0xx_HAL_Driver/Src/stm32f0xx_hal_spi.o
 .debug_info    0x000000000000adc8     0x3b92 ./Drivers/STM32F0xx_HAL_Driver/Src/stm32f0xx_hal_uart.o
 .debug_info    0x000000000000e95a      0x52c ./FATFS/App/fatfs.o
 .debug_info    0x000000000000ee86      0x3d2 ./FATFS/Target/user_diskio.o
 .debug_info    0x000000000000f258       0xf1 ./ILI9488_driver/app.o
 .debug_info    0x000000000000f349      0xe23 ./ILI9488_driver/file.o
 .debug_info    0x000000000001016c      0x400 ./ILI9488_driver/ili9488.o
 .debug_info    0x000000000001056c      0x780 ./ILI9488_driver/uart.o
 .debug_info    0x0000000000010cec      0x40d ./Middlewares/Third_Party/FatFs/src/diskio.o
 .debug_info    0x00000000000110f9     0x271e ./Middlewares/Third_Party/FatFs/src/ff.o
 .debug_info    0x0000000000013817      0x3a4 ./Middlewares/Third_Party/FatFs/src/ff_gen_drv.o
 .debug_info    0x0000000000013bbb      0x17d ./Middlewares/Third_Party/FatFs/src/option/ccsbcs.o

.debug_abbrev   0x0000000000000000     0x30ed
 .debug_abbrev  0x0000000000000000      0x2aa ./Core/Src/fatfs_sd.o
 .debug_abbrev  0x00000000000002aa      0x2a3 ./Core/Src/main.o
 .debug_abbrev  0x000000000000054d      0x1dd ./Core/Src/stm32f0xx_hal_msp.o
 .debug_abbrev  0x000000000000072a       0x96 ./Core/Src/stm32f0xx_it.o
 .debug_abbrev  0x00000000000007c0       0xbb ./Core/Src/sysmem.o
 .debug_abbrev  0x000000000000087b      0x116 ./Core/Src/system_stm32f0xx.o
 .debug_abbrev  0x0000000000000991       0x12 ./Core/Startup/startup_stm32f030c8tx.o
 .debug_abbrev  0x00000000000009a3      0x23f ./Drivers/STM32F0xx_HAL_Driver/Src/stm32f0xx_hal.o
 .debug_abbrev  0x0000000000000be2      0x203 ./Drivers/STM32F0xx_HAL_Driver/Src/stm32f0xx_hal_adc.o
 .debug_abbrev  0x0000000000000de5      0x283 ./Drivers/STM32F0xx_HAL_Driver/Src/stm32f0xx_hal_cortex.o
 .debug_abbrev  0x0000000000001068      0x1e9 ./Drivers/STM32F0xx_HAL_Driver/Src/stm32f0xx_hal_dma.o
 .debug_abbrev  0x0000000000001251      0x1bb ./Drivers/STM32F0xx_HAL_Driver/Src/stm32f0xx_hal_gpio.o
 .debug_abbrev  0x000000000000140c      0x254 ./Drivers/STM32F0xx_HAL_Driver/Src/stm32f0xx_hal_i2c.o
 .debug_abbrev  0x0000000000001660      0x1c1 ./Drivers/STM32F0xx_HAL_Driver/Src/stm32f0xx_hal_i2c_ex.o
 .debug_abbrev  0x0000000000001821      0x283 ./Drivers/STM32F0xx_HAL_Driver/Src/stm32f0xx_hal_rcc.o
 .debug_abbrev  0x0000000000001aa4      0x169 ./Drivers/STM32F0xx_HAL_Driver/Src/stm32f0xx_hal_rcc_ex.o
 .debug_abbrev  0x0000000000001c0d      0x254 ./Drivers/STM32F0xx_HAL_Driver/Src/stm32f0xx_hal_spi.o
 .debug_abbrev  0x0000000000001e61      0x2b6 ./Drivers/STM32F0xx_HAL_Driver/Src/stm32f0xx_hal_uart.o
 .debug_abbrev  0x0000000000002117      0x19a ./FATFS/App/fatfs.o
 .debug_abbrev  0x00000000000022b1      0x13f ./FATFS/Target/user_diskio.o
 .debug_abbrev  0x00000000000023f0       0xa1 ./ILI9488_driver/app.o
 .debug_abbrev  0x0000000000002491      0x270 ./ILI9488_driver/file.o
 .debug_abbrev  0x0000000000002701      0x186 ./ILI9488_driver/ili9488.o
 .debug_abbrev  0x0000000000002887      0x1b8 ./ILI9488_driver/uart.o
 .debug_abbrev  0x0000000000002a3f      0x178 ./Middlewares/Third_Party/FatFs/src/diskio.o
 .debug_abbrev  0x0000000000002bb7      0x2cd ./Middlewares/Third_Party/FatFs/src/ff.o
 .debug_abbrev  0x0000000000002e84      0x196 ./Middlewares/Third_Party/FatFs/src/ff_gen_drv.o
 .debug_abbrev  0x000000000000301a       0xd3 ./Middlewares/Third_Party/FatFs/src/option/ccsbcs.o

.debug_aranges  0x0000000000000000     0x1150
 .debug_aranges
                0x0000000000000000       0xa8 ./Core/Src/fatfs_sd.o
 .debug_aranges
                0x00000000000000a8       0x58 ./Core/Src/main.o
 .debug_aranges
                0x0000000000000100       0x60 ./Core/Src/stm32f0xx_hal_msp.o
 .debug_aranges
                0x0000000000000160       0x40 ./Core/Src/stm32f0xx_it.o
 .debug_aranges
                0x00000000000001a0       0x20 ./Core/Src/sysmem.o
 .debug_aranges
                0x00000000000001c0       0x28 ./Core/Src/system_stm32f0xx.o
 .debug_aranges
                0x00000000000001e8       0x28 ./Core/Startup/startup_stm32f030c8tx.o
 .debug_aranges
                0x0000000000000210       0xd0 ./Drivers/STM32F0xx_HAL_Driver/Src/stm32f0xx_hal.o
 .debug_aranges
                0x00000000000002e0       0xf8 ./Drivers/STM32F0xx_HAL_Driver/Src/stm32f0xx_hal_adc.o
 .debug_aranges
                0x00000000000003d8       0xc0 ./Drivers/STM32F0xx_HAL_Driver/Src/stm32f0xx_hal_cortex.o
 .debug_aranges
                0x0000000000000498       0x88 ./Drivers/STM32F0xx_HAL_Driver/Src/stm32f0xx_hal_dma.o
 .debug_aranges
                0x0000000000000520       0x58 ./Drivers/STM32F0xx_HAL_Driver/Src/stm32f0xx_hal_gpio.o
 .debug_aranges
                0x0000000000000578      0x290 ./Drivers/STM32F0xx_HAL_Driver/Src/stm32f0xx_hal_i2c.o
 .debug_aranges
                0x0000000000000808       0x38 ./Drivers/STM32F0xx_HAL_Driver/Src/stm32f0xx_hal_i2c_ex.o
 .debug_aranges
                0x0000000000000840       0x80 ./Drivers/STM32F0xx_HAL_Driver/Src/stm32f0xx_hal_rcc.o
 .debug_aranges
                0x00000000000008c0       0x30 ./Drivers/STM32F0xx_HAL_Driver/Src/stm32f0xx_hal_rcc_ex.o
 .debug_aranges
                0x00000000000008f0      0x1d8 ./Drivers/STM32F0xx_HAL_Driver/Src/stm32f0xx_hal_spi.o
 .debug_aranges
                0x0000000000000ac8      0x218 ./Drivers/STM32F0xx_HAL_Driver/Src/stm32f0xx_hal_uart.o
 .debug_aranges
                0x0000000000000ce0       0x28 ./FATFS/App/fatfs.o
 .debug_aranges
                0x0000000000000d08       0x40 ./FATFS/Target/user_diskio.o
 .debug_aranges
                0x0000000000000d48       0x28 ./ILI9488_driver/app.o
 .debug_aranges
                0x0000000000000d70       0x30 ./ILI9488_driver/file.o
 .debug_aranges
                0x0000000000000da0       0xc0 ./ILI9488_driver/ili9488.o
 .debug_aranges
                0x0000000000000e60       0x30 ./ILI9488_driver/uart.o
 .debug_aranges
                0x0000000000000e90       0x48 ./Middlewares/Third_Party/FatFs/src/diskio.o
 .debug_aranges
                0x0000000000000ed8      0x210 ./Middlewares/Third_Party/FatFs/src/ff.o
 .debug_aranges
                0x00000000000010e8       0x40 ./Middlewares/Third_Party/FatFs/src/ff_gen_drv.o
 .debug_aranges
                0x0000000000001128       0x28 ./Middlewares/Third_Party/FatFs/src/option/ccsbcs.o

.debug_ranges   0x0000000000000000      0xfc8
 .debug_ranges  0x0000000000000000       0x98 ./Core/Src/fatfs_sd.o
 .debug_ranges  0x0000000000000098       0x48 ./Core/Src/main.o
 .debug_ranges  0x00000000000000e0       0x50 ./Core/Src/stm32f0xx_hal_msp.o
 .debug_ranges  0x0000000000000130       0x30 ./Core/Src/stm32f0xx_it.o
 .debug_ranges  0x0000000000000160       0x10 ./Core/Src/sysmem.o
 .debug_ranges  0x0000000000000170       0x18 ./Core/Src/system_stm32f0xx.o
 .debug_ranges  0x0000000000000188       0x20 ./Core/Startup/startup_stm32f030c8tx.o
 .debug_ranges  0x00000000000001a8       0xc0 ./Drivers/STM32F0xx_HAL_Driver/Src/stm32f0xx_hal.o
 .debug_ranges  0x0000000000000268       0xe8 ./Drivers/STM32F0xx_HAL_Driver/Src/stm32f0xx_hal_adc.o
 .debug_ranges  0x0000000000000350       0xb0 ./Drivers/STM32F0xx_HAL_Driver/Src/stm32f0xx_hal_cortex.o
 .debug_ranges  0x0000000000000400       0x78 ./Drivers/STM32F0xx_HAL_Driver/Src/stm32f0xx_hal_dma.o
 .debug_ranges  0x0000000000000478       0x48 ./Drivers/STM32F0xx_HAL_Driver/Src/stm32f0xx_hal_gpio.o
 .debug_ranges  0x00000000000004c0      0x280 ./Drivers/STM32F0xx_HAL_Driver/Src/stm32f0xx_hal_i2c.o
 .debug_ranges  0x0000000000000740       0x28 ./Drivers/STM32F0xx_HAL_Driver/Src/stm32f0xx_hal_i2c_ex.o
 .debug_ranges  0x0000000000000768       0x70 ./Drivers/STM32F0xx_HAL_Driver/Src/stm32f0xx_hal_rcc.o
 .debug_ranges  0x00000000000007d8       0x20 ./Drivers/STM32F0xx_HAL_Driver/Src/stm32f0xx_hal_rcc_ex.o
 .debug_ranges  0x00000000000007f8      0x1c8 ./Drivers/STM32F0xx_HAL_Driver/Src/stm32f0xx_hal_spi.o
 .debug_ranges  0x00000000000009c0      0x238 ./Drivers/STM32F0xx_HAL_Driver/Src/stm32f0xx_hal_uart.o
 .debug_ranges  0x0000000000000bf8       0x18 ./FATFS/App/fatfs.o
 .debug_ranges  0x0000000000000c10       0x30 ./FATFS/Target/user_diskio.o
 .debug_ranges  0x0000000000000c40       0x18 ./ILI9488_driver/app.o
 .debug_ranges  0x0000000000000c58       0x20 ./ILI9488_driver/file.o
 .debug_ranges  0x0000000000000c78       0xb0 ./ILI9488_driver/ili9488.o
 .debug_ranges  0x0000000000000d28       0x20 ./ILI9488_driver/uart.o
 .debug_ranges  0x0000000000000d48       0x38 ./Middlewares/Third_Party/FatFs/src/diskio.o
 .debug_ranges  0x0000000000000d80      0x200 ./Middlewares/Third_Party/FatFs/src/ff.o
 .debug_ranges  0x0000000000000f80       0x30 ./Middlewares/Third_Party/FatFs/src/ff_gen_drv.o
 .debug_ranges  0x0000000000000fb0       0x18 ./Middlewares/Third_Party/FatFs/src/option/ccsbcs.o

.debug_macro    0x0000000000000000    0x13ae7
 .debug_macro   0x0000000000000000      0x20a ./Core/Src/fatfs_sd.o
 .debug_macro   0x000000000000020a      0xa4e ./Core/Src/fatfs_sd.o
 .debug_macro   0x0000000000000c58      0x139 ./Core/Src/fatfs_sd.o
 .debug_macro   0x0000000000000d91       0x2e ./Core/Src/fatfs_sd.o
 .debug_macro   0x0000000000000dbf       0x22 ./Core/Src/fatfs_sd.o
 .debug_macro   0x0000000000000de1       0x22 ./Core/Src/fatfs_sd.o
 .debug_macro   0x0000000000000e03       0x8e ./Core/Src/fatfs_sd.o
 .debug_macro   0x0000000000000e91       0x51 ./Core/Src/fatfs_sd.o
 .debug_macro   0x0000000000000ee2      0x103 ./Core/Src/fatfs_sd.o
 .debug_macro   0x0000000000000fe5       0x6a ./Core/Src/fatfs_sd.o
 .debug_macro   0x000000000000104f      0x1df ./Core/Src/fatfs_sd.o
 .debug_macro   0x000000000000122e       0x1c ./Core/Src/fatfs_sd.o
 .debug_macro   0x000000000000124a       0x22 ./Core/Src/fatfs_sd.o
 .debug_macro   0x000000000000126c       0xaf ./Core/Src/fatfs_sd.o
 .debug_macro   0x000000000000131b      0x391 ./Core/Src/fatfs_sd.o
 .debug_macro   0x00000000000016ac     0x6f40 ./Core/Src/fatfs_sd.o
 .debug_macro   0x00000000000085ec       0x66 ./Core/Src/fatfs_sd.o
 .debug_macro   0x0000000000008652     0x34a6 ./Core/Src/fatfs_sd.o
 .debug_macro   0x000000000000baf8      0x174 ./Core/Src/fatfs_sd.o
 .debug_macro   0x000000000000bc6c       0x55 ./Core/Src/fatfs_sd.o
 .debug_macro   0x000000000000bcc1      0x924 ./Core/Src/fatfs_sd.o
 .debug_macro   0x000000000000c5e5      0x17f ./Core/Src/fatfs_sd.o
 .debug_macro   0x000000000000c764      0x1af ./Core/Src/fatfs_sd.o
 .debug_macro   0x000000000000c913       0xd9 ./Core/Src/fatfs_sd.o
 .debug_macro   0x000000000000c9ec      0x1a0 ./Core/Src/fatfs_sd.o
 .debug_macro   0x000000000000cb8c      0x1ed ./Core/Src/fatfs_sd.o
 .debug_macro   0x000000000000cd79       0x34 ./Core/Src/fatfs_sd.o
 .debug_macro   0x000000000000cdad       0x43 ./Core/Src/fatfs_sd.o
 .debug_macro   0x000000000000cdf0       0x28 ./Core/Src/fatfs_sd.o
 .debug_macro   0x000000000000ce18      0x33d ./Core/Src/fatfs_sd.o
 .debug_macro   0x000000000000d155       0xc2 ./Core/Src/fatfs_sd.o
 .debug_macro   0x000000000000d217       0xb0 ./Core/Src/fatfs_sd.o
 .debug_macro   0x000000000000d2c7      0x199 ./Core/Src/fatfs_sd.o
 .debug_macro   0x000000000000d460      0x22c ./Core/Src/fatfs_sd.o
 .debug_macro   0x000000000000d68c       0x61 ./Core/Src/fatfs_sd.o
 .debug_macro   0x000000000000d6ed       0xa5 ./Core/Src/fatfs_sd.o
 .debug_macro   0x000000000000d792       0x4c ./Core/Src/fatfs_sd.o
 .debug_macro   0x000000000000d7de       0x2b ./Core/Src/fatfs_sd.o
 .debug_macro   0x000000000000d809      0x2fe ./Core/Src/fatfs_sd.o
 .debug_macro   0x000000000000db07      0x55f ./Core/Src/fatfs_sd.o
 .debug_macro   0x000000000000e066       0x3e ./Core/Src/fatfs_sd.o
 .debug_macro   0x000000000000e0a4       0xff ./Core/Src/fatfs_sd.o
 .debug_macro   0x000000000000e1a3       0x16 ./Core/Src/fatfs_sd.o
 .debug_macro   0x000000000000e1b9       0x7c ./Core/Src/fatfs_sd.o
 .debug_macro   0x000000000000e235       0x8e ./Core/Src/fatfs_sd.o
 .debug_macro   0x000000000000e2c3      0x3e2 ./Core/Src/main.o
 .debug_macro   0x000000000000e6a5      0x154 ./Core/Src/main.o
 .debug_macro   0x000000000000e7f9       0xde ./Core/Src/main.o
 .debug_macro   0x000000000000e8d7       0xf5 ./Core/Src/main.o
 .debug_macro   0x000000000000e9cc       0x8e ./Core/Src/main.o
 .debug_macro   0x000000000000ea5a       0x2e ./Core/Src/main.o
 .debug_macro   0x000000000000ea88       0x52 ./Core/Src/main.o
 .debug_macro   0x000000000000eada       0x18 ./Core/Src/main.o
 .debug_macro   0x000000000000eaf2       0x3c ./Core/Src/main.o
 .debug_macro   0x000000000000eb2e       0x34 ./Core/Src/main.o
 .debug_macro   0x000000000000eb62       0x16 ./Core/Src/main.o
 .debug_macro   0x000000000000eb78       0x35 ./Core/Src/main.o
 .debug_macro   0x000000000000ebad      0x341 ./Core/Src/main.o
 .debug_macro   0x000000000000eeee       0x10 ./Core/Src/main.o
 .debug_macro   0x000000000000eefe       0x16 ./Core/Src/main.o
 .debug_macro   0x000000000000ef14       0x43 ./Core/Src/main.o
 .debug_macro   0x000000000000ef57       0x34 ./Core/Src/main.o
 .debug_macro   0x000000000000ef8b       0x10 ./Core/Src/main.o
 .debug_macro   0x000000000000ef9b       0x58 ./Core/Src/main.o
 .debug_macro   0x000000000000eff3       0x71 ./Core/Src/main.o
 .debug_macro   0x000000000000f064       0x1c ./Core/Src/main.o
 .debug_macro   0x000000000000f080      0x12a ./Core/Src/main.o
 .debug_macro   0x000000000000f1aa       0x10 ./Core/Src/main.o
 .debug_macro   0x000000000000f1ba       0x1c ./Core/Src/main.o
 .debug_macro   0x000000000000f1d6       0x52 ./Core/Src/main.o
 .debug_macro   0x000000000000f228       0x22 ./Core/Src/main.o
 .debug_macro   0x000000000000f24a       0x10 ./Core/Src/main.o
 .debug_macro   0x000000000000f25a       0x52 ./Core/Src/main.o
 .debug_macro   0x000000000000f2ac       0xd5 ./Core/Src/main.o
 .debug_macro   0x000000000000f381       0x1c ./Core/Src/main.o
 .debug_macro   0x000000000000f39d       0x3d ./Core/Src/main.o
 .debug_macro   0x000000000000f3da       0x16 ./Core/Src/main.o
 .debug_macro   0x000000000000f3f0      0x145 ./Core/Src/main.o
 .debug_macro   0x000000000000f535       0x16 ./Core/Src/main.o
 .debug_macro   0x000000000000f54b       0x16 ./Core/Src/main.o
 .debug_macro   0x000000000000f561       0x29 ./Core/Src/main.o
 .debug_macro   0x000000000000f58a      0x19b ./Core/Src/main.o
 .debug_macro   0x000000000000f725      0x1e6 ./Core/Src/stm32f0xx_hal_msp.o
 .debug_macro   0x000000000000f90b      0x1f0 ./Core/Src/stm32f0xx_it.o
 .debug_macro   0x000000000000fafb       0xff ./Core/Src/sysmem.o
 .debug_macro   0x000000000000fbfa      0x23b ./Core/Src/sysmem.o
 .debug_macro   0x000000000000fe35      0x1d7 ./Core/Src/system_stm32f0xx.o
 .debug_macro   0x000000000001000c      0x1fb ./Drivers/STM32F0xx_HAL_Driver/Src/stm32f0xx_hal.o
 .debug_macro   0x0000000000010207      0x1fb ./Drivers/STM32F0xx_HAL_Driver/Src/stm32f0xx_hal_adc.o
 .debug_macro   0x0000000000010402      0x1d7 ./Drivers/STM32F0xx_HAL_Driver/Src/stm32f0xx_hal_cortex.o
 .debug_macro   0x00000000000105d9      0x1d7 ./Drivers/STM32F0xx_HAL_Driver/Src/stm32f0xx_hal_dma.o
 .debug_macro   0x00000000000107b0      0x1de ./Drivers/STM32F0xx_HAL_Driver/Src/stm32f0xx_hal_gpio.o
 .debug_macro   0x000000000001098e      0x29c ./Drivers/STM32F0xx_HAL_Driver/Src/stm32f0xx_hal_i2c.o
 .debug_macro   0x0000000000010c2a      0x1d7 ./Drivers/STM32F0xx_HAL_Driver/Src/stm32f0xx_hal_i2c_ex.o
 .debug_macro   0x0000000000010e01      0x1e9 ./Drivers/STM32F0xx_HAL_Driver/Src/stm32f0xx_hal_rcc.o
 .debug_macro   0x0000000000010fea      0x1d7 ./Drivers/STM32F0xx_HAL_Driver/Src/stm32f0xx_hal_rcc_ex.o
 .debug_macro   0x00000000000111c1      0x1df ./Drivers/STM32F0xx_HAL_Driver/Src/stm32f0xx_hal_spi.o