Archive member included to satisfy reference by file (symbol)

/Applications/STM32CubeIDE.app/Contents/Eclipse/plugins/com.st.stm32cube.ide.mcu.externaltools.gnu-tools-for-stm32.10.3-2021.10.macos64_1.0.100.202210260954/tools/bin/../lib/gcc/arm-none-eabi/10.3.1/../../../../arm-none-eabi/lib/thumb/v6-m/nofp/libc_nano.a(lib_a-errno.o)
                              ./Core/Src/syscalls.o (__errno)
/Applications/STM32CubeIDE.app/Contents/Eclipse/plugins/com.st.stm32cube.ide.mcu.externaltools.gnu-tools-for-stm32.10.3-2021.10.macos64_1.0.100.202210260954/tools/bin/../lib/gcc/arm-none-eabi/10.3.1/../../../../arm-none-eabi/lib/thumb/v6-m/nofp/libc_nano.a(lib_a-exit.o)
                              /Applications/STM32CubeIDE.app/Contents/Eclipse/plugins/com.st.stm32cube.ide.mcu.externaltools.gnu-tools-for-stm32.10.3-2021.10.macos64_1.0.100.202210260954/tools/bin/../lib/gcc/arm-none-eabi/10.3.1/../../../../arm-none-eabi/lib/thumb/v6-m/nofp/crt0.o (exit)
/Applications/STM32CubeIDE.app/Contents/Eclipse/plugins/com.st.stm32cube.ide.mcu.externaltools.gnu-tools-for-stm32.10.3-2021.10.macos64_1.0.100.202210260954/tools/bin/../lib/gcc/arm-none-eabi/10.3.1/../../../../arm-none-eabi/lib/thumb/v6-m/nofp/libc_nano.a(lib_a-impure.o)
                              /Applications/STM32CubeIDE.app/Contents/Eclipse/plugins/com.st.stm32cube.ide.mcu.externaltools.gnu-tools-for-stm32.10.3-2021.10.macos64_1.0.100.202210260954/tools/bin/../lib/gcc/arm-none-eabi/10.3.1/../../../../arm-none-eabi/lib/thumb/v6-m/nofp/libc_nano.a(lib_a-exit.o) (_global_impure_ptr)
/Applications/STM32CubeIDE.app/Contents/Eclipse/plugins/com.st.stm32cube.ide.mcu.externaltools.gnu-tools-for-stm32.10.3-2021.10.macos64_1.0.100.202210260954/tools/bin/../lib/gcc/arm-none-eabi/10.3.1/../../../../arm-none-eabi/lib/thumb/v6-m/nofp/libc_nano.a(lib_a-init.o)
                              /Applications/STM32CubeIDE.app/Contents/Eclipse/plugins/com.st.stm32cube.ide.mcu.externaltools.gnu-tools-for-stm32.10.3-2021.10.macos64_1.0.100.202210260954/tools/bin/../lib/gcc/arm-none-eabi/10.3.1/../../../../arm-none-eabi/lib/thumb/v6-m/nofp/crt0.o (__libc_init_array)
/Applications/STM32CubeIDE.app/Contents/Eclipse/plugins/com.st.stm32cube.ide.mcu.externaltools.gnu-tools-for-stm32.10.3-2021.10.macos64_1.0.100.202210260954/tools/bin/../lib/gcc/arm-none-eabi/10.3.1/../../../../arm-none-eabi/lib/thumb/v6-m/nofp/libc_nano.a(lib_a-memset.o)
                              /Applications/STM32CubeIDE.app/Contents/Eclipse/plugins/com.st.stm32cube.ide.mcu.externaltools.gnu-tools-for-stm32.10.3-2021.10.macos64_1.0.100.202210260954/tools/bin/../lib/gcc/arm-none-eabi/10.3.1/../../../../arm-none-eabi/lib/thumb/v6-m/nofp/crt0.o (memset)
/Applications/STM32CubeIDE.app/Contents/Eclipse/plugins/com.st.stm32cube.ide.mcu.externaltools.gnu-tools-for-stm32.10.3-2021.10.macos64_1.0.100.202210260954/tools/bin/../lib/gcc/arm-none-eabi/10.3.1/../../../../arm-none-eabi/lib/thumb/v6-m/nofp/libc_nano.a(lib_a-sprintf.o)
                              ./ILI9488_driver/uart.o (sprintf)
/Applications/STM32CubeIDE.app/Contents/Eclipse/plugins/com.st.stm32cube.ide.mcu.externaltools.gnu-tools-for-stm32.10.3-2021.10.macos64_1.0.100.202210260954/tools/bin/../lib/gcc/arm-none-eabi/10.3.1/../../../../arm-none-eabi/lib/thumb/v6-m/nofp/libc_nano.a(lib_a-nano-svfprintf.o)
                              /Applications/STM32CubeIDE.app/Contents/Eclipse/plugins/com.st.stm32cube.ide.mcu.externaltools.gnu-tools-for-stm32.10.3-2021.10.macos64_1.0.100.202210260954/tools/bin/../lib/gcc/arm-none-eabi/10.3.1/../../../../arm-none-eabi/lib/thumb/v6-m/nofp/libc_nano.a(lib_a-sprintf.o) (_svfprintf_r)
/Applications/STM32CubeIDE.app/Contents/Eclipse/plugins/com.st.stm32cube.ide.mcu.externaltools.gnu-tools-for-stm32.10.3-2021.10.macos64_1.0.100.202210260954/tools/bin/../lib/gcc/arm-none-eabi/10.3.1/../../../../arm-none-eabi/lib/thumb/v6-m/nofp/libc_nano.a(lib_a-nano-vfprintf_i.o)
                              /Applications/STM32CubeIDE.app/Contents/Eclipse/plugins/com.st.stm32cube.ide.mcu.externaltools.gnu-tools-for-stm32.10.3-2021.10.macos64_1.0.100.202210260954/tools/bin/../lib/gcc/arm-none-eabi/10.3.1/../../../../arm-none-eabi/lib/thumb/v6-m/nofp/libc_nano.a(lib_a-nano-svfprintf.o) (_printf_i)
/Applications/STM32CubeIDE.app/Contents/Eclipse/plugins/com.st.stm32cube.ide.mcu.externaltools.gnu-tools-for-stm32.10.3-2021.10.macos64_1.0.100.202210260954/tools/bin/../lib/gcc/arm-none-eabi/10.3.1/../../../../arm-none-eabi/lib/thumb/v6-m/nofp/libc_nano.a(lib_a-memchr-stub.o)
                              /Applications/STM32CubeIDE.app/Contents/Eclipse/plugins/com.st.stm32cube.ide.mcu.externaltools.gnu-tools-for-stm32.10.3-2021.10.macos64_1.0.100.202210260954/tools/bin/../lib/gcc/arm-none-eabi/10.3.1/../../../../arm-none-eabi/lib/thumb/v6-m/nofp/libc_nano.a(lib_a-nano-svfprintf.o) (memchr)
[...]
Memory Configuration

Name             Origin             Length             Attributes
RAM              0x0000000020000000 0x0000000000002000 xrw
FLASH            0x0000000008000000 0x0000000000010000 xr
*default*        0x0000000000000000 0xffffffffffffffff

Linker script and memory map

LOAD /Applications/STM32CubeIDE.app/Contents/Eclipse/plugins/com.st.stm32cube.ide.mcu.externaltools.gnu-tools-for-stm32.10.3-2021.10.macos64_1.0.100.202210260954/tools/bin/../lib/gcc/arm-none-eabi/10.3.1/thumb/v6-m/nofp/crti.o
LOAD /Applications/STM32CubeIDE.app/Contents/Eclipse/plugins/com.st.stm32cube.ide.mcu.externaltools.gnu-tools-for-stm32.10.3-2021.10.macos64_1.0.100.202210260954/tools/bin/../lib/gcc/arm-none-eabi/10.3.1/thumb/v6-m/nofp/crtbegin.o
LOAD /Applications/STM32CubeIDE.app/Contents/Eclipse/plugins/com.st.stm32cube.ide.mcu.externaltools.gnu-tools-for-stm32.10.3-2021.10.macos64_1.0.100.202210260954/tools/bin/../lib/gcc/arm-none-eabi/10.3.1/../../../../arm-none-eabi/lib/thumb/v6-m/nofp/crt0.o
LOAD ./Core/Src/fatfs_sd.o
LOAD ./Core/Src/main.o
LOAD ./Core/Src/stm32f0xx_hal_msp.o
LOAD ./Core/Src/stm32f0xx_it.o
LOAD ./Core/Src/syscalls.o
LOAD ./Core/Src/sysmem.o
LOAD ./Core/Src/system_stm32f0xx.o
LOAD ./Core/Startup/startup_stm32f030c8tx.o
LOAD ./Drivers/STM32F0xx_HAL_Driver/Src/stm32f0xx_hal.o
LOAD ./Drivers/STM32F0xx_HAL_Driver/Src/stm32f0xx_hal_adc.o
LOAD ./Drivers/STM32F0xx_HAL_Driver/Src/stm32f0xx_hal_adc_ex.o
LOAD ./Drivers/STM32F0xx_HAL_Driver/Src/stm32f0xx_hal_cortex.o
LOAD ./Drivers/STM32F0xx_HAL_Driver/Src/stm32f0xx_hal_dma.o
LOAD ./Drivers/STM32F0xx_HAL_Driver/Src/stm32f0xx_hal_exti.o
LOAD ./Drivers/STM32F0xx_HAL_Driver/Src/stm32f0xx_hal_flash.o
LOAD ./Drivers/STM32F0xx_HAL_Driver/Src/stm32f0xx_hal_flash_ex.o
LOAD ./Drivers/STM32F0xx_HAL_Driver/Src/stm32f0xx_hal_gpio.o
LOAD ./Drivers/STM32F0xx_HAL_Driver/Src/stm32f0xx_hal_i2c.o
LOAD ./Drivers/STM32F0xx_HAL_Driver/Src/stm32f0xx_hal_i2c_ex.o
LOAD ./Drivers/STM32F0xx_HAL_Driver/Src/stm32f0xx_hal_pwr.o
LOAD ./Drivers/STM32F0xx_HAL_Driver/Src/stm32f0xx_hal_pwr_ex.o
LOAD ./Drivers/STM32F0xx_HAL_Driver/Src/stm32f0xx_hal_rcc.o
LOAD ./Drivers/STM32F0xx_HAL_Driver/Src/stm32f0xx_hal_rcc_ex.o
LOAD ./Drivers/STM32F0xx_HAL_Driver/Src/stm32f0xx_hal_spi.o
LOAD ./Drivers/STM32F0xx_HAL_Driver/Src/stm32f0xx_hal_spi_ex.o
LOAD ./Drivers/STM32F0xx_HAL_Driver/Src/stm32f0xx_hal_tim.o
LOAD ./Drivers/STM32F0xx_HAL_Driver/Src/stm32f0xx_hal_tim_ex.o
LOAD ./Drivers/STM32F0xx_HAL_Driver/Src/stm32f0xx_hal_uart.o
LOAD ./Drivers/STM32F0xx_HAL_Driver/Src/stm32f0xx_hal_uart_ex.o
LOAD ./FATFS/App/fatfs.o
LOAD ./FATFS/Target/user_diskio.o
LOAD ./ILI9488_driver/app.o
LOAD ./ILI9488_driver/file.o
LOAD ./ILI9488_driver/ili9488.o
LOAD ./ILI9488_driver/uart.o
LOAD ./Middlewares/Third_Party/FatFs/src/diskio.o
LOAD ./Middlewares/Third_Party/FatFs/src/ff.o
LOAD ./Middlewares/Third_Party/FatFs/src/ff_gen_drv.o
LOAD ./Middlewares/Third_Party/FatFs/src/option/ccsbcs.o
LOAD ./Middlewares/Third_Party/FatFs/src/option/syscall.o
START GROUP
LOAD /Applications/STM32CubeIDE.app/Contents/Eclipse/plugins/com.st.stm32cube.ide.mcu.externaltools.gnu-tools-for-stm32.10.3-2021.10.macos64_1.0.100.202210260954/tools/bin/../lib/gcc/arm-none-eabi/10.3.1/../../../../arm-none-eabi/lib/thumb/v6-m/nofp/libstdc++_nano.a
LOAD /Applications/STM32CubeIDE.app/Contents/Eclipse/plugins/com.st.stm32cube.ide.mcu.externaltools.gnu-tools-for-stm32.10.3-2021.10.macos64_1.0.100.202210260954/tools/bin/../lib/gcc/arm-none-eabi/10.3.1/../../../../arm-none-eabi/lib/thumb/v6-m/nofp/libsupc++_nano.a
END GROUP
LOAD /Applications/STM32CubeIDE.app/Contents/Eclipse/plugins/com.st.stm32cube.ide.mcu.externaltools.gnu-tools-for-stm32.10.3-2021.10.macos64_1.0.100.202210260954/tools/bin/../lib/gcc/arm-none-eabi/10.3.1/../../../../arm-none-eabi/lib/thumb/v6-m/nofp/libstdc++_nano.a
LOAD /Applications/STM32CubeIDE.app/Contents/Eclipse/plugins/com.st.stm32cube.ide.mcu.externaltools.gnu-tools-for-stm32.10.3-2021.10.macos64_1.0.100.202210260954/tools/bin/../lib/gcc/arm-none-eabi/10.3.1/../../../../arm-none-eabi/lib/thumb/v6-m/nofp/libm.a
LOAD /Applications/STM32CubeIDE.app/Contents/Eclipse/plugins/com.st.stm32cube.ide.mcu.externaltools.gnu-tools-for-stm32.10.3-2021.10.macos64_1.0.100.202210260954/tools/bin/../lib/gcc/arm-none-eabi/10.3.1/../../../../arm-none-eabi/lib/thumb/v6-m/nofp/libc_nano.a
START GROUP
LOAD /Applications/STM32CubeIDE.app/Contents/Eclipse/plugins/com.st.stm32cube.ide.mcu.externaltools.gnu-tools-for-stm32.10.3-2021.10.macos64_1.0.100.202210260954/tools/bin/../lib/gcc/arm-none-eabi/10.3.1/thumb/v6-m/nofp/libgcc.a
LOAD /Applications/STM32CubeIDE.app/Contents/Eclipse/plugins/com.st.stm32cube.ide.mcu.externaltools.gnu-tools-for-stm32.10.3-2021.10.macos64_1.0.100.202210260954/tools/bin/../lib/gcc/arm-none-eabi/10.3.1/../../../../arm-none-eabi/lib/thumb/v6-m/nofp/libc_nano.a
END GROUP
START GROUP
LOAD /Applications/STM32CubeIDE.app/Contents/Eclipse/plugins/com.st.stm32cube.ide.mcu.externaltools.gnu-tools-for-stm32.10.3-2021.10.macos64_1.0.100.202210260954/tools/bin/../lib/gcc/arm-none-eabi/10.3.1/thumb/v6-m/nofp/libgcc.a
LOAD /Applications/STM32CubeIDE.app/Contents/Eclipse/plugins/com.st.stm32cube.ide.mcu.externaltools.gnu-tools-for-stm32.10.3-2021.10.macos64_1.0.100.202210260954/tools/bin/../lib/gcc/arm-none-eabi/10.3.1/../../../../arm-none-eabi/lib/thumb/v6-m/nofp/libc_nano.a
LOAD /Applications/STM32CubeIDE.app/Contents/Eclipse/plugins/com.st.stm32cube.ide.mcu.externaltools.gnu-tools-for-stm32.10.3-2021.10.macos64_1.0.100.202210260954/tools/bin/../lib/gcc/arm-none-eabi/10.3.1/../../../../arm-none-eabi/lib/thumb/v6-m/nofp/libnosys.a
END GROUP
START GROUP
LOAD /Applications/STM32CubeIDE.app/Contents/Eclipse/plugins/com.st.stm32cube.ide.mcu.externaltools.gnu-tools-for-stm32.10.3-2021.10.macos64_1.0.100.202210260954/tools/bin/../lib/gcc/arm-none-eabi/10.3.1/thumb/v6-m/nofp/libgcc.a
LOAD /Applications/STM32CubeIDE.app/Contents/Eclipse/plugins/com.st.stm32cube.ide.mcu.externaltools.gnu-tools-for-stm32.10.3-2021.10.macos64_1.0.100.202210260954/tools/bin/../lib/gcc/arm-none-eabi/10.3.1/../../../../arm-none-eabi/lib/thumb/v6-m/nofp/libc_nano.a
LOAD /Applications/STM32CubeIDE.app/Contents/Eclipse/plugins/com.st.stm32cube.ide.mcu.externaltools.gnu-tools-for-stm32.10.3-2021.10.macos64_1.0.100.202210260954/tools/bin/../lib/gcc/arm-none-eabi/10.3.1/../../../../arm-none-eabi/lib/thumb/v6-m/nofp/libnosys.a
END GROUP
LOAD /Applications/STM32CubeIDE.app/Contents/Eclipse/plugins/com.st.stm32cube.ide.mcu.externaltools.gnu-tools-for-stm32.10.3-2021.10.macos64_1.0.100.202210260954/tools/bin/../lib/gcc/arm-none-eabi/10.3.1/thumb/v6-m/nofp/crtend.o
LOAD /Applications/STM32CubeIDE.app/Contents/Eclipse/plugins/com.st.stm32cube.ide.mcu.externaltools.gnu-tools-for-stm32.10.3-2021.10.macos64_1.0.100.202210260954/tools/bin/../lib/gcc/arm-none-eabi/10.3.1/thumb/v6-m/nofp/crtn.o
                0x0000000020002000                _estack = (ORIGIN (RAM) + LENGTH (RAM))
                0x0000000000000200                _Min_Heap_Size = 0x200
                0x0000000000000400                _Min_Stack_Size = 0x400

.isr_vector     0x0000000008000000       0xc0
                0x0000000008000000                . = ALIGN (0x4)
 *(.isr_vector)
 .isr_vector    0x0000000008000000       0xc0 ./Core/Startup/startup_stm32f030c8tx.o
                0x0000000008000000                g_pfnVectors
                0x00000000080000c0                . = ALIGN (0x4)

.text           0x00000000080000c0     0xa1c4
                0x00000000080000c0                . = ALIGN (0x4)
 *(.text)
 .text          0x00000000080000c0       0x48 /Applications/STM32CubeIDE.app/Contents/Eclipse/plugins/com.st.stm32cube.ide.mcu.externaltools.gnu-tools-for-stm32.10.3-2021.10.macos64_1.0.100.202210260954/tools/bin/../lib/gcc/arm-none-eabi/10.3.1/thumb/v6-m/nofp/crtbegin.o
 .text          0x0000000008000108       0x14 /Applications/STM32CubeIDE.app/Contents/Eclipse/plugins/com.st.stm32cube.ide.mcu.externaltools.gnu-tools-for-stm32.10.3-2021.10.macos64_1.0.100.202210260954/tools/bin/../lib/gcc/arm-none-eabi/10.3.1/thumb/v6-m/nofp/libgcc.a(_thumb1_case_shi.o)
                0x0000000008000108                __gnu_thumb1_case_shi
 .text          0x000000000800011c      0x114 /Applications/STM32CubeIDE.app/Contents/Eclipse/plugins/com.st.stm32cube.ide.mcu.externaltools.gnu-tools-for-stm32.10.3-2021.10.macos64_1.0.100.202210260954/tools/bin/../lib/gcc/arm-none-eabi/10.3.1/thumb/v6-m/nofp/libgcc.a(_udivsi3.o)
                0x000000000800011c                __udivsi3
                0x000000000800011c                __aeabi_uidiv
                0x0000000008000228                __aeabi_uidivmod
 .text          0x0000000008000230        0x4 /Applications/STM32CubeIDE.app/Contents/Eclipse/plugins/com.st.stm32cube.ide.mcu.externaltools.gnu-tools-for-stm32.10.3-2021.10.macos64_1.0.100.202210260954/tools/bin/../lib/gcc/arm-none-eabi/10.3.1/thumb/v6-m/nofp/libgcc.a(_dvmd_tls.o)
                0x0000000008000230                __aeabi_ldiv0
                0x0000000008000230                __aeabi_idiv0
 .text          0x0000000008000234       0x3c /Applications/STM32CubeIDE.app/Contents/Eclipse/plugins/com.st.stm32cube.ide.mcu.externaltools.gnu-tools-for-stm32.10.3-2021.10.macos64_1.0.100.202210260954/tools/bin/../lib/gcc/arm-none-eabi/10.3.1/thumb/v6-m/nofp/libgcc.a(_fixunsdfsi.o)
                0x0000000008000234                __fixunsdfsi
                0x0000000008000234                __aeabi_d2uiz
 .text          0x0000000008000270      0x5ec /Applications/STM32CubeIDE.app/Contents/Eclipse/plugins/com.st.stm32cube.ide.mcu.externaltools.gnu-tools-for-stm32.10.3-2021.10.macos64_1.0.100.202210260954/tools/bin/../lib/gcc/arm-none-eabi/10.3.1/thumb/v6-m/nofp/libgcc.a(divdf3.o)
                0x0000000008000270                __aeabi_ddiv
 .text          0x000000000800085c      0x4d8 /Applications/STM32CubeIDE.app/Contents/Eclipse/plugins/com.st.stm32cube.ide.mcu.externaltools.gnu-tools-for-stm32.10.3-2021.10.macos64_1.0.100.202210260954/tools/bin/../lib/gcc/arm-none-eabi/10.3.1/thumb/v6-m/nofp/libgcc.a(muldf3.o)
                0x000000000800085c                __aeabi_dmul
 .text          0x0000000008000d34      0x724 /Applications/STM32CubeIDE.app/Contents/Eclipse/plugins/com.st.stm32cube.ide.mcu.externaltools.gnu-tools-for-stm32.10.3-2021.10.macos64_1.0.100.202210260954/tools/bin/../lib/gcc/arm-none-eabi/10.3.1/thumb/v6-m/nofp/libgcc.a(subdf3.o)
                0x0000000008000d34                __aeabi_dsub
 .text          0x0000000008001458       0x6c /Applications/STM32CubeIDE.app/Contents/Eclipse/plugins/com.st.stm32cube.ide.mcu.externaltools.gnu-tools-for-stm32.10.3-2021.10.macos64_1.0.100.202210260954/tools/bin/../lib/gcc/arm-none-eabi/10.3.1/thumb/v6-m/nofp/libgcc.a(fixdfsi.o)
                0x0000000008001458                __aeabi_d2iz
 .text          0x00000000080014c4       0x4c /Applications/STM32CubeIDE.app/Contents/Eclipse/plugins/com.st.stm32cube.ide.mcu.externaltools.gnu-tools-for-stm32.10.3-2021.10.macos64_1.0.100.202210260954/tools/bin/../lib/gcc/arm-none-eabi/10.3.1/thumb/v6-m/nofp/libgcc.a(floatunsidf.o)
                0x00000000080014c4                __aeabi_ui2d
 .text          0x0000000008001510       0x7c /Applications/STM32CubeIDE.app/Contents/Eclipse/plugins/com.st.stm32cube.ide.mcu.externaltools.gnu-tools-for-stm32.10.3-2021.10.macos64_1.0.100.202210260954/tools/bin/../lib/gcc/arm-none-eabi/10.3.1/thumb/v6-m/nofp/libgcc.a(_arm_cmpdf2.o)
                0x0000000008001510                __aeabi_cdrcmple
                0x0000000008001520                __aeabi_cdcmple
                0x0000000008001520                __aeabi_cdcmpeq
                0x0000000008001530                __aeabi_dcmpeq
                0x000000000800153c                __aeabi_dcmplt
                0x0000000008001550                __aeabi_dcmple
                0x0000000008001564                __aeabi_dcmpgt
                0x0000000008001578                __aeabi_dcmpge
 .text          0x000000000800158c       0x3c /Applications/STM32CubeIDE.app/Contents/Eclipse/plugins/com.st.stm32cube.ide.mcu.externaltools.gnu-tools-for-stm32.10.3-2021.10.macos64_1.0.100.202210260954/tools/bin/../lib/gcc/arm-none-eabi/10.3.1/thumb/v6-m/nofp/libgcc.a(_clzsi2.o)
                0x000000000800158c                __clzsi2
 .text          0x00000000080015c8       0x84 /Applications/STM32CubeIDE.app/Contents/Eclipse/plugins/com.st.stm32cube.ide.mcu.externaltools.gnu-tools-for-stm32.10.3-2021.10.macos64_1.0.100.202210260954/tools/bin/../lib/gcc/arm-none-eabi/10.3.1/thumb/v6-m/nofp/libgcc.a(eqdf2.o)
                0x00000000080015c8                __eqdf2
                0x00000000080015c8                __nedf2
 .text          0x000000000800164c       0xcc /Applications/STM32CubeIDE.app/Contents/Eclipse/plugins/com.st.stm32cube.ide.mcu.externaltools.gnu-tools-for-stm32.10.3-2021.10.macos64_1.0.100.202210260954/tools/bin/../lib/gcc/arm-none-eabi/10.3.1/thumb/v6-m/nofp/libgcc.a(gedf2.o)
                0x000000000800164c                __gtdf2
                0x000000000800164c                __gedf2
 .text          0x0000000008001718       0xc8 /Applications/STM32CubeIDE.app/Contents/Eclipse/plugins/com.st.stm32cube.ide.mcu.externaltools.gnu-tools-for-stm32.10.3-2021.10.macos64_1.0.100.202210260954/tools/bin/../lib/gcc/arm-none-eabi/10.3.1/thumb/v6-m/nofp/libgcc.a(ledf2.o)
                0x0000000008001718                __ltdf2
                0x0000000008001718                __ledf2
 *(.text*)
 .text.SELECT   0x00000000080017e0        0xa ./Core/Src/fatfs_sd.o
 .text.DESELECT
                0x00000000080017ea        0xa ./Core/Src/fatfs_sd.o
 .text.SPI_TxByte
                0x00000000080017f4       0x34 ./Core/Src/fatfs_sd.o
 .text.SPI_TxBuffer
                0x0000000008001828       0x38 ./Core/Src/fatfs_sd.o
 .text.SPI_RxByte
                0x0000000008001860       0x3c ./Core/Src/fatfs_sd.o
 .text.SPI_RxBytePtr
                0x000000000800189c       0x1c ./Core/Src/fatfs_sd.o
 .text.SD_ReadyWait
                0x00000000080018b8       0x38 ./Core/Src/fatfs_sd.o
 .text.SD_PowerOn
                0x00000000080018f0       0x90 ./Core/Src/fatfs_sd.o
 .text.SD_PowerOff
                0x0000000008001980       0x14 ./Core/Src/fatfs_sd.o
 .text.SD_CheckPower
                0x0000000008001994       0x14 ./Core/Src/fatfs_sd.o
 .text.SD_RxDataBlock
                0x00000000080019a8       0x68 ./Core/Src/fatfs_sd.o
 .text.SD_TxDataBlock
                0x0000000008001a10       0xa6 ./Core/Src/fatfs_sd.o
 .text.SD_SendCmd
                0x0000000008001ab6       0xd8 ./Core/Src/fatfs_sd.o
 *fill*         0x0000000008001b8e        0x2 
 .text.SD_disk_initialize
                0x0000000008001b90      0x214 ./Core/Src/fatfs_sd.o
                0x0000000008001b90                SD_disk_initialize
 .text.SD_disk_status
                0x0000000008001da4       0x2c ./Core/Src/fatfs_sd.o
                0x0000000008001da4                SD_disk_status
 .text.SD_disk_read
                0x0000000008001dd0       0xe0 ./Core/Src/fatfs_sd.o
                0x0000000008001dd0                SD_disk_read
 .text.SD_disk_write
                0x0000000008001eb0      0x110 ./Core/Src/fatfs_sd.o
                0x0000000008001eb0                SD_disk_write
 .text.SD_disk_ioctl
                0x0000000008001fc0      0x26c ./Core/Src/fatfs_sd.o
                0x0000000008001fc0                SD_disk_ioctl
 .text.main     0x000000000800222c       0x8a ./Core/Src/main.o
                0x000000000800222c                main
 .text.SystemClock_Config
                0x00000000080022b6       0xce ./Core/Src/main.o
                0x00000000080022b6                SystemClock_Config
 .text.MX_ADC_Init
                0x0000000008002384      0x120 ./Core/Src/main.o
 .text.MX_I2C2_Init
                0x00000000080024a4       0x80 ./Core/Src/main.o
 .text.MX_SPI1_Init
                0x0000000008002524       0x7c ./Core/Src/main.o
 .text.MX_USART1_UART_Init
                0x00000000080025a0       0x64 ./Core/Src/main.o
 .text.MX_USART2_UART_Init
                0x0000000008002604       0x60 ./Core/Src/main.o
 .text.MX_GPIO_Init
                0x0000000008002664      0x1bc ./Core/Src/main.o
 .text.Error_Handler
                0x0000000008002820        0xa ./Core/Src/main.o
                0x0000000008002820                Error_Handler
 *fill*         0x000000000800282a        0x2 
 .text.HAL_MspInit
                0x000000000800282c       0x48 ./Core/Src/stm32f0xx_hal_msp.o
                0x000000000800282c                HAL_MspInit
 .text.HAL_ADC_MspInit
                0x0000000008002874       0x8c ./Core/Src/stm32f0xx_hal_msp.o
                0x0000000008002874                HAL_ADC_MspInit
 .text.HAL_I2C_MspInit
                0x0000000008002900       0x94 ./Core/Src/stm32f0xx_hal_msp.o
                0x0000000008002900                HAL_I2C_MspInit
 .text.HAL_SPI_MspInit
                0x0000000008002994       0x98 ./Core/Src/stm32f0xx_hal_msp.o
                0x0000000008002994                HAL_SPI_MspInit
 .text.HAL_UART_MspInit
                0x0000000008002a2c      0x114 ./Core/Src/stm32f0xx_hal_msp.o
                0x0000000008002a2c                HAL_UART_MspInit
 .text.NMI_Handler
                0x0000000008002b40        0x6 ./Core/Src/stm32f0xx_it.o
                0x0000000008002b40                NMI_Handler
 .text.HardFault_Handler
                0x0000000008002b46        0x6 ./Core/Src/stm32f0xx_it.o
                0x0000000008002b46                HardFault_Handler
 .text.SVC_Handler
                0x0000000008002b4c        0xa ./Core/Src/stm32f0xx_it.o
                0x0000000008002b4c                SVC_Handler
 .text.PendSV_Handler
                0x0000000008002b56        0xa ./Core/Src/stm32f0xx_it.o
                0x0000000008002b56                PendSV_Handler
 .text.SysTick_Handler
                0x0000000008002b60       0x40 ./Core/Src/stm32f0xx_it.o
                0x0000000008002b60                SysTick_Handler
 .text._sbrk    0x0000000008002ba0       0x6c ./Core/Src/sysmem.o
                0x0000000008002ba0                _sbrk
 .text.SystemInit
                0x0000000008002c0c        0xa ./Core/Src/system_stm32f0xx.o
                0x0000000008002c0c                SystemInit
 *fill*         0x0000000008002c16        0x2 
 .text.Reset_Handler
                0x0000000008002c18       0x50 ./Core/Startup/startup_stm32f030c8tx.o
                0x0000000008002c18                Reset_Handler
 .text.Default_Handler
                0x0000000008002c68        0x2 ./Core/Startup/startup_stm32f030c8tx.o
                0x0000000008002c68                TIM1_BRK_UP_TRG_COM_IRQHandler
                0x0000000008002c68                TIM6_IRQHandler
                0x0000000008002c68                I2C1_IRQHandler
                0x0000000008002c68                SPI1_IRQHandler
                0x0000000008002c68                EXTI2_3_IRQHandler
                0x0000000008002c68                ADC1_IRQHandler
                0x0000000008002c68                I2C2_IRQHandler
                0x0000000008002c68                TIM17_IRQHandler
                0x0000000008002c68                RTC_IRQHandler
                0x0000000008002c68                TIM16_IRQHandler
                0x0000000008002c68                TIM3_IRQHandler
                0x0000000008002c68                EXTI4_15_IRQHandler
                0x0000000008002c68                RCC_IRQHandler
                0x0000000008002c68                DMA1_Channel1_IRQHandler
                0x0000000008002c68                Default_Handler
                0x0000000008002c68                TIM14_IRQHandler
                0x0000000008002c68                DMA1_Channel4_5_IRQHandler
                0x0000000008002c68                TIM15_IRQHandler
                0x0000000008002c68                EXTI0_1_IRQHandler
                0x0000000008002c68                SPI2_IRQHandler
                0x0000000008002c68                WWDG_IRQHandler
                0x0000000008002c68                DMA1_Channel2_3_IRQHandler
                0x0000000008002c68                USART2_IRQHandler
                0x0000000008002c68                FLASH_IRQHandler
                0x0000000008002c68                USART1_IRQHandler
                0x0000000008002c68                TIM1_CC_IRQHandler
 *fill*         0x0000000008002c6a        0x2 
 .text.HAL_Init
                0x0000000008002c6c       0x28 ./Drivers/STM32F0xx_HAL_Driver/Src/stm32f0xx_hal.o
                0x0000000008002c6c                HAL_Init
 .text.HAL_InitTick
                0x0000000008002c94       0x68 ./Drivers/STM32F0xx_HAL_Driver/Src/stm32f0xx_hal.o
                0x0000000008002c94                HAL_InitTick
 .text.HAL_IncTick
                0x0000000008002cfc       0x24 ./Drivers/STM32F0xx_HAL_Driver/Src/stm32f0xx_hal.o
                0x0000000008002cfc                HAL_IncTick
 .text.HAL_GetTick
                0x0000000008002d20       0x14 ./Drivers/STM32F0xx_HAL_Driver/Src/stm32f0xx_hal.o
                0x0000000008002d20                HAL_GetTick
 .text.HAL_Delay
                0x0000000008002d34       0x48 ./Drivers/STM32F0xx_HAL_Driver/Src/stm32f0xx_hal.o
                0x0000000008002d34                HAL_Delay
 .text.HAL_ADC_Init
                0x0000000008002d7c      0x280 ./Drivers/STM32F0xx_HAL_Driver/Src/stm32f0xx_hal_adc.o
                0x0000000008002d7c                HAL_ADC_Init
 .text.HAL_ADC_ConfigChannel
                0x0000000008002ffc      0x1ec ./Drivers/STM32F0xx_HAL_Driver/Src/stm32f0xx_hal_adc.o
                0x0000000008002ffc                HAL_ADC_ConfigChannel
 .text.__NVIC_SetPriority
                0x00000000080031e8       0xdc ./Drivers/STM32F0xx_HAL_Driver/Src/stm32f0xx_hal_cortex.o
 .text.SysTick_Config
                0x00000000080032c4       0x48 ./Drivers/STM32F0xx_HAL_Driver/Src/stm32f0xx_hal_cortex.o
 .text.HAL_NVIC_SetPriority
                0x000000000800330c       0x2a ./Drivers/STM32F0xx_HAL_Driver/Src/stm32f0xx_hal_cortex.o
                0x000000000800330c                HAL_NVIC_SetPriority
 .text.HAL_SYSTICK_Config
                0x0000000008003336       0x1a ./Drivers/STM32F0xx_HAL_Driver/Src/stm32f0xx_hal_cortex.o
                0x0000000008003336                HAL_SYSTICK_Config
 .text.HAL_GPIO_Init
                0x0000000008003350      0x2e0 ./Drivers/STM32F0xx_HAL_Driver/Src/stm32f0xx_hal_gpio.o
                0x0000000008003350                HAL_GPIO_Init
 .text.HAL_GPIO_WritePin
                0x0000000008003630       0x3a ./Drivers/STM32F0xx_HAL_Driver/Src/stm32f0xx_hal_gpio.o
                0x0000000008003630                HAL_GPIO_WritePin
 *fill*         0x000000000800366a        0x2 
 .text.HAL_I2C_Init
                0x000000000800366c      0x12c ./Drivers/STM32F0xx_HAL_Driver/Src/stm32f0xx_hal_i2c.o
                0x000000000800366c                HAL_I2C_Init
 .text.HAL_I2CEx_ConfigAnalogFilter
                0x0000000008003798       0x98 ./Drivers/STM32F0xx_HAL_Driver/Src/stm32f0xx_hal_i2c_ex.o
                0x0000000008003798                HAL_I2CEx_ConfigAnalogFilter
 .text.HAL_I2CEx_ConfigDigitalFilter
                0x0000000008003830       0x98 ./Drivers/STM32F0xx_HAL_Driver/Src/stm32f0xx_hal_i2c_ex.o
                0x0000000008003830                HAL_I2CEx_ConfigDigitalFilter
 .text.HAL_RCC_OscConfig
                0x00000000080038c8      0x634 ./Drivers/STM32F0xx_HAL_Driver/Src/stm32f0xx_hal_rcc.o
                0x00000000080038c8                HAL_RCC_OscConfig
 .text.HAL_RCC_ClockConfig
                0x0000000008003efc      0x19c ./Drivers/STM32F0xx_HAL_Driver/Src/stm32f0xx_hal_rcc.o
                0x0000000008003efc                HAL_RCC_ClockConfig
 .text.HAL_RCC_GetSysClockFreq
                0x0000000008004098       0xc8 ./Drivers/STM32F0xx_HAL_Driver/Src/stm32f0xx_hal_rcc.o
                0x0000000008004098                HAL_RCC_GetSysClockFreq
 .text.HAL_RCC_GetHCLKFreq
                0x0000000008004160       0x14 ./Drivers/STM32F0xx_HAL_Driver/Src/stm32f0xx_hal_rcc.o
                0x0000000008004160                HAL_RCC_GetHCLKFreq
 .text.HAL_RCC_GetPCLK1Freq
                0x0000000008004174       0x2c ./Drivers/STM32F0xx_HAL_Driver/Src/stm32f0xx_hal_rcc.o
                0x0000000008004174                HAL_RCC_GetPCLK1Freq
 .text.HAL_RCCEx_PeriphCLKConfig
                0x00000000080041a0      0x19c ./Drivers/STM32F0xx_HAL_Driver/Src/stm32f0xx_hal_rcc_ex.o
                0x00000000080041a0                HAL_RCCEx_PeriphCLKConfig
 .text.HAL_SPI_Init
                0x000000000800433c      0x170 ./Drivers/STM32F0xx_HAL_Driver/Src/stm32f0xx_hal_spi.o
                0x000000000800433c                HAL_SPI_Init
 .text.HAL_SPI_Transmit
                0x00000000080044ac      0x2b0 ./Drivers/STM32F0xx_HAL_Driver/Src/stm32f0xx_hal_spi.o
                0x00000000080044ac                HAL_SPI_Transmit
 .text.HAL_SPI_TransmitReceive
                0x000000000800475c      0x3a4 ./Drivers/STM32F0xx_HAL_Driver/Src/stm32f0xx_hal_spi.o
                0x000000000800475c                HAL_SPI_TransmitReceive
 .text.SPI_WaitFlagStateUntilTimeout
                0x0000000008004b00      0x11c ./Drivers/STM32F0xx_HAL_Driver/Src/stm32f0xx_hal_spi.o
 .text.SPI_WaitFifoStateUntilTimeout
                0x0000000008004c1c      0x144 ./Drivers/STM32F0xx_HAL_Driver/Src/stm32f0xx_hal_spi.o
 .text.SPI_EndRxTxTransaction
                0x0000000008004d60       0x8c ./Drivers/STM32F0xx_HAL_Driver/Src/stm32f0xx_hal_spi.o
 .text.HAL_UART_Init
                0x0000000008004dec       0xa8 ./Drivers/STM32F0xx_HAL_Driver/Src/stm32f0xx_hal_uart.o
                0x0000000008004dec                HAL_UART_Init
 .text.HAL_UART_Transmit
                0x0000000008004e94      0x152 ./Drivers/STM32F0xx_HAL_Driver/Src/stm32f0xx_hal_uart.o
                0x0000000008004e94                HAL_UART_Transmit
 *fill*         0x0000000008004fe6        0x2 
 .text.UART_SetConfig
                0x0000000008004fe8      0x280 ./Drivers/STM32F0xx_HAL_Driver/Src/stm32f0xx_hal_uart.o
                0x0000000008004fe8                UART_SetConfig
 .text.UART_AdvFeatureConfig
                0x0000000008005268      0x168 ./Drivers/STM32F0xx_HAL_Driver/Src/stm32f0xx_hal_uart.o
                0x0000000008005268                UART_AdvFeatureConfig
 .text.UART_CheckIdleState
                0x00000000080053d0       0x90 ./Drivers/STM32F0xx_HAL_Driver/Src/stm32f0xx_hal_uart.o
                0x00000000080053d0                UART_CheckIdleState
 .text.UART_WaitOnFlagUntilTimeout
                0x0000000008005460      0x188 ./Drivers/STM32F0xx_HAL_Driver/Src/stm32f0xx_hal_uart.o
                0x0000000008005460                UART_WaitOnFlagUntilTimeout
 .text.MX_FATFS_Init
                0x00000000080055e8       0x2c ./FATFS/App/fatfs.o
                0x00000000080055e8                MX_FATFS_Init
 .text.get_fattime
                0x0000000008005614        0xc ./FATFS/App/fatfs.o
                0x0000000008005614                get_fattime
 .text.USER_initialize
                0x0000000008005620       0x20 ./FATFS/Target/user_diskio.o
                0x0000000008005620                USER_initialize
 .text.USER_status
                0x0000000008005640       0x20 ./FATFS/Target/user_diskio.o
                0x0000000008005640                USER_status
 .text.USER_read
                0x0000000008005660       0x2e ./FATFS/Target/user_diskio.o
                0x0000000008005660                USER_read
 .text.USER_write
                0x000000000800568e       0x2e ./FATFS/Target/user_diskio.o
                0x000000000800568e                USER_write
 .text.USER_ioctl
                0x00000000080056bc       0x2e ./FATFS/Target/user_diskio.o
                0x00000000080056bc                USER_ioctl
 *fill*         0x00000000080056ea        0x2 
 .text.app_init
                0x00000000080056ec       0x24 ./ILI9488_driver/app.o
                0x00000000080056ec                app_init
 .text.app_loop
                0x0000000008005710        0x6 ./ILI9488_driver/app.o
                0x0000000008005710                app_loop
 *fill*         0x0000000008005716        0x2 
 .text.file_init
                0x0000000008005718      0x130 ./ILI9488_driver/file.o
                0x0000000008005718                file_init
 .text.file_download
                0x0000000008005848      0x13c ./ILI9488_driver/file.o
                0x0000000008005848                file_download
 .text.ili9488_init
                0x0000000008005984      0x1e0 ./ILI9488_driver/ili9488.o
                0x0000000008005984                ili9488_init
 .text.WriteCommand
                0x0000000008005b64       0x34 ./ILI9488_driver/ili9488.o
                0x0000000008005b64                WriteCommand
 .text.WriteData
                0x0000000008005b98       0x34 ./ILI9488_driver/ili9488.o
                0x0000000008005b98                WriteData
 .text._SleepOut
                0x0000000008005bcc       0x16 ./ILI9488_driver/ili9488.o
                0x0000000008005bcc                _SleepOut
 .text._NormalMode
                0x0000000008005be2       0x10 ./ILI9488_driver/ili9488.o
                0x0000000008005be2                _NormalMode
 .text._InversionOff
                0x0000000008005bf2       0x10 ./ILI9488_driver/ili9488.o
                0x0000000008005bf2                _InversionOff
 .text._DisplayOn
                0x0000000008005c02       0x10 ./ILI9488_driver/ili9488.o
                0x0000000008005c02                _DisplayOn
 .text._Column  0x0000000008005c12       0x50 ./ILI9488_driver/ili9488.o
                0x0000000008005c12                _Column
 .text._Page    0x0000000008005c62       0x50 ./ILI9488_driver/ili9488.o
                0x0000000008005c62                _Page
 .text._IDLEModeOff
                0x0000000008005cb2       0x10 ./ILI9488_driver/ili9488.o
                0x0000000008005cb2                _IDLEModeOff
 *fill*         0x0000000008005cc2        0x2 
 .text.uart1_init
                0x0000000008005cc4       0x2c ./ILI9488_driver/uart.o
                0x0000000008005cc4                uart1_init
 .text.uart1_printSTR
                0x0000000008005cf0       0x4c ./ILI9488_driver/uart.o
                0x0000000008005cf0                uart1_printSTR
 .text.uart1_printNUM
                0x0000000008005d3c       0x40 ./ILI9488_driver/uart.o
                0x0000000008005d3c                uart1_printNUM
 .text.disk_status
                0x0000000008005d7c       0x44 ./Middlewares/Third_Party/FatFs/src/diskio.o
                0x0000000008005d7c                disk_status
 .text.disk_initialize
                0x0000000008005dc0       0x60 ./Middlewares/Third_Party/FatFs/src/diskio.o
                0x0000000008005dc0                disk_initialize
 .text.disk_read
                0x0000000008005e20       0x50 ./Middlewares/Third_Party/FatFs/src/diskio.o
                0x0000000008005e20                disk_read
 .text.disk_write
                0x0000000008005e70       0x50 ./Middlewares/Third_Party/FatFs/src/diskio.o
                0x0000000008005e70                disk_write
 .text.disk_ioctl
                0x0000000008005ec0       0x50 ./Middlewares/Third_Party/FatFs/src/diskio.o
                0x0000000008005ec0                disk_ioctl
 .text.mem_cpy  0x0000000008005f10       0x3a ./Middlewares/Third_Party/FatFs/src/ff.o
 .text.mem_set  0x0000000008005f4a       0x32 ./Middlewares/Third_Party/FatFs/src/ff.o
 .text.mem_cmp  0x0000000008005f7c       0x4a ./Middlewares/Third_Party/FatFs/src/ff.o
 .text.chk_chr  0x0000000008005fc6       0x32 ./Middlewares/Third_Party/FatFs/src/ff.o
 .text.chk_lock
                0x0000000008005ff8       0xdc ./Middlewares/Third_Party/FatFs/src/ff.o
 .text.enq_lock
                0x00000000080060d4       0x40 ./Middlewares/Third_Party/FatFs/src/ff.o
 .text.inc_lock
                0x0000000008006114      0x170 ./Middlewares/Third_Party/FatFs/src/ff.o
 .text.dec_lock
                0x0000000008006284       0xa8 ./Middlewares/Third_Party/FatFs/src/ff.o
 .text.clear_lock
                0x000000000800632c       0x4c ./Middlewares/Third_Party/FatFs/src/ff.o
 .text.sync_window
                0x0000000008006378       0xb0 ./Middlewares/Third_Party/FatFs/src/ff.o
 .text.move_window
                0x0000000008006428       0x74 ./Middlewares/Third_Party/FatFs/src/ff.o
 .text.sync_fs  0x000000000800649c      0x1ac ./Middlewares/Third_Party/FatFs/src/ff.o
 .text.clust2sect
                0x0000000008006648       0x48 ./Middlewares/Third_Party/FatFs/src/ff.o
                0x0000000008006648                clust2sect
 .text.get_fat  0x0000000008006690      0x1fc ./Middlewares/Third_Party/FatFs/src/ff.o
                0x0000000008006690                get_fat
 .text.put_fat  0x000000000800688c      0x2d0 ./Middlewares/Third_Party/FatFs/src/ff.o
                0x000000000800688c                put_fat
 .text.remove_chain
                0x0000000008006b5c       0xe0 ./Middlewares/Third_Party/FatFs/src/ff.o
 .text.create_chain
                0x0000000008006c3c      0x168 ./Middlewares/Third_Party/FatFs/src/ff.o
 .text.clmt_clust
                0x0000000008006da4       0x8c ./Middlewares/Third_Party/FatFs/src/ff.o
 .text.dir_sdi  0x0000000008006e30      0x1a4 ./Middlewares/Third_Party/FatFs/src/ff.o
 .text.dir_next
                0x0000000008006fd4      0x284 ./Middlewares/Third_Party/FatFs/src/ff.o
 .text.dir_alloc
                0x0000000008007258       0xbc ./Middlewares/Third_Party/FatFs/src/ff.o
 .text.ld_clust
                0x0000000008007314       0x5a ./Middlewares/Third_Party/FatFs/src/ff.o
 .text.st_clust
                0x000000000800736e       0x4a ./Middlewares/Third_Party/FatFs/src/ff.o
 .text.cmp_lfn  0x00000000080073b8       0xfc ./Middlewares/Third_Party/FatFs/src/ff.o
 .text.fit_lfn  0x00000000080074b4      0x108 ./Middlewares/Third_Party/FatFs/src/ff.o
 .text.gen_numname
                0x00000000080075bc      0x128 ./Middlewares/Third_Party/FatFs/src/ff.o
 .text.sum_sfn  0x00000000080076e4       0x4a ./Middlewares/Third_Party/FatFs/src/ff.o
 *fill*         0x000000000800772e        0x2 
 .text.dir_find
                0x0000000008007730      0x208 ./Middlewares/Third_Party/FatFs/src/ff.o
 .text.dir_register
                0x0000000008007938      0x270 ./Middlewares/Third_Party/FatFs/src/ff.o
 .text.create_name
                0x0000000008007ba8      0x410 ./Middlewares/Third_Party/FatFs/src/ff.o
 .text.follow_path
                0x0000000008007fb8      0x110 ./Middlewares/Third_Party/FatFs/src/ff.o
 .text.get_ldnumber
                0x00000000080080c8       0x84 ./Middlewares/Third_Party/FatFs/src/ff.o
 .text.check_fs
                0x000000000800814c       0xe0 ./Middlewares/Third_Party/FatFs/src/ff.o
 .text.find_volume
                0x000000000800822c      0x6b4 ./Middlewares/Third_Party/FatFs/src/ff.o
 .text.validate
                0x00000000080088e0       0x7c ./Middlewares/Third_Party/FatFs/src/ff.o
 .text.f_mount  0x000000000800895c       0xa0 ./Middlewares/Third_Party/FatFs/src/ff.o
                0x000000000800895c                f_mount
 .text.f_open   0x00000000080089fc      0x530 ./Middlewares/Third_Party/FatFs/src/ff.o
                0x00000000080089fc                f_open
 .text.f_read   0x0000000008008f2c      0x3c8 ./Middlewares/Third_Party/FatFs/src/ff.o
                0x0000000008008f2c                f_read
 .text.f_sync   0x00000000080092f4      0x1b0 ./Middlewares/Third_Party/FatFs/src/ff.o
                0x00000000080092f4                f_sync
 .text.f_close  0x00000000080094a4       0x6e ./Middlewares/Third_Party/FatFs/src/ff.o
                0x00000000080094a4                f_close
 *fill*         0x0000000008009512        0x2 
 .text.f_getfree
                0x0000000008009514      0x1cc ./Middlewares/Third_Party/FatFs/src/ff.o
                0x0000000008009514                f_getfree
 .text.f_gets   0x00000000080096e0       0x88 ./Middlewares/Third_Party/FatFs/src/ff.o
                0x00000000080096e0                f_gets
 .text.FATFS_LinkDriverEx
                0x0000000008009768       0xa8 ./Middlewares/Third_Party/FatFs/src/ff_gen_drv.o
                0x0000000008009768                FATFS_LinkDriverEx
 .text.FATFS_LinkDriver
                0x0000000008009810       0x20 ./Middlewares/Third_Party/FatFs/src/ff_gen_drv.o
                0x0000000008009810                FATFS_LinkDriver
 .text.ff_convert
                0x0000000008009830       0xa4 ./Middlewares/Third_Party/FatFs/src/option/ccsbcs.o
                0x0000000008009830                ff_convert
 .text.ff_wtoupper
                0x00000000080098d4       0x60 ./Middlewares/Third_Party/FatFs/src/option/ccsbcs.o
                0x00000000080098d4                ff_wtoupper
 .text.__errno  0x0000000008009934        0xc /Applications/STM32CubeIDE.app/Contents/Eclipse/plugins/com.st.stm32cube.ide.mcu.externaltools.gnu-tools-for-stm32.10.3-2021.10.macos64_1.0.100.202210260954/tools/bin/../lib/gcc/arm-none-eabi/10.3.1/../../../../arm-none-eabi/lib/thumb/v6-m/nofp/libc_nano.a(lib_a-errno.o)
                0x0000000008009934                __errno
 .text.__libc_init_array
                0x0000000008009940       0x48 /Applications/STM32CubeIDE.app/Contents/Eclipse/plugins/com.st.stm32cube.ide.mcu.externaltools.gnu-tools-for-stm32.10.3-2021.10.macos64_1.0.100.202210260954/tools/bin/../lib/gcc/arm-none-eabi/10.3.1/../../../../arm-none-eabi/lib/thumb/v6-m/nofp/libc_nano.a(lib_a-init.o)
                0x0000000008009940                __libc_init_array
 .text.memset   0x0000000008009988       0x10 /Applications/STM32CubeIDE.app/Contents/Eclipse/plugins/com.st.stm32cube.ide.mcu.externaltools.gnu-tools-for-stm32.10.3-2021.10.macos64_1.0.100.202210260954/tools/bin/../lib/gcc/arm-none-eabi/10.3.1/../../../../arm-none-eabi/lib/thumb/v6-m/nofp/libc_nano.a(lib_a-memset.o)
                0x0000000008009988                memset
 .text.sprintf  0x0000000008009998       0x40 /Applications/STM32CubeIDE.app/Contents/Eclipse/plugins/com.st.stm32cube.ide.mcu.externaltools.gnu-tools-for-stm32.10.3-2021.10.macos64_1.0.100.202210260954/tools/bin/../lib/gcc/arm-none-eabi/10.3.1/../../../../arm-none-eabi/lib/thumb/v6-m/nofp/libc_nano.a(lib_a-sprintf.o)
                0x0000000008009998                sprintf
                0x0000000008009998                siprintf
 .text.__ssputs_r
                0x00000000080099d8       0xc4 /Applications/STM32CubeIDE.app/Contents/Eclipse/plugins/com.st.stm32cube.ide.mcu.externaltools.gnu-tools-for-stm32.10.3-2021.10.macos64_1.0.100.202210260954/tools/bin/../lib/gcc/arm-none-eabi/10.3.1/../../../../arm-none-eabi/lib/thumb/v6-m/nofp/libc_nano.a(lib_a-nano-svfprintf.o)
                0x00000000080099d8                __ssputs_r
 .text._svfprintf_r
                0x0000000008009a9c      0x200 /Applications/STM32CubeIDE.app/Contents/Eclipse/plugins/com.st.stm32cube.ide.mcu.externaltools.gnu-tools-for-stm32.10.3-2021.10.macos64_1.0.100.202210260954/tools/bin/../lib/gcc/arm-none-eabi/10.3.1/../../../../arm-none-eabi/lib/thumb/v6-m/nofp/libc_nano.a(lib_a-nano-svfprintf.o)
                0x0000000008009a9c                _svfprintf_r
                0x0000000008009a9c                _svfiprintf_r
 .text._printf_common
                0x0000000008009c9c       0xde /Applications/STM32CubeIDE.app/Contents/Eclipse/plugins/com.st.stm32cube.ide.mcu.externaltools.gnu-tools-for-stm32.10.3-2021.10.macos64_1.0.100.202210260954/tools/bin/../lib/gcc/arm-none-eabi/10.3.1/../../../../arm-none-eabi/lib/thumb/v6-m/nofp/libc_nano.a(lib_a-nano-vfprintf_i.o)
                0x0000000008009c9c                _printf_common
 *fill*         0x0000000008009d7a        0x2 
 .text._printf_i
                0x0000000008009d7c      0x224 /Applications/STM32CubeIDE.app/Contents/Eclipse/plugins/com.st.stm32cube.ide.mcu.externaltools.gnu-tools-for-stm32.10.3-2021.10.macos64_1.0.100.202210260954/tools/bin/../lib/gcc/arm-none-eabi/10.3.1/../../../../arm-none-eabi/lib/thumb/v6-m/nofp/libc_nano.a(lib_a-nano-vfprintf_i.o)
                0x0000000008009d7c                _printf_i
 .text.memchr   0x0000000008009fa0       0x16 /Applications/STM32CubeIDE.app/Contents/Eclipse/plugins/com.st.stm32cube.ide.mcu.externaltools.gnu-tools-for-stm32.10.3-2021.10.macos64_1.0.100.202210260954/tools/bin/../lib/gcc/arm-none-eabi/10.3.1/../../../../arm-none-eabi/lib/thumb/v6-m/nofp/libc_nano.a(lib_a-memchr-stub.o)
                0x0000000008009fa0                memchr
 .text.memcpy   0x0000000008009fb6       0x12 /Applications/STM32CubeIDE.app/Contents/Eclipse/plugins/com.st.stm32cube.ide.mcu.externaltools.gnu-tools-for-stm32.10.3-2021.10.macos64_1.0.100.202210260954/tools/bin/../lib/gcc/arm-none-eabi/10.3.1/../../../../arm-none-eabi/lib/thumb/v6-m/nofp/libc_nano.a(lib_a-memcpy-stub.o)
                0x0000000008009fb6                memcpy
 .text.memmove  0x0000000008009fc8       0x26 /Applications/STM32CubeIDE.app/Contents/Eclipse/plugins/com.st.stm32cube.ide.mcu.externaltools.gnu-tools-for-stm32.10.3-2021.10.macos64_1.0.100.202210260954/tools/bin/../lib/gcc/arm-none-eabi/10.3.1/../../../../arm-none-eabi/lib/thumb/v6-m/nofp/libc_nano.a(lib_a-memmove.o)
                0x0000000008009fc8                memmove
 *fill*         0x0000000008009fee        0x2 
 .text._free_r  0x0000000008009ff0       0x94 /Applications/STM32CubeIDE.app/Contents/Eclipse/plugins/com.st.stm32cube.ide.mcu.externaltools.gnu-tools-for-stm32.10.3-2021.10.macos64_1.0.100.202210260954/tools/bin/../lib/gcc/arm-none-eabi/10.3.1/../../../../arm-none-eabi/lib/thumb/v6-m/nofp/libc_nano.a(lib_a-nano-freer.o)
                0x0000000008009ff0                _free_r
 .text.sbrk_aligned
                0x000000000800a084       0x44 /Applications/STM32CubeIDE.app/Contents/Eclipse/plugins/com.st.stm32cube.ide.mcu.externaltools.gnu-tools-for-stm32.10.3-2021.10.macos64_1.0.100.202210260954/tools/bin/../lib/gcc/arm-none-eabi/10.3.1/../../../../arm-none-eabi/lib/thumb/v6-m/nofp/libc_nano.a(lib_a-nano-mallocr.o)
 .text._malloc_r
                0x000000000800a0c8       0xec /Applications/STM32CubeIDE.app/Contents/Eclipse/plugins/com.st.stm32cube.ide.mcu.externaltools.gnu-tools-for-stm32.10.3-2021.10.macos64_1.0.100.202210260954/tools/bin/../lib/gcc/arm-none-eabi/10.3.1/../../../../arm-none-eabi/lib/thumb/v6-m/nofp/libc_nano.a(lib_a-nano-mallocr.o)
                0x000000000800a0c8                _malloc_r
 .text._realloc_r
                0x000000000800a1b4       0x5e /Applications/STM32CubeIDE.app/Contents/Eclipse/plugins/com.st.stm32cube.ide.mcu.externaltools.gnu-tools-for-stm32.10.3-2021.10.macos64_1.0.100.202210260954/tools/bin/../lib/gcc/arm-none-eabi/10.3.1/../../../../arm-none-eabi/lib/thumb/v6-m/nofp/libc_nano.a(lib_a-nano-reallocr.o)
                0x000000000800a1b4                _realloc_r
 *fill*         0x000000000800a212        0x2 
 .text._sbrk_r  0x000000000800a214       0x24 /Applications/STM32CubeIDE.app/Contents/Eclipse/plugins/com.st.stm32cube.ide.mcu.externaltools.gnu-tools-for-stm32.10.3-2021.10.macos64_1.0.100.202210260954/tools/bin/../lib/gcc/arm-none-eabi/10.3.1/../../../../arm-none-eabi/lib/thumb/v6-m/nofp/libc_nano.a(lib_a-sbrkr.o)
                0x000000000800a214                _sbrk_r
 .text.__malloc_lock
                0x000000000800a238       0x10 /Applications/STM32CubeIDE.app/Contents/Eclipse/plugins/com.st.stm32cube.ide.mcu.externaltools.gnu-tools-for-stm32.10.3-2021.10.macos64_1.0.100.202210260954/tools/bin/../lib/gcc/arm-none-eabi/10.3.1/../../../../arm-none-eabi/lib/thumb/v6-m/nofp/libc_nano.a(lib_a-mlock.o)
                0x000000000800a238                __malloc_lock
 .text.__malloc_unlock
                0x000000000800a248       0x10 /Applications/STM32CubeIDE.app/Contents/Eclipse/plugins/com.st.stm32cube.ide.mcu.externaltools.gnu-tools-for-stm32.10.3-2021.10.macos64_1.0.100.202210260954/tools/bin/../lib/gcc/arm-none-eabi/10.3.1/../../../../arm-none-eabi/lib/thumb/v6-m/nofp/libc_nano.a(lib_a-mlock.o)
                0x000000000800a248                __malloc_unlock
 .text._malloc_usable_size_r
                0x000000000800a258       0x10 /Applications/STM32CubeIDE.app/Contents/Eclipse/plugins/com.st.stm32cube.ide.mcu.externaltools.gnu-tools-for-stm32.10.3-2021.10.macos64_1.0.100.202210260954/tools/bin/../lib/gcc/arm-none-eabi/10.3.1/../../../../arm-none-eabi/lib/thumb/v6-m/nofp/libc_nano.a(lib_a-nano-msizer.o)
                0x000000000800a258                _malloc_usable_size_r
 .text.__retarget_lock_acquire_recursive
                0x000000000800a268        0x2 /Applications/STM32CubeIDE.app/Contents/Eclipse/plugins/com.st.stm32cube.ide.mcu.externaltools.gnu-tools-for-stm32.10.3-2021.10.macos64_1.0.100.202210260954/tools/bin/../lib/gcc/arm-none-eabi/10.3.1/../../../../arm-none-eabi/lib/thumb/v6-m/nofp/libc_nano.a(lib_a-lock.o)
                0x000000000800a268                __retarget_lock_acquire_recursive
 .text.__retarget_lock_release_recursive
                0x000000000800a26a        0x2 /Applications/STM32CubeIDE.app/Contents/Eclipse/plugins/com.st.stm32cube.ide.mcu.externaltools.gnu-tools-for-stm32.10.3-2021.10.macos64_1.0.100.202210260954/tools/bin/../lib/gcc/arm-none-eabi/10.3.1/../../../../arm-none-eabi/lib/thumb/v6-m/nofp/libc_nano.a(lib_a-lock.o)
                0x000000000800a26a                __retarget_lock_release_recursive
 *(.glue_7)
 .glue_7        0x000000000800a26c        0x0 linker stubs
 *(.glue_7t)
 .glue_7t       0x000000000800a26c        0x0 linker stubs
 *(.eh_frame)
 .eh_frame      0x000000000800a26c        0x0 /Applications/STM32CubeIDE.app/Contents/Eclipse/plugins/com.st.stm32cube.ide.mcu.externaltools.gnu-tools-for-stm32.10.3-2021.10.macos64_1.0.100.202210260954/tools/bin/../lib/gcc/arm-none-eabi/10.3.1/thumb/v6-m/nofp/crtbegin.o
 *(.init)
 .init          0x000000000800a26c        0x4 /Applications/STM32CubeIDE.app/Contents/Eclipse/plugins/com.st.stm32cube.ide.mcu.externaltools.gnu-tools-for-stm32.10.3-2021.10.macos64_1.0.100.202210260954/tools/bin/../lib/gcc/arm-none-eabi/10.3.1/thumb/v6-m/nofp/crti.o
                0x000000000800a26c                _init
 .init          0x000000000800a270        0x8 /Applications/STM32CubeIDE.app/Contents/Eclipse/plugins/com.st.stm32cube.ide.mcu.externaltools.gnu-tools-for-stm32.10.3-2021.10.macos64_1.0.100.202210260954/tools/bin/../lib/gcc/arm-none-eabi/10.3.1/thumb/v6-m/nofp/crtn.o
 *(.fini)
 .fini          0x000000000800a278        0x4 /Applications/STM32CubeIDE.app/Contents/Eclipse/plugins/com.st.stm32cube.ide.mcu.externaltools.gnu-tools-for-stm32.10.3-2021.10.macos64_1.0.100.202210260954/tools/bin/../lib/gcc/arm-none-eabi/10.3.1/thumb/v6-m/nofp/crti.o
                0x000000000800a278                _fini
 .fini          0x000000000800a27c        0x8 /Applications/STM32CubeIDE.app/Contents/Eclipse/plugins/com.st.stm32cube.ide.mcu.externaltools.gnu-tools-for-stm32.10.3-2021.10.macos64_1.0.100.202210260954/tools/bin/../lib/gcc/arm-none-eabi/10.3.1/thumb/v6-m/nofp/crtn.o
                0x000000000800a284                . = ALIGN (0x4)
                0x000000000800a284                _etext = .

.vfp11_veneer   0x000000000800a284        0x0
 .vfp11_veneer  0x000000000800a284        0x0 linker stubs

.v4_bx          0x000000000800a284        0x0
 .v4_bx         0x000000000800a284        0x0 linker stubs

.iplt           0x000000000800a284        0x0
 .iplt          0x000000000800a284        0x0 /Applications/STM32CubeIDE.app/Contents/Eclipse/plugins/com.st.stm32cube.ide.mcu.externaltools.gnu-tools-for-stm32.10.3-2021.10.macos64_1.0.100.202210260954/tools/bin/../lib/gcc/arm-none-eabi/10.3.1/thumb/v6-m/nofp/crtbegin.o

.rodata         0x000000000800a284      0x964
                0x000000000800a284                . = ALIGN (0x4)
 *(.rodata)
 .rodata        0x000000000800a284       0x20 ./Drivers/STM32F0xx_HAL_Driver/Src/stm32f0xx_hal_rcc.o
 .rodata        0x000000000800a2a4        0x9 ./ILI9488_driver/app.o
 *fill*         0x000000000800a2ad        0x3 
 .rodata        0x000000000800a2b0      0x1e1 ./ILI9488_driver/file.o
 *fill*         0x000000000800a491        0x3 
 .rodata        0x000000000800a494       0x54 ./ILI9488_driver/ili9488.o
 .rodata        0x000000000800a4e8       0x63 ./ILI9488_driver/uart.o
 *fill*         0x000000000800a54b        0x1 
 .rodata        0x000000000800a54c       0x48 ./Middlewares/Third_Party/FatFs/src/ff.o
 .rodata        0x000000000800a594       0x40 /Applications/STM32CubeIDE.app/Contents/Eclipse/plugins/com.st.stm32cube.ide.mcu.externaltools.gnu-tools-for-stm32.10.3-2021.10.macos64_1.0.100.202210260954/tools/bin/../lib/gcc/arm-none-eabi/10.3.1/thumb/v6-m/nofp/libgcc.a(divdf3.o)
 .rodata        0x000000000800a5d4       0x40 /Applications/STM32CubeIDE.app/Contents/Eclipse/plugins/com.st.stm32cube.ide.mcu.externaltools.gnu-tools-for-stm32.10.3-2021.10.macos64_1.0.100.202210260954/tools/bin/../lib/gcc/arm-none-eabi/10.3.1/thumb/v6-m/nofp/libgcc.a(muldf3.o)
 *(.rodata*)
 .rodata.SD_disk_ioctl
                0x000000000800a614       0x38 ./Core/Src/fatfs_sd.o
 .rodata.AHBPrescTable
                0x000000000800a64c       0x10 ./Core/Src/system_stm32f0xx.o
                0x000000000800a64c                AHBPrescTable
 .rodata.APBPrescTable
                0x000000000800a65c        0x8 ./Core/Src/system_stm32f0xx.o
                0x000000000800a65c                APBPrescTable
 .rodata.ExCvt  0x000000000800a664       0x80 ./Middlewares/Third_Party/FatFs/src/ff.o
 .rodata.LfnOfs
                0x000000000800a6e4        0xd ./Middlewares/Third_Party/FatFs/src/ff.o
 *fill*         0x000000000800a6f1        0x3 
 .rodata.Tbl    0x000000000800a6f4      0x100 ./Middlewares/Third_Party/FatFs/src/option/ccsbcs.o
 .rodata.tbl_lower.1
                0x000000000800a7f4      0x1e0 ./Middlewares/Third_Party/FatFs/src/option/ccsbcs.o
 .rodata.tbl_upper.0
                0x000000000800a9d4      0x1e0 ./Middlewares/Third_Party/FatFs/src/option/ccsbcs.o
 .rodata._svfprintf_r.str1.1
                0x000000000800abb4       0x11 /Applications/STM32CubeIDE.app/Contents/Eclipse/plugins/com.st.stm32cube.ide.mcu.externaltools.gnu-tools-for-stm32.10.3-2021.10.macos64_1.0.100.202210260954/tools/bin/../lib/gcc/arm-none-eabi/10.3.1/../../../../arm-none-eabi/lib/thumb/v6-m/nofp/libc_nano.a(lib_a-nano-svfprintf.o)
 .rodata._printf_i.str1.1
                0x000000000800abc5       0x22 /Applications/STM32CubeIDE.app/Contents/Eclipse/plugins/com.st.stm32cube.ide.mcu.externaltools.gnu-tools-for-stm32.10.3-2021.10.macos64_1.0.100.202210260954/tools/bin/../lib/gcc/arm-none-eabi/10.3.1/../../../../arm-none-eabi/lib/thumb/v6-m/nofp/libc_nano.a(lib_a-nano-vfprintf_i.o)
                0x000000000800abe8                . = ALIGN (0x4)
 *fill*         0x000000000800abe7        0x1 

.rel.dyn        0x000000000800abe8        0x0
 .rel.iplt      0x000000000800abe8        0x0 /Applications/STM32CubeIDE.app/Contents/Eclipse/plugins/com.st.stm32cube.ide.mcu.externaltools.gnu-tools-for-stm32.10.3-2021.10.macos64_1.0.100.202210260954/tools/bin/../lib/gcc/arm-none-eabi/10.3.1/thumb/v6-m/nofp/crtbegin.o

.ARM.extab      0x000000000800abe8        0x0
                0x000000000800abe8                . = ALIGN (0x4)
 *(.ARM.extab* .gnu.linkonce.armextab.*)
                0x000000000800abe8                . = ALIGN (0x4)

.ARM            0x000000000800abe8        0x0
                0x000000000800abe8                . = ALIGN (0x4)
                0x000000000800abe8                __exidx_start = .
 *(.ARM.exidx*)
                0x000000000800abe8                __exidx_end = .
                0x000000000800abe8                . = ALIGN (0x4)

.preinit_array  0x000000000800abe8        0x0
                0x000000000800abe8                . = ALIGN (0x4)
                0x000000000800abe8                PROVIDE (__preinit_array_start = .)
 *(.preinit_array*)
                0x000000000800abe8                PROVIDE (__preinit_array_end = .)
                0x000000000800abe8                . = ALIGN (0x4)

.init_array     0x000000000800abe8        0x4
                0x000000000800abe8                . = ALIGN (0x4)
                0x000000000800abe8                PROVIDE (__init_array_start = .)
 *(SORT_BY_NAME(.init_array.*))
 *(.init_array*)
 .init_array    0x000000000800abe8        0x4 /Applications/STM32CubeIDE.app/Contents/Eclipse/plugins/com.st.stm32cube.ide.mcu.externaltools.gnu-tools-for-stm32.10.3-2021.10.macos64_1.0.100.202210260954/tools/bin/../lib/gcc/arm-none-eabi/10.3.1/thumb/v6-m/nofp/crtbegin.o
                0x000000000800abec                PROVIDE (__init_array_end = .)
                0x000000000800abec                . = ALIGN (0x4)

.fini_array     0x000000000800abec        0x4
                0x000000000800abec                . = ALIGN (0x4)
                [!provide]                        PROVIDE (__fini_array_start = .)
 *(SORT_BY_NAME(.fini_array.*))
 *(.fini_array*)
 .fini_array    0x000000000800abec        0x4 /Applications/STM32CubeIDE.app/Contents/Eclipse/plugins/com.st.stm32cube.ide.mcu.externaltools.gnu-tools-for-stm32.10.3-2021.10.macos64_1.0.100.202210260954/tools/bin/../lib/gcc/arm-none-eabi/10.3.1/thumb/v6-m/nofp/crtbegin.o
                [!provide]                        PROVIDE (__fini_array_end = .)
                0x000000000800abf0                . = ALIGN (0x4)
                0x000000000800abf0                _sidata = LOADADDR (.data)

.data           0x0000000020000000       0x88 load address 0x000000000800abf0
                0x0000000020000000                . = ALIGN (0x4)
                0x0000000020000000                _sdata = .
 *(.data)
 *(.data*)
 .data.Stat     0x0000000020000000        0x1 ./Core/Src/fatfs_sd.o
 *fill*         0x0000000020000001        0x3 
 .data.SystemCoreClock
                0x0000000020000004        0x4 ./Core/Src/system_stm32f0xx.o
                0x0000000020000004                SystemCoreClock
 .data.uwTickPrio
                0x0000000020000008        0x4 ./Drivers/STM32F0xx_HAL_Driver/Src/stm32f0xx_hal.o
                0x0000000020000008                uwTickPrio
 .data.uwTickFreq
                0x000000002000000c        0x1 ./Drivers/STM32F0xx_HAL_Driver/Src/stm32f0xx_hal.o
                0x000000002000000c                uwTickFreq
 *fill*         0x000000002000000d        0x3 
 .data.USER_Driver
                0x0000000020000010       0x14 ./FATFS/Target/user_diskio.o
                0x0000000020000010                USER_Driver
 .data._impure_ptr
                0x0000000020000024        0x4 /Applications/STM32CubeIDE.app/Contents/Eclipse/plugins/com.st.stm32cube.ide.mcu.externaltools.gnu-tools-for-stm32.10.3-2021.10.macos64_1.0.100.202210260954/tools/bin/../lib/gcc/arm-none-eabi/10.3.1/../../../../arm-none-eabi/lib/thumb/v6-m/nofp/libc_nano.a(lib_a-impure.o)
                0x0000000020000024                _impure_ptr
 .data.impure_data
                0x0000000020000028       0x60 /Applications/STM32CubeIDE.app/Contents/Eclipse/plugins/com.st.stm32cube.ide.mcu.externaltools.gnu-tools-for-stm32.10.3-2021.10.macos64_1.0.100.202210260954/tools/bin/../lib/gcc/arm-none-eabi/10.3.1/../../../../arm-none-eabi/lib/thumb/v6-m/nofp/libc_nano.a(lib_a-impure.o)
 *(.RamFunc)
 *(.RamFunc*)
                0x0000000020000088                . = ALIGN (0x4)
                0x0000000020000088                _edata = .

.igot.plt       0x0000000020000088        0x0 load address 0x000000000800ac78
 .igot.plt      0x0000000020000088        0x0 /Applications/STM32CubeIDE.app/Contents/Eclipse/plugins/com.st.stm32cube.ide.mcu.externaltools.gnu-tools-for-stm32.10.3-2021.10.macos64_1.0.100.202210260954/tools/bin/../lib/gcc/arm-none-eabi/10.3.1/thumb/v6-m/nofp/crtbegin.o
                0x0000000020000088                . = ALIGN (0x4)

.bss            0x0000000020000088     0x15d4 load address 0x000000000800ac78
                0x0000000020000088                _sbss = .
                0x0000000020000088                __bss_start__ = _sbss
 *(.bss)
 .bss           0x0000000020000088       0x1c /Applications/STM32CubeIDE.app/Contents/Eclipse/plugins/com.st.stm32cube.ide.mcu.externaltools.gnu-tools-for-stm32.10.3-2021.10.macos64_1.0.100.202210260954/tools/bin/../lib/gcc/arm-none-eabi/10.3.1/thumb/v6-m/nofp/crtbegin.o
 *(.bss*)
 .bss.Timer1    0x00000000200000a4        0x2 ./Core/Src/fatfs_sd.o
                0x00000000200000a4                Timer1
 .bss.Timer2    0x00000000200000a6        0x2 ./Core/Src/fatfs_sd.o
                0x00000000200000a6                Timer2
 .bss.CardType  0x00000000200000a8        0x1 ./Core/Src/fatfs_sd.o
 .bss.PowerFlag
                0x00000000200000a9        0x1 ./Core/Src/fatfs_sd.o
 *fill*         0x00000000200000aa        0x2 
 .bss.hadc      0x00000000200000ac       0x40 ./Core/Src/main.o
                0x00000000200000ac                hadc
 .bss.hi2c2     0x00000000200000ec       0x4c ./Core/Src/main.o
                0x00000000200000ec                hi2c2
 .bss.hspi1     0x0000000020000138       0x64 ./Core/Src/main.o
                0x0000000020000138                hspi1
 .bss.huart1    0x000000002000019c       0x84 ./Core/Src/main.o
                0x000000002000019c                huart1
 .bss.huart2    0x0000000020000220       0x84 ./Core/Src/main.o
                0x0000000020000220                huart2
 .bss.__sbrk_heap_end
                0x00000000200002a4        0x4 ./Core/Src/sysmem.o
 .bss.uwTick    0x00000000200002a8        0x4 ./Drivers/STM32F0xx_HAL_Driver/Src/stm32f0xx_hal.o
                0x00000000200002a8                uwTick
 .bss.retUSER   0x00000000200002ac        0x1 ./FATFS/App/fatfs.o
                0x00000000200002ac                retUSER
 *fill*         0x00000000200002ad        0x3 
 .bss.USERPath  0x00000000200002b0        0x4 ./FATFS/App/fatfs.o
                0x00000000200002b0                USERPath
 .bss.FatFs     0x00000000200002b4      0x430 ./ILI9488_driver/file.o
 .bss.fil       0x00000000200006e4      0x42c ./ILI9488_driver/file.o
 .bss.pfs       0x0000000020000b10        0x4 ./ILI9488_driver/file.o
 .bss.fre_clust
                0x0000000020000b14        0x4 ./ILI9488_driver/file.o
 .bss.totalSpace
                0x0000000020000b18        0x4 ./ILI9488_driver/file.o
 .bss.freeSpace
                0x0000000020000b1c        0x4 ./ILI9488_driver/file.o
 .bss.buf       0x0000000020000b20      0x900 ./ILI9488_driver/file.o
 .bss.FatFs     0x0000000020001420        0x4 ./Middlewares/Third_Party/FatFs/src/ff.o
 .bss.Fsid      0x0000000020001424        0x2 ./Middlewares/Third_Party/FatFs/src/ff.o
 *fill*         0x0000000020001426        0x2 
 .bss.Files     0x0000000020001428       0x18 ./Middlewares/Third_Party/FatFs/src/ff.o
 .bss.LfnBuf    0x0000000020001440      0x200 ./Middlewares/Third_Party/FatFs/src/ff.o
 .bss.disk      0x0000000020001640        0xc ./Middlewares/Third_Party/FatFs/src/ff_gen_drv.o
                0x0000000020001640                disk
 .bss.__malloc_free_list
                0x000000002000164c        0x4 /Applications/STM32CubeIDE.app/Contents/Eclipse/plugins/com.st.stm32cube.ide.mcu.externaltools.gnu-tools-for-stm32.10.3-2021.10.macos64_1.0.100.202210260954/tools/bin/../lib/gcc/arm-none-eabi/10.3.1/../../../../arm-none-eabi/lib/thumb/v6-m/nofp/libc_nano.a(lib_a-nano-mallocr.o)
                0x000000002000164c                __malloc_free_list
 .bss.__malloc_sbrk_start
                0x0000000020001650        0x4 /Applications/STM32CubeIDE.app/Contents/Eclipse/plugins/com.st.stm32cube.ide.mcu.externaltools.gnu-tools-for-stm32.10.3-2021.10.macos64_1.0.100.202210260954/tools/bin/../lib/gcc/arm-none-eabi/10.3.1/../../../../arm-none-eabi/lib/thumb/v6-m/nofp/libc_nano.a(lib_a-nano-mallocr.o)
                0x0000000020001650                __malloc_sbrk_start
 .bss.errno     0x0000000020001654        0x4 /Applications/STM32CubeIDE.app/Contents/Eclipse/plugins/com.st.stm32cube.ide.mcu.externaltools.gnu-tools-for-stm32.10.3-2021.10.macos64_1.0.100.202210260954/tools/bin/../lib/gcc/arm-none-eabi/10.3.1/../../../../arm-none-eabi/lib/thumb/v6-m/nofp/libc_nano.a(lib_a-reent.o)
                0x0000000020001654                errno
 .bss.__lock___malloc_recursive_mutex
                0x0000000020001658        0x1 /Applications/STM32CubeIDE.app/Contents/Eclipse/plugins/com.st.stm32cube.ide.mcu.externaltools.gnu-tools-for-stm32.10.3-2021.10.macos64_1.0.100.202210260954/tools/bin/../lib/gcc/arm-none-eabi/10.3.1/../../../../arm-none-eabi/lib/thumb/v6-m/nofp/libc_nano.a(lib_a-lock.o)
                0x0000000020001658                __lock___malloc_recursive_mutex
 *(COMMON)
                0x000000002000165c                . = ALIGN (0x4)
 *fill*         0x0000000020001659        0x3 
                0x000000002000165c                _ebss = .
                0x000000002000165c                __bss_end__ = _ebss

._user_heap_stack
                0x000000002000165c      0x604 load address 0x000000000800ac78
                0x0000000020001660                . = ALIGN (0x8)
 *fill*         0x000000002000165c        0x4 
                [!provide]                        PROVIDE (end = .)
                0x0000000020001660                PROVIDE (_end = .)
                0x0000000020001860                . = (. + _Min_Heap_Size)
 *fill*         0x0000000020001660      0x200 
                0x0000000020001c60                . = (. + _Min_Stack_Size)
 *fill*         0x0000000020001860      0x400 
                0x0000000020001c60                . = ALIGN (0x8)

/DISCARD/
 libc.a(*)
 libm.a(*)
 libgcc.a(*)

.ARM.attributes
                0x0000000000000000       0x28
 *(.ARM.attributes)
 .ARM.attributes
                0x0000000000000000       0x1e /Applications/STM32CubeIDE.app/Contents/Eclipse/plugins/com.st.stm32cube.ide.mcu.externaltools.gnu-tools-for-stm32.10.3-2021.10.macos64_1.0.100.202210260954/tools/bin/../lib/gcc/arm-none-eabi/10.3.1/thumb/v6-m/nofp/crti.o
 .ARM.attributes
                0x000000000000001e       0x2c /Applications/STM32CubeIDE.app/Contents/Eclipse/plugins/com.st.stm32cube.ide.mcu.externaltools.gnu-tools-for-stm32.10.3-2021.10.macos64_1.0.100.202210260954/tools/bin/../lib/gcc/arm-none-eabi/10.3.1/thumb/v6-m/nofp/crtbegin.o
 .ARM.attributes
                0x000000000000004a       0x2c ./Core/Src/fatfs_sd.o
 .ARM.attributes
                0x0000000000000076       0x2c ./Core/Src/main.o
 .ARM.attributes
                0x00000000000000a2       0x2c ./Core/Src/stm32f0xx_hal_msp.o
 .ARM.attributes
                0x00000000000000ce       0x2c ./Core/Src/stm32f0xx_it.o
 .ARM.attributes
                0x00000000000000fa       0x2c ./Core/Src/sysmem.o
 .ARM.attributes
                0x0000000000000126       0x2c ./Core/Src/system_stm32f0xx.o
 .ARM.attributes
                0x0000000000000152       0x21 ./Core/Startup/startup_stm32f030c8tx.o
 .ARM.attributes
                0x0000000000000173       0x2c ./Drivers/STM32F0xx_HAL_Driver/Src/stm32f0xx_hal.o
 .ARM.attributes
                0x000000000000019f       0x2c ./Drivers/STM32F0xx_HAL_Driver/Src/stm32f0xx_hal_adc.o
 .ARM.attributes
                0x00000000000001cb       0x2c ./Drivers/STM32F0xx_HAL_Driver/Src/stm32f0xx_hal_cortex.o
 .ARM.attributes
                0x00000000000001f7       0x2c ./Drivers/STM32F0xx_HAL_Driver/Src/stm32f0xx_hal_gpio.o
 .ARM.attributes
                0x0000000000000223       0x2c ./Drivers/STM32F0xx_HAL_Driver/Src/stm32f0xx_hal_i2c.o
 .ARM.attributes
                0x000000000000024f       0x2c ./Drivers/STM32F0xx_HAL_Driver/Src/stm32f0xx_hal_i2c_ex.o
 .ARM.attributes
                0x000000000000027b       0x2c ./Drivers/STM32F0xx_HAL_Driver/Src/stm32f0xx_hal_rcc.o
 .ARM.attributes
                0x00000000000002a7       0x2c ./Drivers/STM32F0xx_HAL_Driver/Src/stm32f0xx_hal_rcc_ex.o
 .ARM.attributes
                0x00000000000002d3       0x2c ./Drivers/STM32F0xx_HAL_Driver/Src/stm32f0xx_hal_spi.o
 .ARM.attributes
                0x00000000000002ff       0x2c ./Drivers/STM32F0xx_HAL_Driver/Src/stm32f0xx_hal_uart.o
 .ARM.attributes
                0x000000000000032b       0x2c ./FATFS/App/fatfs.o
 .ARM.attributes
                0x0000000000000357       0x2c ./FATFS/Target/user_diskio.o
 .ARM.attributes
                0x0000000000000383       0x2c ./ILI9488_driver/app.o
 .ARM.attributes
                0x00000000000003af       0x2c ./ILI9488_driver/file.o
 .ARM.attributes
                0x00000000000003db       0x2c ./ILI9488_driver/ili9488.o
 .ARM.attributes
                0x0000000000000407       0x2c ./ILI9488_driver/uart.o
 .ARM.attributes
                0x0000000000000433       0x2c ./Middlewares/Third_Party/FatFs/src/diskio.o
 .ARM.attributes
                0x000000000000045f       0x2c ./Middlewares/Third_Party/FatFs/src/ff.o
 .ARM.attributes
                0x000000000000048b       0x2c ./Middlewares/Third_Party/FatFs/src/ff_gen_drv.o
 .ARM.attributes
                0x00000000000004b7       0x2c ./Middlewares/Third_Party/FatFs/src/option/ccsbcs.o
 .ARM.attributes
                0x00000000000004e3       0x2c /Applications/STM32CubeIDE.app/Contents/Eclipse/plugins/com.st.stm32cube.ide.mcu.externaltools.gnu-tools-for-stm32.10.3-2021.10.macos64_1.0.100.202210260954/tools/bin/../lib/gcc/arm-none-eabi/10.3.1/../../../../arm-none-eabi/lib/thumb/v6-m/nofp/libc_nano.a(lib_a-errno.o)
 .ARM.attributes
                0x000000000000050f       0x2c /Applications/STM32CubeIDE.app/Contents/Eclipse/plugins/com.st.stm32cube.ide.mcu.externaltools.gnu-tools-for-stm32.10.3-2021.10.macos64_1.0.100.202210260954/tools/bin/../lib/gcc/arm-none-eabi/10.3.1/../../../../arm-none-eabi/lib/thumb/v6-m/nofp/libc_nano.a(lib_a-impure.o)
 .ARM.attributes
                0x000000000000053b       0x2c /Applications/STM32CubeIDE.app/Contents/Eclipse/plugins/com.st.stm32cube.ide.mcu.externaltools.gnu-tools-for-stm32.10.3-2021.10.macos64_1.0.100.202210260954/tools/bin/../lib/gcc/arm-none-eabi/10.3.1/../../../../arm-none-eabi/lib/thumb/v6-m/nofp/libc_nano.a(lib_a-init.o)
 .ARM.attributes
                0x0000000000000567       0x2c /Applications/STM32CubeIDE.app/Contents/Eclipse/plugins/com.st.stm32cube.ide.mcu.externaltools.gnu-tools-for-stm32.10.3-2021.10.macos64_1.0.100.202210260954/tools/bin/../lib/gcc/arm-none-eabi/10.3.1/../../../../arm-none-eabi/lib/thumb/v6-m/nofp/libc_nano.a(lib_a-memset.o)
 .ARM.attributes
                0x0000000000000593       0x2c /Applications/STM32CubeIDE.app/Contents/Eclipse/plugins/com.st.stm32cube.ide.mcu.externaltools.gnu-tools-for-stm32.10.3-2021.10.macos64_1.0.100.202210260954/tools/bin/../lib/gcc/arm-none-eabi/10.3.1/../../../../arm-none-eabi/lib/thumb/v6-m/nofp/libc_nano.a(lib_a-sprintf.o)
 .ARM.attributes
                0x00000000000005bf       0x2c /Applications/STM32CubeIDE.app/Contents/Eclipse/plugins/com.st.stm32cube.ide.mcu.externaltools.gnu-tools-for-stm32.10.3-2021.10.macos64_1.0.100.202210260954/tools/bin/../lib/gcc/arm-none-eabi/10.3.1/../../../../arm-none-eabi/lib/thumb/v6-m/nofp/libc_nano.a(lib_a-nano-svfprintf.o)
 .ARM.attributes
                0x00000000000005eb       0x2c /Applications/STM32CubeIDE.app/Contents/Eclipse/plugins/com.st.stm32cube.ide.mcu.externaltools.gnu-tools-for-stm32.10.3-2021.10.macos64_1.0.100.202210260954/tools/bin/../lib/gcc/arm-none-eabi/10.3.1/../../../../arm-none-eabi/lib/thumb/v6-m/nofp/libc_nano.a(lib_a-nano-vfprintf_i.o)
 .ARM.attributes
                0x0000000000000617       0x2c /Applications/STM32CubeIDE.app/Contents/Eclipse/plugins/com.st.stm32cube.ide.mcu.externaltools.gnu-tools-for-stm32.10.3-2021.10.macos64_1.0.100.202210260954/tools/bin/../lib/gcc/arm-none-eabi/10.3.1/../../../../arm-none-eabi/lib/thumb/v6-m/nofp/libc_nano.a(lib_a-memchr-stub.o)
 .ARM.attributes
                0x0000000000000643       0x2c /Applications/STM32CubeIDE.app/Contents/Eclipse/plugins/com.st.stm32cube.ide.mcu.externaltools.gnu-tools-for-stm32.10.3-2021.10.macos64_1.0.100.202210260954/tools/bin/../lib/gcc/arm-none-eabi/10.3.1/../../../../arm-none-eabi/lib/thumb/v6-m/nofp/libc_nano.a(lib_a-memcpy-stub.o)
 .ARM.attributes
                0x000000000000066f       0x2c /Applications/STM32CubeIDE.app/Contents/Eclipse/plugins/com.st.stm32cube.ide.mcu.externaltools.gnu-tools-for-stm32.10.3-2021.10.macos64_1.0.100.202210260954/tools/bin/../lib/gcc/arm-none-eabi/10.3.1/../../../../arm-none-eabi/lib/thumb/v6-m/nofp/libc_nano.a(lib_a-memmove.o)
 .ARM.attributes
                0x000000000000069b       0x2c /Applications/STM32CubeIDE.app/Contents/Eclipse/plugins/com.st.stm32cube.ide.mcu.externaltools.gnu-tools-for-stm32.10.3-2021.10.macos64_1.0.100.202210260954/tools/bin/../lib/gcc/arm-none-eabi/10.3.1/../../../../arm-none-eabi/lib/thumb/v6-m/nofp/libc_nano.a(lib_a-nano-freer.o)
 .ARM.attributes
                0x00000000000006c7       0x2c /Applications/STM32CubeIDE.app/Contents/Eclipse/plugins/com.st.stm32cube.ide.mcu.externaltools.gnu-tools-for-stm32.10.3-2021.10.macos64_1.0.100.202210260954/tools/bin/../lib/gcc/arm-none-eabi/10.3.1/../../../../arm-none-eabi/lib/thumb/v6-m/nofp/libc_nano.a(lib_a-nano-mallocr.o)
 .ARM.attributes
                0x00000000000006f3       0x2c /Applications/STM32CubeIDE.app/Contents/Eclipse/plugins/com.st.stm32cube.ide.mcu.externaltools.gnu-tools-for-stm32.10.3-2021.10.macos64_1.0.100.202210260954/tools/bin/../lib/gcc/arm-none-eabi/10.3.1/../../../../arm-none-eabi/lib/thumb/v6-m/nofp/libc_nano.a(lib_a-nano-reallocr.o)
 .ARM.attributes
                0x000000000000071f       0x2c /Applications/STM32CubeIDE.app/Contents/Eclipse/plugins/com.st.stm32cube.ide.mcu.externaltools.gnu-tools-for-stm32.10.3-2021.10.macos64_1.0.100.202210260954/tools/bin/../lib/gcc/arm-none-eabi/10.3.1/../../../../arm-none-eabi/lib/thumb/v6-m/nofp/libc_nano.a(lib_a-sbrkr.o)
 .ARM.attributes
                0x000000000000074b       0x2c /Applications/STM32CubeIDE.app/Contents/Eclipse/plugins/com.st.stm32cube.ide.mcu.externaltools.gnu-tools-for-stm32.10.3-2021.10.macos64_1.0.100.202210260954/tools/bin/../lib/gcc/arm-none-eabi/10.3.1/../../../../arm-none-eabi/lib/thumb/v6-m/nofp/libc_nano.a(lib_a-mlock.o)
 .ARM.attributes
                0x0000000000000777       0x2c /Applications/STM32CubeIDE.app/Contents/Eclipse/plugins/com.st.stm32cube.ide.mcu.externaltools.gnu-tools-for-stm32.10.3-2021.10.macos64_1.0.100.202210260954/tools/bin/../lib/gcc/arm-none-eabi/10.3.1/../../../../arm-none-eabi/lib/thumb/v6-m/nofp/libc_nano.a(lib_a-nano-msizer.o)
 .ARM.attributes
                0x00000000000007a3       0x2c /Applications/STM32CubeIDE.app/Contents/Eclipse/plugins/com.st.stm32cube.ide.mcu.externaltools.gnu-tools-for-stm32.10.3-2021.10.macos64_1.0.100.202210260954/tools/bin/../lib/gcc/arm-none-eabi/10.3.1/../../../../arm-none-eabi/lib/thumb/v6-m/nofp/libc_nano.a(lib_a-reent.o)
 .ARM.attributes
                0x00000000000007cf       0x2c /Applications/STM32CubeIDE.app/Contents/Eclipse/plugins/com.st.stm32cube.ide.mcu.externaltools.gnu-tools-for-stm32.10.3-2021.10.macos64_1.0.100.202210260954/tools/bin/../lib/gcc/arm-none-eabi/10.3.1/../../../../arm-none-eabi/lib/thumb/v6-m/nofp/libc_nano.a(lib_a-lock.o)
 .ARM.attributes
                0x00000000000007fb       0x1e /Applications/STM32CubeIDE.app/Contents/Eclipse/plugins/com.st.stm32cube.ide.mcu.externaltools.gnu-tools-for-stm32.10.3-2021.10.macos64_1.0.100.202210260954/tools/bin/../lib/gcc/arm-none-eabi/10.3.1/thumb/v6-m/nofp/libgcc.a(_thumb1_case_shi.o)
 .ARM.attributes
                0x0000000000000819       0x1e /Applications/STM32CubeIDE.app/Contents/Eclipse/plugins/com.st.stm32cube.ide.mcu.externaltools.gnu-tools-for-stm32.10.3-2021.10.macos64_1.0.100.202210260954/tools/bin/../lib/gcc/arm-none-eabi/10.3.1/thumb/v6-m/nofp/libgcc.a(_udivsi3.o)
 .ARM.attributes
                0x0000000000000837       0x1e /Applications/STM32CubeIDE.app/Contents/Eclipse/plugins/com.st.stm32cube.ide.mcu.externaltools.gnu-tools-for-stm32.10.3-2021.10.macos64_1.0.100.202210260954/tools/bin/../lib/gcc/arm-none-eabi/10.3.1/thumb/v6-m/nofp/libgcc.a(_dvmd_tls.o)
 .ARM.attributes
                0x0000000000000855       0x2c /Applications/STM32CubeIDE.app/Contents/Eclipse/plugins/com.st.stm32cube.ide.mcu.externaltools.gnu-tools-for-stm32.10.3-2021.10.macos64_1.0.100.202210260954/tools/bin/../lib/gcc/arm-none-eabi/10.3.1/thumb/v6-m/nofp/libgcc.a(_fixunsdfsi.o)
 .ARM.attributes
                0x0000000000000881       0x2c /Applications/STM32CubeIDE.app/Contents/Eclipse/plugins/com.st.stm32cube.ide.mcu.externaltools.gnu-tools-for-stm32.10.3-2021.10.macos64_1.0.100.202210260954/tools/bin/../lib/gcc/arm-none-eabi/10.3.1/thumb/v6-m/nofp/libgcc.a(divdf3.o)
 .ARM.attributes
                0x00000000000008ad       0x2c /Applications/STM32CubeIDE.app/Contents/Eclipse/plugins/com.st.stm32cube.ide.mcu.externaltools.gnu-tools-for-stm32.10.3-2021.10.macos64_1.0.100.202210260954/tools/bin/../lib/gcc/arm-none-eabi/10.3.1/thumb/v6-m/nofp/libgcc.a(muldf3.o)
 .ARM.attributes
                0x00000000000008d9       0x2c /Applications/STM32CubeIDE.app/Contents/Eclipse/plugins/com.st.stm32cube.ide.mcu.externaltools.gnu-tools-for-stm32.10.3-2021.10.macos64_1.0.100.202210260954/tools/bin/../lib/gcc/arm-none-eabi/10.3.1/thumb/v6-m/nofp/libgcc.a(subdf3.o)
 .ARM.attributes
                0x0000000000000905       0x2c /Applications/STM32CubeIDE.app/Contents/Eclipse/plugins/com.st.stm32cube.ide.mcu.externaltools.gnu-tools-for-stm32.10.3-2021.10.macos64_1.0.100.202210260954/tools/bin/../lib/gcc/arm-none-eabi/10.3.1/thumb/v6-m/nofp/libgcc.a(fixdfsi.o)
 .ARM.attributes
                0x0000000000000931       0x2c /Applications/STM32CubeIDE.app/Contents/Eclipse/plugins/com.st.stm32cube.ide.mcu.externaltools.gnu-tools-for-stm32.10.3-2021.10.macos64_1.0.100.202210260954/tools/bin/../lib/gcc/arm-none-eabi/10.3.1/thumb/v6-m/nofp/libgcc.a(floatunsidf.o)
 .ARM.attributes
                0x000000000000095d       0x1e /Applications/STM32CubeIDE.app/Contents/Eclipse/plugins/com.st.stm32cube.ide.mcu.externaltools.gnu-tools-for-stm32.10.3-2021.10.macos64_1.0.100.202210260954/tools/bin/../lib/gcc/arm-none-eabi/10.3.1/thumb/v6-m/nofp/libgcc.a(_arm_cmpdf2.o)
 .ARM.attributes
                0x000000000000097b       0x1e /Applications/STM32CubeIDE.app/Contents/Eclipse/plugins/com.st.stm32cube.ide.mcu.externaltools.gnu-tools-for-stm32.10.3-2021.10.macos64_1.0.100.202210260954/tools/bin/../lib/gcc/arm-none-eabi/10.3.1/thumb/v6-m/nofp/libgcc.a(_clzsi2.o)
 .ARM.attributes
                0x0000000000000999       0x2c /Applications/STM32CubeIDE.app/Contents/Eclipse/plugins/com.st.stm32cube.ide.mcu.externaltools.gnu-tools-for-stm32.10.3-2021.10.macos64_1.0.100.202210260954/tools/bin/../lib/gcc/arm-none-eabi/10.3.1/thumb/v6-m/nofp/libgcc.a(eqdf2.o)
 .ARM.attributes
                0x00000000000009c5       0x2c /Applications/STM32CubeIDE.app/Contents/Eclipse/plugins/com.st.stm32cube.ide.mcu.externaltools.gnu-tools-for-stm32.10.3-2021.10.macos64_1.0.100.202210260954/tools/bin/../lib/gcc/arm-none-eabi/10.3.1/thumb/v6-m/nofp/libgcc.a(gedf2.o)
 .ARM.attributes
                0x00000000000009f1       0x2c /Applications/STM32CubeIDE.app/Contents/Eclipse/plugins/com.st.stm32cube.ide.mcu.externaltools.gnu-tools-for-stm32.10.3-2021.10.macos64_1.0.100.202210260954/tools/bin/../lib/gcc/arm-none-eabi/10.3.1/thumb/v6-m/nofp/libgcc.a(ledf2.o)
 .ARM.attributes
                0x0000000000000a1d       0x1e /Applications/STM32CubeIDE.app/Contents/Eclipse/plugins/com.st.stm32cube.ide.mcu.externaltools.gnu-tools-for-stm32.10.3-2021.10.macos64_1.0.100.202210260954/tools/bin/../lib/gcc/arm-none-eabi/10.3.1/thumb/v6-m/nofp/crtn.o
OUTPUT(TFTdispolay_Rev0.elf elf32-littlearm)
LOAD linker stubs
LOAD /Applications/STM32CubeIDE.app/Contents/Eclipse/plugins/com.st.stm32cube.ide.mcu.externaltools.gnu-tools-for-stm32.10.3-2021.10.macos64_1.0.100.202210260954/tools/bin/../lib/gcc/arm-none-eabi/10.3.1/../../../../arm-none-eabi/lib/thumb/v6-m/nofp/libc.a
LOAD /Applications/STM32CubeIDE.app/Contents/Eclipse/plugins/com.st.stm32cube.ide.mcu.externaltools.gnu-tools-for-stm32.10.3-2021.10.macos64_1.0.100.202210260954/tools/bin/../lib/gcc/arm-none-eabi/10.3.1/../../../../arm-none-eabi/lib/thumb/v6-m/nofp/libm.a
LOAD /Applications/STM32CubeIDE.app/Contents/Eclipse/plugins/com.st.stm32cube.ide.mcu.externaltools.gnu-tools-for-stm32.10.3-2021.10.macos64_1.0.100.202210260954/tools/bin/../lib/gcc/arm-none-eabi/10.3.1/thumb/v6-m/nofp/libgcc.a

.debug_info     0x0000000000000000    0x1358d
 .debug_info    0x0000000000000000      0xb9c ./Core/Src/fatfs_sd.o
 .debug_info    0x0000000000000b9c     0x1579 ./Core/Src/main.o
 .debug_info    0x0000000000002115     0x1302 ./Core/Src/stm32f0xx_hal_msp.o
 .debug_info    0x0000000000003417      0x10a ./Core/Src/stm32f0xx_it.o
 .debug_info    0x0000000000003521      0x171 ./Core/Src/sysmem.o
 .debug_info    0x0000000000003692      0x269 ./Core/Src/system_stm32f0xx.o
 .debug_info    0x00000000000038fb       0x22 ./Core/Startup/startup_stm32f030c8tx.o
 .debug_info    0x000000000000391d      0x6bb ./Drivers/STM32F0xx_HAL_Driver/Src/stm32f0xx_hal.o
 .debug_info    0x0000000000003fd8      0xcf3 ./Drivers/STM32F0xx_HAL_Driver/Src/stm32f0xx_hal_adc.o
 .debug_info    0x0000000000004ccb      0x6f9 ./Drivers/STM32F0xx_HAL_Driver/Src/stm32f0xx_hal_cortex.o
 .debug_info    0x00000000000053c4      0x613 ./Drivers/STM32F0xx_HAL_Driver/Src/stm32f0xx_hal_gpio.o
 .debug_info    0x00000000000059d7     0x2149 ./Drivers/STM32F0xx_HAL_Driver/Src/stm32f0xx_hal_i2c.o
 .debug_info    0x0000000000007b20      0x845 ./Drivers/STM32F0xx_HAL_Driver/Src/stm32f0xx_hal_i2c_ex.o
 .debug_info    0x0000000000008365      0x888 ./Drivers/STM32F0xx_HAL_Driver/Src/stm32f0xx_hal_rcc.o
 .debug_info    0x0000000000008bed      0x37b ./Drivers/STM32F0xx_HAL_Driver/Src/stm32f0xx_hal_rcc_ex.o
 .debug_info    0x0000000000008f68     0x1769 ./Drivers/STM32F0xx_HAL_Driver/Src/stm32f0xx_hal_spi.o
 .debug_info    0x000000000000a6d1     0x3b92 ./Drivers/STM32F0xx_HAL_Driver/Src/stm32f0xx_hal_uart.o
 .debug_info    0x000000000000e263      0x52c ./FATFS/App/fatfs.o
 .debug_info    0x000000000000e78f      0x3d2 ./FATFS/Target/user_diskio.o
 .debug_info    0x000000000000eb61       0xf0 ./ILI9488_driver/app.o
 .debug_info    0x000000000000ec51      0xd8c ./ILI9488_driver/file.o
 .debug_info    0x000000000000f9dd      0x3f2 ./ILI9488_driver/ili9488.o
 .debug_info    0x000000000000fdcf      0x772 ./ILI9488_driver/uart.o
 .debug_info    0x0000000000010541      0x40d ./Middlewares/Third_Party/FatFs/src/diskio.o
 .debug_info    0x000000000001094e     0x271e ./Middlewares/Third_Party/FatFs/src/ff.o
 .debug_info    0x000000000001306c      0x3a4 ./Middlewares/Third_Party/FatFs/src/ff_gen_drv.o
 .debug_info    0x0000000000013410      0x17d ./Middlewares/Third_Party/FatFs/src/option/ccsbcs.o

.debug_abbrev   0x0000000000000000     0x2f41
 .debug_abbrev  0x0000000000000000      0x2aa ./Core/Src/fatfs_sd.o
 .debug_abbrev  0x00000000000002aa      0x2a3 ./Core/Src/main.o
 .debug_abbrev  0x000000000000054d      0x1dd ./Core/Src/stm32f0xx_hal_msp.o
 .debug_abbrev  0x000000000000072a       0x96 ./Core/Src/stm32f0xx_it.o
 .debug_abbrev  0x00000000000007c0       0xbb ./Core/Src/sysmem.o
 .debug_abbrev  0x000000000000087b      0x116 ./Core/Src/system_stm32f0xx.o
 .debug_abbrev  0x0000000000000991       0x12 ./Core/Startup/startup_stm32f030c8tx.o
 .debug_abbrev  0x00000000000009a3      0x23f ./Drivers/STM32F0xx_HAL_Driver/Src/stm32f0xx_hal.o
 .debug_abbrev  0x0000000000000be2      0x203 ./Drivers/STM32F0xx_HAL_Driver/Src/stm32f0xx_hal_adc.o
 .debug_abbrev  0x0000000000000de5      0x283 ./Drivers/STM32F0xx_HAL_Driver/Src/stm32f0xx_hal_cortex.o
 .debug_abbrev  0x0000000000001068      0x1bb ./Drivers/STM32F0xx_HAL_Driver/Src/stm32f0xx_hal_gpio.o
 .debug_abbrev  0x0000000000001223      0x254 ./Drivers/STM32F0xx_HAL_Driver/Src/stm32f0xx_hal_i2c.o
 .debug_abbrev  0x0000000000001477      0x1c1 ./Drivers/STM32F0xx_HAL_Driver/Src/stm32f0xx_hal_i2c_ex.o
 .debug_abbrev  0x0000000000001638      0x283 ./Drivers/STM32F0xx_HAL_Driver/Src/stm32f0xx_hal_rcc.o
 .debug_abbrev  0x00000000000018bb      0x169 ./Drivers/STM32F0xx_HAL_Driver/Src/stm32f0xx_hal_rcc_ex.o
 .debug_abbrev  0x0000000000001a24      0x254 ./Drivers/STM32F0xx_HAL_Driver/Src/stm32f0xx_hal_spi.o
 .debug_abbrev  0x0000000000001c78      0x2b6 ./Drivers/STM32F0xx_HAL_Driver/Src/stm32f0xx_hal_uart.o
 .debug_abbrev  0x0000000000001f2e      0x19a ./FATFS/App/fatfs.o
 .debug_abbrev  0x00000000000020c8      0x13f ./FATFS/Target/user_diskio.o
 .debug_abbrev  0x0000000000002207       0xcd ./ILI9488_driver/app.o
 .debug_abbrev  0x00000000000022d4      0x281 ./ILI9488_driver/file.o
 .debug_abbrev  0x0000000000002555      0x186 ./ILI9488_driver/ili9488.o
 .debug_abbrev  0x00000000000026db      0x1b8 ./ILI9488_driver/uart.o
 .debug_abbrev  0x0000000000002893      0x178 ./Middlewares/Third_Party/FatFs/src/diskio.o
 .debug_abbrev  0x0000000000002a0b      0x2cd ./Middlewares/Third_Party/FatFs/src/ff.o
 .debug_abbrev  0x0000000000002cd8      0x196 ./Middlewares/Third_Party/FatFs/src/ff_gen_drv.o
 .debug_abbrev  0x0000000000002e6e       0xd3 ./Middlewares/Third_Party/FatFs/src/option/ccsbcs.o

.debug_aranges  0x0000000000000000     0x10d0
 .debug_aranges
                0x0000000000000000       0xa8 ./Core/Src/fatfs_sd.o
 .debug_aranges
                0x00000000000000a8       0x60 ./Core/Src/main.o
 .debug_aranges
                0x0000000000000108       0x60 ./Core/Src/stm32f0xx_hal_msp.o
 .debug_aranges
                0x0000000000000168       0x40 ./Core/Src/stm32f0xx_it.o
 .debug_aranges
                0x00000000000001a8       0x20 ./Core/Src/sysmem.o
 .debug_aranges
                0x00000000000001c8       0x28 ./Core/Src/system_stm32f0xx.o
 .debug_aranges
                0x00000000000001f0       0x28 ./Core/Startup/startup_stm32f030c8tx.o
 .debug_aranges
                0x0000000000000218       0xd0 ./Drivers/STM32F0xx_HAL_Driver/Src/stm32f0xx_hal.o
 .debug_aranges
                0x00000000000002e8       0xf8 ./Drivers/STM32F0xx_HAL_Driver/Src/stm32f0xx_hal_adc.o
 .debug_aranges
                0x00000000000003e0       0xc0 ./Drivers/STM32F0xx_HAL_Driver/Src/stm32f0xx_hal_cortex.o
 .debug_aranges
                0x00000000000004a0       0x58 ./Drivers/STM32F0xx_HAL_Driver/Src/stm32f0xx_hal_gpio.o
 .debug_aranges
                0x00000000000004f8      0x290 ./Drivers/STM32F0xx_HAL_Driver/Src/stm32f0xx_hal_i2c.o
 .debug_aranges
                0x0000000000000788       0x38 ./Drivers/STM32F0xx_HAL_Driver/Src/stm32f0xx_hal_i2c_ex.o
 .debug_aranges
                0x00000000000007c0       0x80 ./Drivers/STM32F0xx_HAL_Driver/Src/stm32f0xx_hal_rcc.o
 .debug_aranges
                0x0000000000000840       0x30 ./Drivers/STM32F0xx_HAL_Driver/Src/stm32f0xx_hal_rcc_ex.o
 .debug_aranges
                0x0000000000000870      0x1d8 ./Drivers/STM32F0xx_HAL_Driver/Src/stm32f0xx_hal_spi.o
 .debug_aranges
                0x0000000000000a48      0x218 ./Drivers/STM32F0xx_HAL_Driver/Src/stm32f0xx_hal_uart.o
 .debug_aranges
                0x0000000000000c60       0x28 ./FATFS/App/fatfs.o
 .debug_aranges
                0x0000000000000c88       0x40 ./FATFS/Target/user_diskio.o
 .debug_aranges
                0x0000000000000cc8       0x28 ./ILI9488_driver/app.o
 .debug_aranges
                0x0000000000000cf0       0x30 ./ILI9488_driver/file.o
 .debug_aranges
                0x0000000000000d20       0xc0 ./ILI9488_driver/ili9488.o
 .debug_aranges
                0x0000000000000de0       0x30 ./ILI9488_driver/uart.o
 .debug_aranges
                0x0000000000000e10       0x48 ./Middlewares/Third_Party/FatFs/src/diskio.o
 .debug_aranges
                0x0000000000000e58      0x210 ./Middlewares/Third_Party/FatFs/src/ff.o
 .debug_aranges
                0x0000000000001068       0x40 ./Middlewares/Third_Party/FatFs/src/ff_gen_drv.o
 .debug_aranges
                0x00000000000010a8       0x28 ./Middlewares/Third_Party/FatFs/src/option/ccsbcs.o

.debug_ranges   0x0000000000000000      0xf58
 .debug_ranges  0x0000000000000000       0x98 ./Core/Src/fatfs_sd.o
 .debug_ranges  0x0000000000000098       0x50 ./Core/Src/main.o
 .debug_ranges  0x00000000000000e8       0x50 ./Core/Src/stm32f0xx_hal_msp.o
 .debug_ranges  0x0000000000000138       0x30 ./Core/Src/stm32f0xx_it.o
 .debug_ranges  0x0000000000000168       0x10 ./Core/Src/sysmem.o
 .debug_ranges  0x0000000000000178       0x18 ./Core/Src/system_stm32f0xx.o
 .debug_ranges  0x0000000000000190       0x20 ./Core/Startup/startup_stm32f030c8tx.o
 .debug_ranges  0x00000000000001b0       0xc0 ./Drivers/STM32F0xx_HAL_Driver/Src/stm32f0xx_hal.o
 .debug_ranges  0x0000000000000270       0xe8 ./Drivers/STM32F0xx_HAL_Driver/Src/stm32f0xx_hal_adc.o
 .debug_ranges  0x0000000000000358       0xb0 ./Drivers/STM32F0xx_HAL_Driver/Src/stm32f0xx_hal_cortex.o
 .debug_ranges  0x0000000000000408       0x48 ./Drivers/STM32F0xx_HAL_Driver/Src/stm32f0xx_hal_gpio.o
 .debug_ranges  0x0000000000000450      0x280 ./Drivers/STM32F0xx_HAL_Driver/Src/stm32f0xx_hal_i2c.o
 .debug_ranges  0x00000000000006d0       0x28 ./Drivers/STM32F0xx_HAL_Driver/Src/stm32f0xx_hal_i2c_ex.o
 .debug_ranges  0x00000000000006f8       0x70 ./Drivers/STM32F0xx_HAL_Driver/Src/stm32f0xx_hal_rcc.o
 .debug_ranges  0x0000000000000768       0x20 ./Drivers/STM32F0xx_HAL_Driver/Src/stm32f0xx_hal_rcc_ex.o
 .debug_ranges  0x0000000000000788      0x1c8 ./Drivers/STM32F0xx_HAL_Driver/Src/stm32f0xx_hal_spi.o
 .debug_ranges  0x0000000000000950      0x238 ./Drivers/STM32F0xx_HAL_Driver/Src/stm32f0xx_hal_uart.o
 .debug_ranges  0x0000000000000b88       0x18 ./FATFS/App/fatfs.o
 .debug_ranges  0x0000000000000ba0       0x30 ./FATFS/Target/user_diskio.o
 .debug_ranges  0x0000000000000bd0       0x18 ./ILI9488_driver/app.o
 .debug_ranges  0x0000000000000be8       0x20 ./ILI9488_driver/file.o
 .debug_ranges  0x0000000000000c08       0xb0 ./ILI9488_driver/ili9488.o
 .debug_ranges  0x0000000000000cb8       0x20 ./ILI9488_driver/uart.o
 .debug_ranges  0x0000000000000cd8       0x38 ./Middlewares/Third_Party/FatFs/src/diskio.o
 .debug_ranges  0x0000000000000d10      0x200 ./Middlewares/Third_Party/FatFs/src/ff.o
 .debug_ranges  0x0000000000000f10       0x30 ./Middlewares/Third_Party/FatFs/src/ff_gen_drv.o
 .debug_ranges  0x0000000000000f40       0x18 ./Middlewares/Third_Party/FatFs/src/option/ccsbcs.o

.debug_macro    0x0000000000000000    0x13746
 .debug_macro   0x0000000000000000      0x20a ./Core/Src/fatfs_sd.o
 .debug_macro   0x000000000000020a      0xa4e ./Core/Src/fatfs_sd.o
 .debug_macro   0x0000000000000c58      0x139 ./Core/Src/fatfs_sd.o
 .debug_macro   0x0000000000000d91       0x2e ./Core/Src/fatfs_sd.o
 .debug_macro   0x0000000000000dbf       0x22 ./Core/Src/fatfs_sd.o
 .debug_macro   0x0000000000000de1       0x22 ./Core/Src/fatfs_sd.o
 .debug_macro   0x0000000000000e03       0x8e ./Core/Src/fatfs_sd.o
 .debug_macro   0x0000000000000e91       0x51 ./Core/Src/fatfs_sd.o
 .debug_macro   0x0000000000000ee2      0x103 ./Core/Src/fatfs_sd.o
 .debug_macro   0x0000000000000fe5       0x6a ./Core/Src/fatfs_sd.o
 .debug_macro   0x000000000000104f      0x1df ./Core/Src/fatfs_sd.o
 .debug_macro   0x000000000000122e       0x1c ./Core/Src/fatfs_sd.o
 .debug_macro   0x000000000000124a       0x22 ./Core/Src/fatfs_sd.o
 .debug_macro   0x000000000000126c       0xaf ./Core/Src/fatfs_sd.o
 .debug_macro   0x000000000000131b      0x391 ./Core/Src/fatfs_sd.o
 .debug_macro   0x00000000000016ac     0x6f40 ./Core/Src/fatfs_sd.o
 .debug_macro   0x00000000000085ec       0x66 ./Core/Src/fatfs_sd.o
 .debug_macro   0x0000000000008652     0x34a6 ./Core/Src/fatfs_sd.o
 .debug_macro   0x000000000000baf8      0x174 ./Core/Src/fatfs_sd.o
 .debug_macro   0x000000000000bc6c       0x55 ./Core/Src/fatfs_sd.o
 .debug_macro   0x000000000000bcc1      0x924 ./Core/Src/fatfs_sd.o
 .debug_macro   0x000000000000c5e5      0x17f ./Core/Src/fatfs_sd.o
 .debug_macro   0x000000000000c764      0x1af ./Core/Src/fatfs_sd.o
 .debug_macro   0x000000000000c913       0xd9 ./Core/Src/fatfs_sd.o
 .debug_macro   0x000000000000c9ec      0x1a0 ./Core/Src/fatfs_sd.o
 .debug_macro   0x000000000000cb8c      0x1ed ./Core/Src/fatfs_sd.o
 .debug_macro   0x000000000000cd79       0x34 ./Core/Src/fatfs_sd.o
 .debug_macro   0x000000000000cdad       0x43 ./Core/Src/fatfs_sd.o
 .debug_macro   0x000000000000cdf0       0x28 ./Core/Src/fatfs_sd.o
 .debug_macro   0x000000000000ce18      0x33d ./Core/Src/fatfs_sd.o
 .debug_macro   0x000000000000d155       0xc2 ./Core/Src/fatfs_sd.o
 .debug_macro   0x000000000000d217       0xb0 ./Core/Src/fatfs_sd.o
 .debug_macro   0x000000000000d2c7      0x199 ./Core/Src/fatfs_sd.o
 .debug_macro   0x000000000000d460      0x22c ./Core/Src/fatfs_sd.o
 .debug_macro   0x000000000000d68c       0x61 ./Core/Src/fatfs_sd.o
 .debug_macro   0x000000000000d6ed       0xa5 ./Core/Src/fatfs_sd.o
 .debug_macro   0x000000000000d792       0x4c ./Core/Src/fatfs_sd.o
 .debug_macro   0x000000000000d7de       0x2b ./Core/Src/fatfs_sd.o
 .debug_macro   0x000000000000d809      0x2fe ./Core/Src/fatfs_sd.o
 .debug_macro   0x000000000000db07      0x55f ./Core/Src/fatfs_sd.o
 .debug_macro   0x000000000000e066       0x3e ./Core/Src/fatfs_sd.o
 .debug_macro   0x000000000000e0a4       0xff ./Core/Src/fatfs_sd.o
 .debug_macro   0x000000000000e1a3       0x16 ./Core/Src/fatfs_sd.o
 .debug_macro   0x000000000000e1b9       0x7c ./Core/Src/fatfs_sd.o
 .debug_macro   0x000000000000e235       0x8e ./Core/Src/fatfs_sd.o
 .debug_macro   0x000000000000e2c3      0x3cf ./Core/Src/main.o
 .debug_macro   0x000000000000e692      0x16c ./Core/Src/main.o
 .debug_macro   0x000000000000e7fe       0xde ./Core/Src/main.o
 .debug_macro   0x000000000000e8dc       0xf5 ./Core/Src/main.o
 .debug_macro   0x000000000000e9d1       0x8e ./Core/Src/main.o
 .debug_macro   0x000000000000ea5f       0x2e ./Core/Src/main.o
 .debug_macro   0x000000000000ea8d       0x52 ./Core/Src/main.o
 .debug_macro   0x000000000000eadf       0x18 ./Core/Src/main.o
 .debug_macro   0x000000000000eaf7       0x3c ./Core/Src/main.o
 .debug_macro   0x000000000000eb33       0x34 ./Core/Src/main.o
 .debug_macro   0x000000000000eb67       0x16 ./Core/Src/main.o
 .debug_macro   0x000000000000eb7d       0x35 ./Core/Src/main.o
 .debug_macro   0x000000000000ebb2      0x341 ./Core/Src/main.o
 .debug_macro   0x000000000000eef3       0x10 ./Core/Src/main.o
 .debug_macro   0x000000000000ef03       0x16 ./Core/Src/main.o
 .debug_macro   0x000000000000ef19       0x43 ./Core/Src/main.o
 .debug_macro   0x000000000000ef5c       0x34 ./Core/Src/main.o
 .debug_macro   0x000000000000ef90       0x10 ./Core/Src/main.o
 .debug_macro   0x000000000000efa0       0x58 ./Core/Src/main.o
 .debug_macro   0x000000000000eff8       0x71 ./Core/Src/main.o
 .debug_macro   0x000000000000f069       0x1c ./Core/Src/main.o
 .debug_macro   0x000000000000f085      0x12a ./Core/Src/main.o
 .debug_macro   0x000000000000f1af       0x10 ./Core/Src/main.o
 .debug_macro   0x000000000000f1bf       0x1c ./Core/Src/main.o
 .debug_macro   0x000000000000f1db       0x52 ./Core/Src/main.o
 .debug_macro   0x000000000000f22d       0x22 ./Core/Src/main.o
 .debug_macro   0x000000000000f24f       0x10 ./Core/Src/main.o
 .debug_macro   0x000000000000f25f       0x52 ./Core/Src/main.o
 .debug_macro   0x000000000000f2b1       0xd5 ./Core/Src/main.o
 .debug_macro   0x000000000000f386       0x1c ./Core/Src/main.o
 .debug_macro   0x000000000000f3a2       0x3d ./Core/Src/main.o
 .debug_macro   0x000000000000f3df       0x16 ./Core/Src/main.o
 .debug_macro   0x000000000000f3f5      0x145 ./Core/Src/main.o
 .debug_macro   0x000000000000f53a       0x16 ./Core/Src/main.o
 .debug_macro   0x000000000000f550       0x16 ./Core/Src/main.o
 .debug_macro   0x000000000000f566       0x29 ./Core/Src/main.o
 .debug_macro   0x000000000000f58f      0x1e6 ./Core/Src/stm32f0xx_hal_msp.o
 .debug_macro   0x000000000000f775      0x1f0 ./Core/Src/stm32f0xx_it.o
 .debug_macro   0x000000000000f965       0xff ./Core/Src/sysmem.o
 .debug_macro   0x000000000000fa64      0x23b ./Core/Src/sysmem.o
 .debug_macro   0x000000000000fc9f      0x1d7 ./Core/Src/system_stm32f0xx.o
 .debug_macro   0x000000000000fe76      0x1fb ./Drivers/STM32F0xx_HAL_Driver/Src/stm32f0xx_hal.o
 .debug_macro   0x0000000000010071      0x1fb ./Drivers/STM32F0xx_HAL_Driver/Src/stm32f0xx_hal_adc.o
 .debug_macro   0x000000000001026c      0x1d7 ./Drivers/STM32F0xx_HAL_Driver/Src/stm32f0xx_hal_cortex.o
 .debug_macro   0x0000000000010443      0x1de ./Drivers/STM32F0xx_HAL_Driver/Src/stm32f0xx_hal_gpio.o
 .debug_macro   0x0000000000010621      0x29c ./Drivers/STM32F0xx_HAL_Driver/Src/stm32f0xx_hal_i2c.o
 .debug_macro   0x00000000000108bd      0x1d7 ./Drivers/STM32F0xx_HAL_Driver/Src/stm32f0xx_hal_i2c_ex.o
 .debug_macro   0x0000000000010a94      0x1e9 ./Drivers/STM32F0xx_HAL_Driver/Src/stm32f0xx_hal_rcc.o
 .debug_macro   0x0000000000010c7d      0x1d7 ./Drivers/STM32F0xx_HAL_Driver/Src/stm32f0xx_hal_rcc_ex.o
 .debug_macro   0x0000000000010e54      0x1df ./Drivers/STM32F0xx_HAL_Driver/Src/stm32f0xx_hal_spi.o
 .debug_macro   0x0000000000011033      0x1f4 ./Drivers/STM32F0xx_HAL_Driver/Src/stm32f0xx_hal_uart.o
 .debug_macro   0x0000000000011227      0x239 ./FATFS/App/fatfs.o
 .debug_macro   0x0000000000011460       0xd8 ./FATFS/App/fatfs.o
 .debug_macro   0x0000000000011538      0x2f7 ./FATFS/Target/user_diskio.o
 .debug_macro   0x000000000001182f       0x10 ./FATFS/Target/user_diskio.o
 .debug_macro   0x000000000001183f       0x20 ./FATFS/Target/user_diskio.o
 .debug_macro   0x000000000001185f       0x4f ./FATFS/Target/user_diskio.o
 .debug_macro   0x00000000000118ae      0x3cf ./ILI9488_driver/app.o
 .debug_macro   0x0000000000011c7d       0x97 ./ILI9488_driver/app.o
 .debug_macro   0x0000000000011d14       0xfd ./ILI9488_driver/app.o
 .debug_macro   0x0000000000011e11      0x172 ./ILI9488_driver/app.o
 .debug_macro   0x0000000000011f83       0xee ./ILI9488_driver/app.o
 .debug_macro   0x0000000000012071      0x3cf ./ILI9488_driver/file.o
 .debug_macro   0x0000000000012440      0x3de ./ILI9488_driver/ili9488.o
 .debug_macro   0x000000000001281e       0x34 ./ILI9488_driver/ili9488.o
 .debug_macro   0x0000000000012852      0x3cf ./ILI9488_driver/uart.o
 .debug_macro   0x0000000000012c21      0x226 ./Middlewares/Third_Party/FatFs/src/diskio.o
 .debug_macro   0x0000000000012e47      0x46d ./Middlewares/Third_Party/FatFs/src/ff.o
 .debug_macro   0x00000000000132b4       0x58 ./Middlewares/Third_Party/FatFs/src/ff.o
 .debug_macro   0x000000000001330c      0x226 ./Middlewares/Third_Party/FatFs/src/ff_gen_drv.o
 .debug_macro   0x0000000000013532      0x214 ./Middlewares/Third_Party/FatFs/src/option/ccsbcs.o

.debug_line     0x0000000000000000    0x196fb
 .debug_line    0x0000000000000000      0xe3c ./Core/Src/fatfs_sd.o