../ILI9488_driver/ili9488.c:4:6:ili9488_init	8	static
../ILI9488_driver/ili9488.c:111:6:WriteCommand	16	static
../ILI9488_driver/ili9488.c:121:6:WriteData	16	static
../ILI9488_driver/ili9488.c:131:4:ReadData	16	static
../ILI9488_driver/ili9488.c:153:6:_NOP	8	static
../ILI9488_driver/ili9488.c:154:6:_Reset	8	static
../ILI9488_driver/ili9488.c:155:6:_SleepIn	8	static
../ILI9488_driver/ili9488.c:156:6:_SleepOut	8	static
../ILI9488_driver/ili9488.c:157:6:_PartialMode	8	static
../ILI9488_driver/ili9488.c:158:6:_NormalMode	8	static
../ILI9488_driver/ili9488.c:159:6:_InversionOff	8	static
../ILI9488_driver/ili9488.c:160:6:_InversionOn	8	static
../ILI9488_driver/ili9488.c:161:6:_PxielOff	8	static
../ILI9488_driver/ili9488.c:162:6:_PxielOn	8	static
../ILI9488_driver/ili9488.c:163:6:_DisplayOff	8	static
../ILI9488_driver/ili9488.c:164:6:_DisplayOn	8	static
../ILI9488_driver/ili9488.c:165:6:_Column	16	static
../ILI9488_driver/ili9488.c:166:6:_Page	16	static
../ILI9488_driver/ili9488.c:167:6:_IDLEModeOff	8	static
../ILI9488_driver/ili9488.c:168:6:_IDLEModeOn	8	static
../ILI9488_driver/ili9488.c:171:7:DisplayImage	8	static
